../Drivers/lib_ili9341/tft_ili9341.c:41:6:tft_ili93241_select_chip	8	static
../Drivers/lib_ili9341/tft_ili9341.c:46:6:tft_ili93241_unselect_chip	8	static
../Drivers/lib_ili9341/tft_ili9341.c:51:6:tft_ili9341_init	8	static
../Drivers/lib_ili9341/tft_ili9341.c:63:13:tft_ili93241_gpio_clk_enable	32	static
../Drivers/lib_ili9341/tft_ili9341.c:115:13:tft_ili93241_spi_clk_enable	32	static
../Drivers/lib_ili9341/tft_ili9341.c:166:13:tft_ili9341_gpio_init	32	static
../Drivers/lib_ili9341/tft_ili9341.c:205:13:tft_ili9341_spi_init	8	static
../Drivers/lib_ili9341/tft_ili9341.c:228:13:tft_ili9341_lcd_init	120	static
../Drivers/lib_ili9341/tft_ili9341.c:378:13:tft_ili9341_send_cmd	16	static
../Drivers/lib_ili9341/tft_ili9341.c:384:13:tft_ili9341_send_data	24	static
../Drivers/lib_ili9341/tft_ili9341.c:395:6:tft_ili9341_display_on	8	static
../Drivers/lib_ili9341/tft_ili9341.c:400:6:tft_ili9341_display_off	8	static
../Drivers/lib_ili9341/tft_ili9341.c:405:13:tft_ili9341_set_window	32	static
../Drivers/lib_ili9341/tft_ili9341.c:425:6:tft_ili9341_fill_rectangle	32	static
../Drivers/lib_ili9341/tft_ili9341.c:457:6:tft_ili9341_fill_screen	24	static
../Drivers/lib_ili9341/tft_ili9341.c:462:6:ILI9341_DrawImage	24	static
../Drivers/lib_ili9341/tft_ili9341.c:479:13:tft_ili9341_send_char	48	static
../Drivers/lib_ili9341/tft_ili9341.c:503:6:tft_ili9341_send_str	32	static
