Archive member included to satisfy reference by file (symbol)

c:/st/stm32cubeide_1.10.1/stm32cubeide/plugins/com.st.stm32cube.ide.mcu.externaltools.gnu-tools-for-stm32.10.3-2021.10.win32_1.0.0.202111181127/tools/bin/../lib/gcc/arm-none-eabi/10.3.1/../../../../arm-none-eabi/lib/thumb/v7e-m+fp/hard\libc_nano.a(lib_a-errno.o)
                              ./Bsp/syscalls.o (__errno)
c:/st/stm32cubeide_1.10.1/stm32cubeide/plugins/com.st.stm32cube.ide.mcu.externaltools.gnu-tools-for-stm32.10.3-2021.10.win32_1.0.0.202111181127/tools/bin/../lib/gcc/arm-none-eabi/10.3.1/../../../../arm-none-eabi/lib/thumb/v7e-m+fp/hard\libc_nano.a(lib_a-exit.o)
                              c:/st/stm32cubeide_1.10.1/stm32cubeide/plugins/com.st.stm32cube.ide.mcu.externaltools.gnu-tools-for-stm32.10.3-2021.10.win32_1.0.0.202111181127/tools/bin/../lib/gcc/arm-none-eabi/10.3.1/../../../../arm-none-eabi/lib/thumb/v7e-m+fp/hard/crt0.o (exit)
c:/st/stm32cubeide_1.10.1/stm32cubeide/plugins/com.st.stm32cube.ide.mcu.externaltools.gnu-tools-for-stm32.10.3-2021.10.win32_1.0.0.202111181127/tools/bin/../lib/gcc/arm-none-eabi/10.3.1/../../../../arm-none-eabi/lib/thumb/v7e-m+fp/hard\libc_nano.a(lib_a-impure.o)
                              c:/st/stm32cubeide_1.10.1/stm32cubeide/plugins/com.st.stm32cube.ide.mcu.externaltools.gnu-tools-for-stm32.10.3-2021.10.win32_1.0.0.202111181127/tools/bin/../lib/gcc/arm-none-eabi/10.3.1/../../../../arm-none-eabi/lib/thumb/v7e-m+fp/hard\libc_nano.a(lib_a-exit.o) (_global_impure_ptr)
c:/st/stm32cubeide_1.10.1/stm32cubeide/plugins/com.st.stm32cube.ide.mcu.externaltools.gnu-tools-for-stm32.10.3-2021.10.win32_1.0.0.202111181127/tools/bin/../lib/gcc/arm-none-eabi/10.3.1/../../../../arm-none-eabi/lib/thumb/v7e-m+fp/hard\libc_nano.a(lib_a-init.o)
                              c:/st/stm32cubeide_1.10.1/stm32cubeide/plugins/com.st.stm32cube.ide.mcu.externaltools.gnu-tools-for-stm32.10.3-2021.10.win32_1.0.0.202111181127/tools/bin/../lib/gcc/arm-none-eabi/10.3.1/../../../../arm-none-eabi/lib/thumb/v7e-m+fp/hard/crt0.o (__libc_init_array)
c:/st/stm32cubeide_1.10.1/stm32cubeide/plugins/com.st.stm32cube.ide.mcu.externaltools.gnu-tools-for-stm32.10.3-2021.10.win32_1.0.0.202111181127/tools/bin/../lib/gcc/arm-none-eabi/10.3.1/../../../../arm-none-eabi/lib/thumb/v7e-m+fp/hard\libc_nano.a(lib_a-memcpy-stub.o)
                              ./freeRTOS/queue.o (memcpy)
c:/st/stm32cubeide_1.10.1/stm32cubeide/plugins/com.st.stm32cube.ide.mcu.externaltools.gnu-tools-for-stm32.10.3-2021.10.win32_1.0.0.202111181127/tools/bin/../lib/gcc/arm-none-eabi/10.3.1/../../../../arm-none-eabi/lib/thumb/v7e-m+fp/hard\libc_nano.a(lib_a-memset.o)
                              c:/st/stm32cubeide_1.10.1/stm32cubeide/plugins/com.st.stm32cube.ide.mcu.externaltools.gnu-tools-for-stm32.10.3-2021.10.win32_1.0.0.202111181127/tools/bin/../lib/gcc/arm-none-eabi/10.3.1/../../../../arm-none-eabi/lib/thumb/v7e-m+fp/hard/crt0.o (memset)
c:/st/stm32cubeide_1.10.1/stm32cubeide/plugins/com.st.stm32cube.ide.mcu.externaltools.gnu-tools-for-stm32.10.3-2021.10.win32_1.0.0.202111181127/tools/bin/../lib/gcc/arm-none-eabi/10.3.1/../../../../arm-none-eabi/lib/thumb/v7e-m+fp/hard\libc_nano.a(lib_a-sprintf.o)
                              ./App/Src/display.o (sprintf)
c:/st/stm32cubeide_1.10.1/stm32cubeide/plugins/com.st.stm32cube.ide.mcu.externaltools.gnu-tools-for-stm32.10.3-2021.10.win32_1.0.0.202111181127/tools/bin/../lib/gcc/arm-none-eabi/10.3.1/../../../../arm-none-eabi/lib/thumb/v7e-m+fp/hard\libc_nano.a(lib_a-nano-svfprintf.o)
                              c:/st/stm32cubeide_1.10.1/stm32cubeide/plugins/com.st.stm32cube.ide.mcu.externaltools.gnu-tools-for-stm32.10.3-2021.10.win32_1.0.0.202111181127/tools/bin/../lib/gcc/arm-none-eabi/10.3.1/../../../../arm-none-eabi/lib/thumb/v7e-m+fp/hard\libc_nano.a(lib_a-sprintf.o) (_svfprintf_r)
c:/st/stm32cubeide_1.10.1/stm32cubeide/plugins/com.st.stm32cube.ide.mcu.externaltools.gnu-tools-for-stm32.10.3-2021.10.win32_1.0.0.202111181127/tools/bin/../lib/gcc/arm-none-eabi/10.3.1/../../../../arm-none-eabi/lib/thumb/v7e-m+fp/hard\libc_nano.a(lib_a-nano-vfprintf_i.o)
                              c:/st/stm32cubeide_1.10.1/stm32cubeide/plugins/com.st.stm32cube.ide.mcu.externaltools.gnu-tools-for-stm32.10.3-2021.10.win32_1.0.0.202111181127/tools/bin/../lib/gcc/arm-none-eabi/10.3.1/../../../../arm-none-eabi/lib/thumb/v7e-m+fp/hard\libc_nano.a(lib_a-nano-svfprintf.o) (_printf_i)
c:/st/stm32cubeide_1.10.1/stm32cubeide/plugins/com.st.stm32cube.ide.mcu.externaltools.gnu-tools-for-stm32.10.3-2021.10.win32_1.0.0.202111181127/tools/bin/../lib/gcc/arm-none-eabi/10.3.1/../../../../arm-none-eabi/lib/thumb/v7e-m+fp/hard\libc_nano.a(lib_a-memchr.o)
                              c:/st/stm32cubeide_1.10.1/stm32cubeide/plugins/com.st.stm32cube.ide.mcu.externaltools.gnu-tools-for-stm32.10.3-2021.10.win32_1.0.0.202111181127/tools/bin/../lib/gcc/arm-none-eabi/10.3.1/../../../../arm-none-eabi/lib/thumb/v7e-m+fp/hard\libc_nano.a(lib_a-nano-svfprintf.o) (memchr)
[...]
Memory Configuration

Name             Origin             Length             Attributes
RAM              0x0000000020000000 0x0000000000010000 xrw
FLASH            0x0000000008000000 0x0000000000040000 xr
*default*        0x0000000000000000 0xffffffffffffffff

Linker script and memory map

LOAD c:/st/stm32cubeide_1.10.1/stm32cubeide/plugins/com.st.stm32cube.ide.mcu.externaltools.gnu-tools-for-stm32.10.3-2021.10.win32_1.0.0.202111181127/tools/bin/../lib/gcc/arm-none-eabi/10.3.1/thumb/v7e-m+fp/hard/crti.o
LOAD c:/st/stm32cubeide_1.10.1/stm32cubeide/plugins/com.st.stm32cube.ide.mcu.externaltools.gnu-tools-for-stm32.10.3-2021.10.win32_1.0.0.202111181127/tools/bin/../lib/gcc/arm-none-eabi/10.3.1/thumb/v7e-m+fp/hard/crtbegin.o
LOAD c:/st/stm32cubeide_1.10.1/stm32cubeide/plugins/com.st.stm32cube.ide.mcu.externaltools.gnu-tools-for-stm32.10.3-2021.10.win32_1.0.0.202111181127/tools/bin/../lib/gcc/arm-none-eabi/10.3.1/../../../../arm-none-eabi/lib/thumb/v7e-m+fp/hard/crt0.o
LOAD ./App/Src/display.o
LOAD ./App/Src/main.o
LOAD ./Bsp/buzzer.o
LOAD ./Bsp/console.o
LOAD ./Bsp/it.o
LOAD ./Bsp/msp.o
LOAD ./Bsp/servoMotor.o
LOAD ./Bsp/syscalls.o
LOAD ./Bsp/sysmem.o
LOAD ./Bsp/system_stm32f4xx.o
LOAD ./Bsp/timBase.o
LOAD ./Drivers/STM32F4xx_HAL_Driver/Src/stm32f4xx_hal.o
LOAD ./Drivers/STM32F4xx_HAL_Driver/Src/stm32f4xx_hal_cortex.o
LOAD ./Drivers/STM32F4xx_HAL_Driver/Src/stm32f4xx_hal_dma.o
LOAD ./Drivers/STM32F4xx_HAL_Driver/Src/stm32f4xx_hal_dma_ex.o
LOAD ./Drivers/STM32F4xx_HAL_Driver/Src/stm32f4xx_hal_exti.o
LOAD ./Drivers/STM32F4xx_HAL_Driver/Src/stm32f4xx_hal_flash.o
LOAD ./Drivers/STM32F4xx_HAL_Driver/Src/stm32f4xx_hal_flash_ex.o
LOAD ./Drivers/STM32F4xx_HAL_Driver/Src/stm32f4xx_hal_flash_ramfunc.o
LOAD ./Drivers/STM32F4xx_HAL_Driver/Src/stm32f4xx_hal_gpio.o
LOAD ./Drivers/STM32F4xx_HAL_Driver/Src/stm32f4xx_hal_pwr.o
LOAD ./Drivers/STM32F4xx_HAL_Driver/Src/stm32f4xx_hal_pwr_ex.o
LOAD ./Drivers/STM32F4xx_HAL_Driver/Src/stm32f4xx_hal_rcc.o
LOAD ./Drivers/STM32F4xx_HAL_Driver/Src/stm32f4xx_hal_rcc_ex.o
LOAD ./Drivers/STM32F4xx_HAL_Driver/Src/stm32f4xx_hal_spi.o
LOAD ./Drivers/STM32F4xx_HAL_Driver/Src/stm32f4xx_hal_tim.o
LOAD ./Drivers/STM32F4xx_HAL_Driver/Src/stm32f4xx_hal_tim_ex.o
LOAD ./Drivers/STM32F4xx_HAL_Driver/Src/stm32f4xx_hal_uart.o
LOAD ./Drivers/lib_ili9341/fonts.o
LOAD ./Drivers/lib_ili9341/tft_ili9341.o
LOAD ./Startup/startup_stm32f401ccux.o
LOAD ./freeRTOS/croutine.o
LOAD ./freeRTOS/event_groups.o
LOAD ./freeRTOS/list.o
LOAD ./freeRTOS/queue.o
LOAD ./freeRTOS/stream_buffer.o
LOAD ./freeRTOS/tasks.o
LOAD ./freeRTOS/timers.o
LOAD ./freeRTOS/portable/GCC/ARM_CM4F/port.o
LOAD ./freeRTOS/portable/MemMang/heap_4.o
START GROUP
LOAD c:/st/stm32cubeide_1.10.1/stm32cubeide/plugins/com.st.stm32cube.ide.mcu.externaltools.gnu-tools-for-stm32.10.3-2021.10.win32_1.0.0.202111181127/tools/bin/../lib/gcc/arm-none-eabi/10.3.1/../../../../arm-none-eabi/lib/thumb/v7e-m+fp/hard\libc_nano.a
LOAD c:/st/stm32cubeide_1.10.1/stm32cubeide/plugins/com.st.stm32cube.ide.mcu.externaltools.gnu-tools-for-stm32.10.3-2021.10.win32_1.0.0.202111181127/tools/bin/../lib/gcc/arm-none-eabi/10.3.1/../../../../arm-none-eabi/lib/thumb/v7e-m+fp/hard\libm.a
END GROUP
START GROUP
LOAD c:/st/stm32cubeide_1.10.1/stm32cubeide/plugins/com.st.stm32cube.ide.mcu.externaltools.gnu-tools-for-stm32.10.3-2021.10.win32_1.0.0.202111181127/tools/bin/../lib/gcc/arm-none-eabi/10.3.1/thumb/v7e-m+fp/hard\libgcc.a
LOAD c:/st/stm32cubeide_1.10.1/stm32cubeide/plugins/com.st.stm32cube.ide.mcu.externaltools.gnu-tools-for-stm32.10.3-2021.10.win32_1.0.0.202111181127/tools/bin/../lib/gcc/arm-none-eabi/10.3.1/../../../../arm-none-eabi/lib/thumb/v7e-m+fp/hard\libc_nano.a
END GROUP
START GROUP
LOAD c:/st/stm32cubeide_1.10.1/stm32cubeide/plugins/com.st.stm32cube.ide.mcu.externaltools.gnu-tools-for-stm32.10.3-2021.10.win32_1.0.0.202111181127/tools/bin/../lib/gcc/arm-none-eabi/10.3.1/thumb/v7e-m+fp/hard\libgcc.a
LOAD c:/st/stm32cubeide_1.10.1/stm32cubeide/plugins/com.st.stm32cube.ide.mcu.externaltools.gnu-tools-for-stm32.10.3-2021.10.win32_1.0.0.202111181127/tools/bin/../lib/gcc/arm-none-eabi/10.3.1/../../../../arm-none-eabi/lib/thumb/v7e-m+fp/hard\libc_nano.a
LOAD c:/st/stm32cubeide_1.10.1/stm32cubeide/plugins/com.st.stm32cube.ide.mcu.externaltools.gnu-tools-for-stm32.10.3-2021.10.win32_1.0.0.202111181127/tools/bin/../lib/gcc/arm-none-eabi/10.3.1/../../../../arm-none-eabi/lib/thumb/v7e-m+fp/hard\libnosys.a
END GROUP
START GROUP
LOAD c:/st/stm32cubeide_1.10.1/stm32cubeide/plugins/com.st.stm32cube.ide.mcu.externaltools.gnu-tools-for-stm32.10.3-2021.10.win32_1.0.0.202111181127/tools/bin/../lib/gcc/arm-none-eabi/10.3.1/thumb/v7e-m+fp/hard\libgcc.a
LOAD c:/st/stm32cubeide_1.10.1/stm32cubeide/plugins/com.st.stm32cube.ide.mcu.externaltools.gnu-tools-for-stm32.10.3-2021.10.win32_1.0.0.202111181127/tools/bin/../lib/gcc/arm-none-eabi/10.3.1/../../../../arm-none-eabi/lib/thumb/v7e-m+fp/hard\libc_nano.a
LOAD c:/st/stm32cubeide_1.10.1/stm32cubeide/plugins/com.st.stm32cube.ide.mcu.externaltools.gnu-tools-for-stm32.10.3-2021.10.win32_1.0.0.202111181127/tools/bin/../lib/gcc/arm-none-eabi/10.3.1/../../../../arm-none-eabi/lib/thumb/v7e-m+fp/hard\libnosys.a
END GROUP
LOAD c:/st/stm32cubeide_1.10.1/stm32cubeide/plugins/com.st.stm32cube.ide.mcu.externaltools.gnu-tools-for-stm32.10.3-2021.10.win32_1.0.0.202111181127/tools/bin/../lib/gcc/arm-none-eabi/10.3.1/thumb/v7e-m+fp/hard/crtend.o
LOAD c:/st/stm32cubeide_1.10.1/stm32cubeide/plugins/com.st.stm32cube.ide.mcu.externaltools.gnu-tools-for-stm32.10.3-2021.10.win32_1.0.0.202111181127/tools/bin/../lib/gcc/arm-none-eabi/10.3.1/thumb/v7e-m+fp/hard/crtn.o
                0x0000000020010000                _estack = (ORIGIN (RAM) + LENGTH (RAM))
                0x0000000000000200                _Min_Heap_Size = 0x200
                0x0000000000000400                _Min_Stack_Size = 0x400

.isr_vector     0x0000000008000000      0x194
                0x0000000008000000                . = ALIGN (0x4)
 *(.isr_vector)
 .isr_vector    0x0000000008000000      0x194 ./Startup/startup_stm32f401ccux.o
                0x0000000008000000                g_pfnVectors
                0x0000000008000194                . = ALIGN (0x4)

.text           0x00000000080001a0     0x6080
                0x00000000080001a0                . = ALIGN (0x4)
 *(.text)
 .text          0x00000000080001a0       0x40 c:/st/stm32cubeide_1.10.1/stm32cubeide/plugins/com.st.stm32cube.ide.mcu.externaltools.gnu-tools-for-stm32.10.3-2021.10.win32_1.0.0.202111181127/tools/bin/../lib/gcc/arm-none-eabi/10.3.1/thumb/v7e-m+fp/hard/crtbegin.o
 .text          0x00000000080001e0       0xa0 c:/st/stm32cubeide_1.10.1/stm32cubeide/plugins/com.st.stm32cube.ide.mcu.externaltools.gnu-tools-for-stm32.10.3-2021.10.win32_1.0.0.202111181127/tools/bin/../lib/gcc/arm-none-eabi/10.3.1/../../../../arm-none-eabi/lib/thumb/v7e-m+fp/hard\libc_nano.a(lib_a-memchr.o)
                0x00000000080001e0                memchr
 *(.text*)
 .text.displayShowIniScreen
                0x0000000008000280       0xe8 ./App/Src/display.o
                0x0000000008000280                displayShowIniScreen
 .text.feed     0x0000000008000368       0x50 ./App/Src/display.o
                0x0000000008000368                feed
 .text.getIndex
                0x00000000080003b8       0x46 ./App/Src/display.o
                0x00000000080003b8                getIndex
 *fill*         0x00000000080003fe        0x2 
 .text.displayShowSettingsScreen
                0x0000000008000400      0x134 ./App/Src/display.o
                0x0000000008000400                displayShowSettingsScreen
 .text.screenSettings
                0x0000000008000534      0x13c ./App/Src/display.o
                0x0000000008000534                screenSettings
 .text.vTaskDisplay
                0x0000000008000670       0x98 ./App/Src/display.o
                0x0000000008000670                vTaskDisplay
 .text.heartBeatInit
                0x0000000008000708       0x3c ./App/Src/main.o
 .text.HAL_TIM_PeriodElapsedCallback
                0x0000000008000744       0x24 ./App/Src/main.o
                0x0000000008000744                HAL_TIM_PeriodElapsedCallback
 .text.errorHandler
                0x0000000008000768       0x1c ./App/Src/main.o
                0x0000000008000768                errorHandler
 .text.vTaskHeartBeat
                0x0000000008000784       0x20 ./App/Src/main.o
                0x0000000008000784                vTaskHeartBeat
 .text.dispenserBeep
                0x00000000080007a4       0x5c ./App/Src/main.o
                0x00000000080007a4                dispenserBeep
 .text.testBspBuzzer
                0x0000000008000800       0x34 ./App/Src/main.o
                0x0000000008000800                testBspBuzzer
 .text.testBspServoMotor
                0x0000000008000834       0x4e ./App/Src/main.o
                0x0000000008000834                testBspServoMotor
 .text.testBsp  0x0000000008000882       0x10 ./App/Src/main.o
                0x0000000008000882                testBsp
 *fill*         0x0000000008000892        0x2 
 .text.main     0x0000000008000894       0xe0 ./App/Src/main.o
                0x0000000008000894                main
 .text.buzzerStart
                0x0000000008000974       0x20 ./Bsp/buzzer.o
                0x0000000008000974                buzzerStart
 .text.buzzerStop
                0x0000000008000994       0x20 ./Bsp/buzzer.o
                0x0000000008000994                buzzerStop
 .text.buzzerInit
                0x00000000080009b4       0x80 ./Bsp/buzzer.o
                0x00000000080009b4                buzzerInit
 .text.TIM2_IRQHandler
                0x0000000008000a34       0x14 ./Bsp/it.o
                0x0000000008000a34                TIM2_IRQHandler
 .text.HAL_TIM_OC_DelayElapsedCallback
                0x0000000008000a48       0x38 ./Bsp/it.o
                0x0000000008000a48                HAL_TIM_OC_DelayElapsedCallback
 .text.EXTI0_IRQHandler
                0x0000000008000a80       0x10 ./Bsp/it.o
                0x0000000008000a80                EXTI0_IRQHandler
 .text.EXTI1_IRQHandler
                0x0000000008000a90       0x10 ./Bsp/it.o
                0x0000000008000a90                EXTI1_IRQHandler
 .text.EXTI2_IRQHandler
                0x0000000008000aa0       0x10 ./Bsp/it.o
                0x0000000008000aa0                EXTI2_IRQHandler
 .text.HAL_GPIO_EXTI_Callback
                0x0000000008000ab0       0x7c ./Bsp/it.o
                0x0000000008000ab0                HAL_GPIO_EXTI_Callback
 .text.TIM1_BRK_TIM9_IRQHandler
                0x0000000008000b2c       0x14 ./Bsp/it.o
                0x0000000008000b2c                TIM1_BRK_TIM9_IRQHandler
 .text.HAL_MspInit
                0x0000000008000b40      0x108 ./Bsp/msp.o
                0x0000000008000b40                HAL_MspInit
 .text.HAL_TIM_OC_MspInit
                0x0000000008000c48       0x44 ./Bsp/msp.o
                0x0000000008000c48                HAL_TIM_OC_MspInit
 .text.HAL_TIM_PWM_MspInit
                0x0000000008000c8c       0x3c ./Bsp/msp.o
                0x0000000008000c8c                HAL_TIM_PWM_MspInit
 .text.servoMotorStart
                0x0000000008000cc8       0x14 ./Bsp/servoMotor.o
 .text.servoMotorStop
                0x0000000008000cdc       0x14 ./Bsp/servoMotor.o
 .text.servoMotorInit
                0x0000000008000cf0       0x80 ./Bsp/servoMotor.o
                0x0000000008000cf0                servoMotorInit
 .text.servoMotorRotate
                0x0000000008000d70       0x60 ./Bsp/servoMotor.o
                0x0000000008000d70                servoMotorRotate
 .text._sbrk    0x0000000008000dd0       0x6c ./Bsp/sysmem.o
                0x0000000008000dd0                _sbrk
 .text.SystemInit
                0x0000000008000e3c       0x24 ./Bsp/system_stm32f4xx.o
                0x0000000008000e3c                SystemInit
 .text.HAL_InitTick
                0x0000000008000e60       0xe4 ./Bsp/timBase.o
                0x0000000008000e60                HAL_InitTick
 .text.HAL_Init
                0x0000000008000f44       0x44 ./Drivers/STM32F4xx_HAL_Driver/Src/stm32f4xx_hal.o
                0x0000000008000f44                HAL_Init
 .text.HAL_IncTick
                0x0000000008000f88       0x28 ./Drivers/STM32F4xx_HAL_Driver/Src/stm32f4xx_hal.o
                0x0000000008000f88                HAL_IncTick
 .text.HAL_GetTick
                0x0000000008000fb0       0x18 ./Drivers/STM32F4xx_HAL_Driver/Src/stm32f4xx_hal.o
                0x0000000008000fb0                HAL_GetTick
 .text.HAL_Delay
                0x0000000008000fc8       0x48 ./Drivers/STM32F4xx_HAL_Driver/Src/stm32f4xx_hal.o
                0x0000000008000fc8                HAL_Delay
 .text.__NVIC_SetPriorityGrouping
                0x0000000008001010       0x48 ./Drivers/STM32F4xx_HAL_Driver/Src/stm32f4xx_hal_cortex.o
 .text.__NVIC_GetPriorityGrouping
                0x0000000008001058       0x1c ./Drivers/STM32F4xx_HAL_Driver/Src/stm32f4xx_hal_cortex.o
 .text.__NVIC_EnableIRQ
                0x0000000008001074       0x3c ./Drivers/STM32F4xx_HAL_Driver/Src/stm32f4xx_hal_cortex.o
 .text.__NVIC_SetPriority
                0x00000000080010b0       0x54 ./Drivers/STM32F4xx_HAL_Driver/Src/stm32f4xx_hal_cortex.o
 .text.NVIC_EncodePriority
                0x0000000008001104       0x66 ./Drivers/STM32F4xx_HAL_Driver/Src/stm32f4xx_hal_cortex.o
 .text.HAL_NVIC_SetPriorityGrouping
                0x000000000800116a       0x16 ./Drivers/STM32F4xx_HAL_Driver/Src/stm32f4xx_hal_cortex.o
                0x000000000800116a                HAL_NVIC_SetPriorityGrouping
 .text.HAL_NVIC_SetPriority
                0x0000000008001180       0x38 ./Drivers/STM32F4xx_HAL_Driver/Src/stm32f4xx_hal_cortex.o
                0x0000000008001180                HAL_NVIC_SetPriority
 .text.HAL_NVIC_EnableIRQ
                0x00000000080011b8       0x1c ./Drivers/STM32F4xx_HAL_Driver/Src/stm32f4xx_hal_cortex.o
                0x00000000080011b8                HAL_NVIC_EnableIRQ
 .text.HAL_GPIO_Init
                0x00000000080011d4      0x308 ./Drivers/STM32F4xx_HAL_Driver/Src/stm32f4xx_hal_gpio.o
                0x00000000080011d4                HAL_GPIO_Init
 .text.HAL_GPIO_WritePin
                0x00000000080014dc       0x32 ./Drivers/STM32F4xx_HAL_Driver/Src/stm32f4xx_hal_gpio.o
                0x00000000080014dc                HAL_GPIO_WritePin
 .text.HAL_GPIO_TogglePin
                0x000000000800150e       0x34 ./Drivers/STM32F4xx_HAL_Driver/Src/stm32f4xx_hal_gpio.o
                0x000000000800150e                HAL_GPIO_TogglePin
 *fill*         0x0000000008001542        0x2 
 .text.HAL_GPIO_EXTI_IRQHandler
                0x0000000008001544       0x30 ./Drivers/STM32F4xx_HAL_Driver/Src/stm32f4xx_hal_gpio.o
                0x0000000008001544                HAL_GPIO_EXTI_IRQHandler
 .text.HAL_RCC_GetHCLKFreq
                0x0000000008001574       0x18 ./Drivers/STM32F4xx_HAL_Driver/Src/stm32f4xx_hal_rcc.o
                0x0000000008001574                HAL_RCC_GetHCLKFreq
 .text.HAL_RCC_GetPCLK2Freq
                0x000000000800158c       0x28 ./Drivers/STM32F4xx_HAL_Driver/Src/stm32f4xx_hal_rcc.o
                0x000000000800158c                HAL_RCC_GetPCLK2Freq
 .text.HAL_RCC_GetClockConfig
                0x00000000080015b4       0x64 ./Drivers/STM32F4xx_HAL_Driver/Src/stm32f4xx_hal_rcc.o
                0x00000000080015b4                HAL_RCC_GetClockConfig
 .text.HAL_SPI_Transmit
                0x0000000008001618      0x27a ./Drivers/STM32F4xx_HAL_Driver/Src/stm32f4xx_hal_spi.o
                0x0000000008001618                HAL_SPI_Transmit
 .text.SPI_WaitFlagStateUntilTimeout
                0x0000000008001892       0xd2 ./Drivers/STM32F4xx_HAL_Driver/Src/stm32f4xx_hal_spi.o
 .text.SPI_CheckFlag_BSY
                0x0000000008001964       0x3c ./Drivers/STM32F4xx_HAL_Driver/Src/stm32f4xx_hal_spi.o
 .text.HAL_TIM_Base_Init
                0x00000000080019a0       0x9e ./Drivers/STM32F4xx_HAL_Driver/Src/stm32f4xx_hal_tim.o
                0x00000000080019a0                HAL_TIM_Base_Init
 .text.HAL_TIM_Base_MspInit
                0x0000000008001a3e       0x14 ./Drivers/STM32F4xx_HAL_Driver/Src/stm32f4xx_hal_tim.o
                0x0000000008001a3e                HAL_TIM_Base_MspInit
 *fill*         0x0000000008001a52        0x2 
 .text.HAL_TIM_Base_Start_IT
                0x0000000008001a54       0xc4 ./Drivers/STM32F4xx_HAL_Driver/Src/stm32f4xx_hal_tim.o
                0x0000000008001a54                HAL_TIM_Base_Start_IT
 .text.HAL_TIM_OC_Init
                0x0000000008001b18       0x9e ./Drivers/STM32F4xx_HAL_Driver/Src/stm32f4xx_hal_tim.o
                0x0000000008001b18                HAL_TIM_OC_Init
 *fill*         0x0000000008001bb6        0x2 
 .text.HAL_TIM_OC_Start_IT
                0x0000000008001bb8      0x1fc ./Drivers/STM32F4xx_HAL_Driver/Src/stm32f4xx_hal_tim.o
                0x0000000008001bb8                HAL_TIM_OC_Start_IT
 .text.HAL_TIM_OC_Stop_IT
                0x0000000008001db4      0x164 ./Drivers/STM32F4xx_HAL_Driver/Src/stm32f4xx_hal_tim.o
                0x0000000008001db4                HAL_TIM_OC_Stop_IT
 .text.HAL_TIM_PWM_Init
                0x0000000008001f18       0x9e ./Drivers/STM32F4xx_HAL_Driver/Src/stm32f4xx_hal_tim.o
                0x0000000008001f18                HAL_TIM_PWM_Init
 *fill*         0x0000000008001fb6        0x2 
 .text.HAL_TIM_PWM_Start
                0x0000000008001fb8      0x160 ./Drivers/STM32F4xx_HAL_Driver/Src/stm32f4xx_hal_tim.o
                0x0000000008001fb8                HAL_TIM_PWM_Start
 .text.HAL_TIM_PWM_Stop
                0x0000000008002118       0xc8 ./Drivers/STM32F4xx_HAL_Driver/Src/stm32f4xx_hal_tim.o
                0x0000000008002118                HAL_TIM_PWM_Stop
 .text.HAL_TIM_IRQHandler
                0x00000000080021e0      0x210 ./Drivers/STM32F4xx_HAL_Driver/Src/stm32f4xx_hal_tim.o
                0x00000000080021e0                HAL_TIM_IRQHandler
 .text.HAL_TIM_OC_ConfigChannel
                0x00000000080023f0       0xb8 ./Drivers/STM32F4xx_HAL_Driver/Src/stm32f4xx_hal_tim.o
                0x00000000080023f0                HAL_TIM_OC_ConfigChannel
 .text.HAL_TIM_PWM_ConfigChannel
                0x00000000080024a8      0x184 ./Drivers/STM32F4xx_HAL_Driver/Src/stm32f4xx_hal_tim.o
                0x00000000080024a8                HAL_TIM_PWM_ConfigChannel
 .text.HAL_TIM_ReadCapturedValue
                0x000000000800262c       0x88 ./Drivers/STM32F4xx_HAL_Driver/Src/stm32f4xx_hal_tim.o
                0x000000000800262c                HAL_TIM_ReadCapturedValue
 .text.HAL_TIM_IC_CaptureCallback
                0x00000000080026b4       0x14 ./Drivers/STM32F4xx_HAL_Driver/Src/stm32f4xx_hal_tim.o
                0x00000000080026b4                HAL_TIM_IC_CaptureCallback
 .text.HAL_TIM_PWM_PulseFinishedCallback
                0x00000000080026c8       0x14 ./Drivers/STM32F4xx_HAL_Driver/Src/stm32f4xx_hal_tim.o
                0x00000000080026c8                HAL_TIM_PWM_PulseFinishedCallback
 .text.HAL_TIM_TriggerCallback
                0x00000000080026dc       0x14 ./Drivers/STM32F4xx_HAL_Driver/Src/stm32f4xx_hal_tim.o
                0x00000000080026dc                HAL_TIM_TriggerCallback
 .text.TIM_Base_SetConfig
                0x00000000080026f0      0x100 ./Drivers/STM32F4xx_HAL_Driver/Src/stm32f4xx_hal_tim.o
                0x00000000080026f0                TIM_Base_SetConfig
 .text.TIM_OC1_SetConfig
                0x00000000080027f0       0xcc ./Drivers/STM32F4xx_HAL_Driver/Src/stm32f4xx_hal_tim.o
 .text.TIM_OC2_SetConfig
                0x00000000080028bc       0xd8 ./Drivers/STM32F4xx_HAL_Driver/Src/stm32f4xx_hal_tim.o
                0x00000000080028bc                TIM_OC2_SetConfig
 .text.TIM_OC3_SetConfig
                0x0000000008002994       0xd4 ./Drivers/STM32F4xx_HAL_Driver/Src/stm32f4xx_hal_tim.o
 .text.TIM_OC4_SetConfig
                0x0000000008002a68       0xa0 ./Drivers/STM32F4xx_HAL_Driver/Src/stm32f4xx_hal_tim.o
 .text.TIM_CCxChannelCmd
                0x0000000008002b08       0x4a ./Drivers/STM32F4xx_HAL_Driver/Src/stm32f4xx_hal_tim.o
                0x0000000008002b08                TIM_CCxChannelCmd
 .text.HAL_TIMEx_CommutCallback
                0x0000000008002b52       0x14 ./Drivers/STM32F4xx_HAL_Driver/Src/stm32f4xx_hal_tim_ex.o
                0x0000000008002b52                HAL_TIMEx_CommutCallback
 .text.HAL_TIMEx_BreakCallback
                0x0000000008002b66       0x14 ./Drivers/STM32F4xx_HAL_Driver/Src/stm32f4xx_hal_tim_ex.o
                0x0000000008002b66                HAL_TIMEx_BreakCallback
 *fill*         0x0000000008002b7a        0x2 
 .text.tft_ili93241_select_chip
                0x0000000008002b7c       0x18 ./Drivers/lib_ili9341/tft_ili9341.o
                0x0000000008002b7c                tft_ili93241_select_chip
 .text.tft_ili93241_unselect_chip
                0x0000000008002b94       0x18 ./Drivers/lib_ili9341/tft_ili9341.o
                0x0000000008002b94                tft_ili93241_unselect_chip
 .text.tft_ili9341_send_cmd
                0x0000000008002bac       0x34 ./Drivers/lib_ili9341/tft_ili9341.o
 .text.tft_ili9341_send_data
                0x0000000008002be0       0x5c ./Drivers/lib_ili9341/tft_ili9341.o
 .text.tft_ili9341_set_window
                0x0000000008002c3c       0x90 ./Drivers/lib_ili9341/tft_ili9341.o
 .text.tft_ili9341_fill_rectangle
                0x0000000008002ccc       0xe0 ./Drivers/lib_ili9341/tft_ili9341.o
                0x0000000008002ccc                tft_ili9341_fill_rectangle
 .text.tft_ili9341_fill_screen
                0x0000000008002dac       0x24 ./Drivers/lib_ili9341/tft_ili9341.o
                0x0000000008002dac                tft_ili9341_fill_screen
 .text.tft_ili9341_send_char
                0x0000000008002dd0       0xea ./Drivers/lib_ili9341/tft_ili9341.o
 .text.tft_ili9341_send_str
                0x0000000008002eba       0x96 ./Drivers/lib_ili9341/tft_ili9341.o
                0x0000000008002eba                tft_ili9341_send_str
 .text.Reset_Handler
                0x0000000008002f50       0x50 ./Startup/startup_stm32f401ccux.o
                0x0000000008002f50                Reset_Handler
 .text.Default_Handler
                0x0000000008002fa0        0x2 ./Startup/startup_stm32f401ccux.o
                0x0000000008002fa0                RTC_Alarm_IRQHandler
                0x0000000008002fa0                DebugMon_Handler
                0x0000000008002fa0                SPI4_IRQHandler
                0x0000000008002fa0                TIM1_CC_IRQHandler
                0x0000000008002fa0                DMA2_Stream5_IRQHandler
                0x0000000008002fa0                HardFault_Handler
                0x0000000008002fa0                DMA1_Stream5_IRQHandler
                0x0000000008002fa0                PVD_IRQHandler
                0x0000000008002fa0                SDIO_IRQHandler
                0x0000000008002fa0                TAMP_STAMP_IRQHandler
                0x0000000008002fa0                NMI_Handler
                0x0000000008002fa0                EXTI3_IRQHandler
                0x0000000008002fa0                TIM1_UP_TIM10_IRQHandler
                0x0000000008002fa0                I2C3_ER_IRQHandler
                0x0000000008002fa0                I2C2_EV_IRQHandler
                0x0000000008002fa0                DMA1_Stream2_IRQHandler
                0x0000000008002fa0                FPU_IRQHandler
                0x0000000008002fa0                UsageFault_Handler
                0x0000000008002fa0                DMA2_Stream2_IRQHandler
                0x0000000008002fa0                SPI1_IRQHandler
                0x0000000008002fa0                DMA2_Stream3_IRQHandler
                0x0000000008002fa0                USART6_IRQHandler
                0x0000000008002fa0                DMA2_Stream0_IRQHandler
                0x0000000008002fa0                TIM4_IRQHandler
                0x0000000008002fa0                I2C1_EV_IRQHandler
                0x0000000008002fa0                DMA1_Stream6_IRQHandler
                0x0000000008002fa0                DMA1_Stream1_IRQHandler
                0x0000000008002fa0                TIM3_IRQHandler
                0x0000000008002fa0                RCC_IRQHandler
                0x0000000008002fa0                Default_Handler
                0x0000000008002fa0                EXTI15_10_IRQHandler
                0x0000000008002fa0                ADC_IRQHandler
                0x0000000008002fa0                DMA1_Stream7_IRQHandler
                0x0000000008002fa0                TIM5_IRQHandler
                0x0000000008002fa0                DMA2_Stream7_IRQHandler
                0x0000000008002fa0                I2C3_EV_IRQHandler
                0x0000000008002fa0                EXTI9_5_IRQHandler
                0x0000000008002fa0                RTC_WKUP_IRQHandler
                0x0000000008002fa0                SPI2_IRQHandler
                0x0000000008002fa0                MemManage_Handler
                0x0000000008002fa0                DMA1_Stream0_IRQHandler
                0x0000000008002fa0                EXTI4_IRQHandler
                0x0000000008002fa0                WWDG_IRQHandler
                0x0000000008002fa0                OTG_FS_WKUP_IRQHandler
                0x0000000008002fa0                TIM1_TRG_COM_TIM11_IRQHandler
                0x0000000008002fa0                USART2_IRQHandler
                0x0000000008002fa0                I2C2_ER_IRQHandler
                0x0000000008002fa0                DMA2_Stream1_IRQHandler
                0x0000000008002fa0                FLASH_IRQHandler
                0x0000000008002fa0                DMA2_Stream4_IRQHandler
                0x0000000008002fa0                BusFault_Handler
                0x0000000008002fa0                USART1_IRQHandler
                0x0000000008002fa0                OTG_FS_IRQHandler
                0x0000000008002fa0                SPI3_IRQHandler
                0x0000000008002fa0                DMA1_Stream4_IRQHandler
                0x0000000008002fa0                I2C1_ER_IRQHandler
                0x0000000008002fa0                DMA2_Stream6_IRQHandler
                0x0000000008002fa0                DMA1_Stream3_IRQHandler
 .text.vListInitialise
                0x0000000008002fa2       0x40 ./freeRTOS/list.o
                0x0000000008002fa2                vListInitialise
 .text.vListInitialiseItem
                0x0000000008002fe2       0x1a ./freeRTOS/list.o
                0x0000000008002fe2                vListInitialiseItem
 .text.vListInsertEnd
                0x0000000008002ffc       0x48 ./freeRTOS/list.o
                0x0000000008002ffc                vListInsertEnd
 .text.vListInsert
                0x0000000008003044       0x72 ./freeRTOS/list.o
                0x0000000008003044                vListInsert
 .text.uxListRemove
                0x00000000080030b6       0x54 ./freeRTOS/list.o
                0x00000000080030b6                uxListRemove
 *fill*         0x000000000800310a        0x2 
 .text.xQueueGenericReset
                0x000000000800310c      0x120 ./freeRTOS/queue.o
                0x000000000800310c                xQueueGenericReset
 .text.xQueueGenericCreate
                0x000000000800322c       0x9c ./freeRTOS/queue.o
                0x000000000800322c                xQueueGenericCreate
 .text.prvInitialiseNewQueue
                0x00000000080032c8       0x46 ./freeRTOS/queue.o
 *fill*         0x000000000800330e        0x2 
 .text.xQueueReceive
                0x0000000008003310      0x1c0 ./freeRTOS/queue.o
                0x0000000008003310                xQueueReceive
 .text.prvCopyDataFromQueue
                0x00000000080034d0       0x4c ./freeRTOS/queue.o
 .text.prvUnlockQueue
                0x000000000800351c       0xa4 ./freeRTOS/queue.o
 .text.prvIsQueueEmpty
                0x00000000080035c0       0x2c ./freeRTOS/queue.o
 .text.vQueueAddToRegistry
                0x00000000080035ec       0x9c ./freeRTOS/queue.o
                0x00000000080035ec                vQueueAddToRegistry
 .text.vQueueWaitForMessageRestricted
                0x0000000008003688       0x68 ./freeRTOS/queue.o
                0x0000000008003688                vQueueWaitForMessageRestricted
 .text.xTaskCreate
                0x00000000080036f0       0x82 ./freeRTOS/tasks.o
                0x00000000080036f0                xTaskCreate
 .text.prvInitialiseNewTask
                0x0000000008003772      0x148 ./freeRTOS/tasks.o
 *fill*         0x00000000080038ba        0x2 
 .text.prvAddNewTaskToReadyList
                0x00000000080038bc      0x12c ./freeRTOS/tasks.o
 .text.vTaskDelete
                0x00000000080039e8      0x128 ./freeRTOS/tasks.o
                0x00000000080039e8                vTaskDelete
 .text.vTaskDelay
                0x0000000008003b10       0x68 ./freeRTOS/tasks.o
                0x0000000008003b10                vTaskDelay
 .text.vTaskStartScheduler
                0x0000000008003b78       0xa4 ./freeRTOS/tasks.o
                0x0000000008003b78                vTaskStartScheduler
 .text.vTaskSuspendAll
                0x0000000008003c1c       0x1c ./freeRTOS/tasks.o
                0x0000000008003c1c                vTaskSuspendAll
 .text.xTaskResumeAll
                0x0000000008003c38      0x1f8 ./freeRTOS/tasks.o
                0x0000000008003c38                xTaskResumeAll
 .text.xTaskGetTickCount
                0x0000000008003e30       0x20 ./freeRTOS/tasks.o
                0x0000000008003e30                xTaskGetTickCount
 .text.xTaskIncrementTick
                0x0000000008003e50      0x22c ./freeRTOS/tasks.o
                0x0000000008003e50                xTaskIncrementTick
 .text.vTaskSwitchContext
                0x000000000800407c       0xb8 ./freeRTOS/tasks.o
                0x000000000800407c                vTaskSwitchContext
 .text.vTaskPlaceOnEventList
                0x0000000008004134       0x48 ./freeRTOS/tasks.o
                0x0000000008004134                vTaskPlaceOnEventList
 .text.vTaskPlaceOnEventListRestricted
                0x000000000800417c       0x8c ./freeRTOS/tasks.o
                0x000000000800417c                vTaskPlaceOnEventListRestricted
 .text.xTaskRemoveFromEventList
                0x0000000008004208      0x1ac ./freeRTOS/tasks.o
                0x0000000008004208                xTaskRemoveFromEventList
 .text.vTaskInternalSetTimeOutState
                0x00000000080043b4       0x2c ./freeRTOS/tasks.o
                0x00000000080043b4                vTaskInternalSetTimeOutState
 .text.xTaskCheckForTimeOut
                0x00000000080043e0       0xcc ./freeRTOS/tasks.o
                0x00000000080043e0                xTaskCheckForTimeOut
 .text.vTaskMissedYield
                0x00000000080044ac       0x18 ./freeRTOS/tasks.o
                0x00000000080044ac                vTaskMissedYield
 .text.prvIdleTask
                0x00000000080044c4       0x30 ./freeRTOS/tasks.o
 .text.prvInitialiseTaskLists
                0x00000000080044f4       0x80 ./freeRTOS/tasks.o
 .text.prvCheckTasksWaitingTermination
                0x0000000008004574       0x5c ./freeRTOS/tasks.o
 .text.prvDeleteTCB
                0x00000000080045d0       0x20 ./freeRTOS/tasks.o
 .text.prvResetNextTaskUnblockTime
                0x00000000080045f0       0x38 ./freeRTOS/tasks.o
 .text.xTaskGetSchedulerState
                0x0000000008004628       0x3c ./freeRTOS/tasks.o
                0x0000000008004628                xTaskGetSchedulerState
 .text.xTaskGenericNotifyWait
                0x0000000008004664      0x100 ./freeRTOS/tasks.o
                0x0000000008004664                xTaskGenericNotifyWait
 .text.xTaskGenericNotifyFromISR
                0x0000000008004764      0x2b8 ./freeRTOS/tasks.o
                0x0000000008004764                xTaskGenericNotifyFromISR
 .text.prvAddCurrentTaskToDelayedList
                0x0000000008004a1c      0x100 ./freeRTOS/tasks.o
 .text.xTimerCreateTimerTask
                0x0000000008004b1c       0x64 ./freeRTOS/timers.o
                0x0000000008004b1c                xTimerCreateTimerTask
 .text.prvReloadTimer
                0x0000000008004b80       0x42 ./freeRTOS/timers.o
 *fill*         0x0000000008004bc2        0x2 
 .text.prvProcessExpiredTimer
                0x0000000008004bc4       0x60 ./freeRTOS/timers.o
 .text.prvTimerTask
                0x0000000008004c24       0x24 ./freeRTOS/timers.o
 .text.prvProcessTimerOrBlockTask
                0x0000000008004c48       0x9c ./freeRTOS/timers.o
 .text.prvGetNextExpireTime
                0x0000000008004ce4       0x48 ./freeRTOS/timers.o
 .text.prvSampleTimeNow
                0x0000000008004d2c       0x40 ./freeRTOS/timers.o
 .text.prvInsertTimerInActiveList
                0x0000000008004d6c       0x84 ./freeRTOS/timers.o
 .text.prvProcessReceivedCommands
                0x0000000008004df0      0x17c ./freeRTOS/timers.o
 .text.prvSwitchTimerLists
                0x0000000008004f6c       0x4c ./freeRTOS/timers.o
 .text.prvCheckForValidListAndQueue
                0x0000000008004fb8       0x6c ./freeRTOS/timers.o
 .text.pxPortInitialiseStack
                0x0000000008005024       0x68 ./freeRTOS/portable/GCC/ARM_CM4F/port.o
                0x0000000008005024                pxPortInitialiseStack
 .text.prvTaskExitError
                0x000000000800508c       0x58 ./freeRTOS/portable/GCC/ARM_CM4F/port.o
 *fill*         0x00000000080050e4        0xc 
 .text.SVC_Handler
                0x00000000080050f0       0x28 ./freeRTOS/portable/GCC/ARM_CM4F/port.o
                0x00000000080050f0                SVC_Handler
 .text.prvPortStartFirstTask
                0x0000000008005118       0x2c ./freeRTOS/portable/GCC/ARM_CM4F/port.o
 .text.xPortStartScheduler
                0x0000000008005144      0x144 ./freeRTOS/portable/GCC/ARM_CM4F/port.o
                0x0000000008005144                xPortStartScheduler
 .text.vPortEnterCritical
                0x0000000008005288       0x60 ./freeRTOS/portable/GCC/ARM_CM4F/port.o
                0x0000000008005288                vPortEnterCritical
 .text.vPortExitCritical
                0x00000000080052e8       0x54 ./freeRTOS/portable/GCC/ARM_CM4F/port.o
                0x00000000080052e8                vPortExitCritical
 *fill*         0x000000000800533c        0x4 
 .text.PendSV_Handler
                0x0000000008005340       0x68 ./freeRTOS/portable/GCC/ARM_CM4F/port.o
                0x0000000008005340                PendSV_Handler
 .text.SysTick_Handler
                0x00000000080053a8       0x44 ./freeRTOS/portable/GCC/ARM_CM4F/port.o
                0x00000000080053a8                SysTick_Handler
 .text.vPortSetupTimerInterrupt
                0x00000000080053ec       0x48 ./freeRTOS/portable/GCC/ARM_CM4F/port.o
                0x00000000080053ec                vPortSetupTimerInterrupt
 .text.vPortEnableVFP
                0x0000000008005434       0x18 ./freeRTOS/portable/GCC/ARM_CM4F/port.o
 .text.vPortValidateInterruptPriority
                0x000000000800544c       0x80 ./freeRTOS/portable/GCC/ARM_CM4F/port.o
                0x000000000800544c                vPortValidateInterruptPriority
 .text.pvPortMalloc
                0x00000000080054cc      0x1c0 ./freeRTOS/portable/MemMang/heap_4.o
                0x00000000080054cc                pvPortMalloc
 .text.vPortFree
                0x000000000800568c       0xc4 ./freeRTOS/portable/MemMang/heap_4.o
                0x000000000800568c                vPortFree
 .text.prvHeapInit
                0x0000000008005750       0xc4 ./freeRTOS/portable/MemMang/heap_4.o
 .text.prvInsertBlockIntoFreeList
                0x0000000008005814       0xb4 ./freeRTOS/portable/MemMang/heap_4.o
 .text.__errno  0x00000000080058c8        0xc c:/st/stm32cubeide_1.10.1/stm32cubeide/plugins/com.st.stm32cube.ide.mcu.externaltools.gnu-tools-for-stm32.10.3-2021.10.win32_1.0.0.202111181127/tools/bin/../lib/gcc/arm-none-eabi/10.3.1/../../../../arm-none-eabi/lib/thumb/v7e-m+fp/hard\libc_nano.a(lib_a-errno.o)
                0x00000000080058c8                __errno
 .text.__libc_init_array
                0x00000000080058d4       0x48 c:/st/stm32cubeide_1.10.1/stm32cubeide/plugins/com.st.stm32cube.ide.mcu.externaltools.gnu-tools-for-stm32.10.3-2021.10.win32_1.0.0.202111181127/tools/bin/../lib/gcc/arm-none-eabi/10.3.1/../../../../arm-none-eabi/lib/thumb/v7e-m+fp/hard\libc_nano.a(lib_a-init.o)
                0x00000000080058d4                __libc_init_array
 .text.memcpy   0x000000000800591c       0x1c c:/st/stm32cubeide_1.10.1/stm32cubeide/plugins/com.st.stm32cube.ide.mcu.externaltools.gnu-tools-for-stm32.10.3-2021.10.win32_1.0.0.202111181127/tools/bin/../lib/gcc/arm-none-eabi/10.3.1/../../../../arm-none-eabi/lib/thumb/v7e-m+fp/hard\libc_nano.a(lib_a-memcpy-stub.o)
                0x000000000800591c                memcpy
 .text.memset   0x0000000008005938       0x10 c:/st/stm32cubeide_1.10.1/stm32cubeide/plugins/com.st.stm32cube.ide.mcu.externaltools.gnu-tools-for-stm32.10.3-2021.10.win32_1.0.0.202111181127/tools/bin/../lib/gcc/arm-none-eabi/10.3.1/../../../../arm-none-eabi/lib/thumb/v7e-m+fp/hard\libc_nano.a(lib_a-memset.o)
                0x0000000008005938                memset
 .text.sprintf  0x0000000008005948       0x40 c:/st/stm32cubeide_1.10.1/stm32cubeide/plugins/com.st.stm32cube.ide.mcu.externaltools.gnu-tools-for-stm32.10.3-2021.10.win32_1.0.0.202111181127/tools/bin/../lib/gcc/arm-none-eabi/10.3.1/../../../../arm-none-eabi/lib/thumb/v7e-m+fp/hard\libc_nano.a(lib_a-sprintf.o)
                0x0000000008005948                siprintf
                0x0000000008005948                sprintf
 .text.__ssputs_r
                0x0000000008005988       0xb6 c:/st/stm32cubeide_1.10.1/stm32cubeide/plugins/com.st.stm32cube.ide.mcu.externaltools.gnu-tools-for-stm32.10.3-2021.10.win32_1.0.0.202111181127/tools/bin/../lib/gcc/arm-none-eabi/10.3.1/../../../../arm-none-eabi/lib/thumb/v7e-m+fp/hard\libc_nano.a(lib_a-nano-svfprintf.o)
                0x0000000008005988                __ssputs_r
 *fill*         0x0000000008005a3e        0x2 
 .text._svfprintf_r
                0x0000000008005a40      0x200 c:/st/stm32cubeide_1.10.1/stm32cubeide/plugins/com.st.stm32cube.ide.mcu.externaltools.gnu-tools-for-stm32.10.3-2021.10.win32_1.0.0.202111181127/tools/bin/../lib/gcc/arm-none-eabi/10.3.1/../../../../arm-none-eabi/lib/thumb/v7e-m+fp/hard\libc_nano.a(lib_a-nano-svfprintf.o)
                0x0000000008005a40                _svfiprintf_r
                0x0000000008005a40                _svfprintf_r
 .text._printf_common
                0x0000000008005c40       0xda c:/st/stm32cubeide_1.10.1/stm32cubeide/plugins/com.st.stm32cube.ide.mcu.externaltools.gnu-tools-for-stm32.10.3-2021.10.win32_1.0.0.202111181127/tools/bin/../lib/gcc/arm-none-eabi/10.3.1/../../../../arm-none-eabi/lib/thumb/v7e-m+fp/hard\libc_nano.a(lib_a-nano-vfprintf_i.o)
                0x0000000008005c40                _printf_common
 *fill*         0x0000000008005d1a        0x2 
 .text._printf_i
                0x0000000008005d1c      0x24c c:/st/stm32cubeide_1.10.1/stm32cubeide/plugins/com.st.stm32cube.ide.mcu.externaltools.gnu-tools-for-stm32.10.3-2021.10.win32_1.0.0.202111181127/tools/bin/../lib/gcc/arm-none-eabi/10.3.1/../../../../arm-none-eabi/lib/thumb/v7e-m+fp/hard\libc_nano.a(lib_a-nano-vfprintf_i.o)
                0x0000000008005d1c                _printf_i
 .text.memmove  0x0000000008005f68       0x34 c:/st/stm32cubeide_1.10.1/stm32cubeide/plugins/com.st.stm32cube.ide.mcu.externaltools.gnu-tools-for-stm32.10.3-2021.10.win32_1.0.0.202111181127/tools/bin/../lib/gcc/arm-none-eabi/10.3.1/../../../../arm-none-eabi/lib/thumb/v7e-m+fp/hard\libc_nano.a(lib_a-memmove.o)
                0x0000000008005f68                memmove
 .text._free_r  0x0000000008005f9c       0x98 c:/st/stm32cubeide_1.10.1/stm32cubeide/plugins/com.st.stm32cube.ide.mcu.externaltools.gnu-tools-for-stm32.10.3-2021.10.win32_1.0.0.202111181127/tools/bin/../lib/gcc/arm-none-eabi/10.3.1/../../../../arm-none-eabi/lib/thumb/v7e-m+fp/hard\libc_nano.a(lib_a-nano-freer.o)
                0x0000000008005f9c                _free_r
 .text.sbrk_aligned
                0x0000000008006034       0x40 c:/st/stm32cubeide_1.10.1/stm32cubeide/plugins/com.st.stm32cube.ide.mcu.externaltools.gnu-tools-for-stm32.10.3-2021.10.win32_1.0.0.202111181127/tools/bin/../lib/gcc/arm-none-eabi/10.3.1/../../../../arm-none-eabi/lib/thumb/v7e-m+fp/hard\libc_nano.a(lib_a-nano-mallocr.o)
 .text._malloc_r
                0x0000000008006074       0xe8 c:/st/stm32cubeide_1.10.1/stm32cubeide/plugins/com.st.stm32cube.ide.mcu.externaltools.gnu-tools-for-stm32.10.3-2021.10.win32_1.0.0.202111181127/tools/bin/../lib/gcc/arm-none-eabi/10.3.1/../../../../arm-none-eabi/lib/thumb/v7e-m+fp/hard\libc_nano.a(lib_a-nano-mallocr.o)
                0x0000000008006074                _malloc_r
 .text._realloc_r
                0x000000000800615c       0x5e c:/st/stm32cubeide_1.10.1/stm32cubeide/plugins/com.st.stm32cube.ide.mcu.externaltools.gnu-tools-for-stm32.10.3-2021.10.win32_1.0.0.202111181127/tools/bin/../lib/gcc/arm-none-eabi/10.3.1/../../../../arm-none-eabi/lib/thumb/v7e-m+fp/hard\libc_nano.a(lib_a-nano-reallocr.o)
                0x000000000800615c                _realloc_r
 *fill*         0x00000000080061ba        0x2 
 .text._sbrk_r  0x00000000080061bc       0x20 c:/st/stm32cubeide_1.10.1/stm32cubeide/plugins/com.st.stm32cube.ide.mcu.externaltools.gnu-tools-for-stm32.10.3-2021.10.win32_1.0.0.202111181127/tools/bin/../lib/gcc/arm-none-eabi/10.3.1/../../../../arm-none-eabi/lib/thumb/v7e-m+fp/hard\libc_nano.a(lib_a-sbrkr.o)
                0x00000000080061bc                _sbrk_r
 .text.__malloc_lock
                0x00000000080061dc        0xc c:/st/stm32cubeide_1.10.1/stm32cubeide/plugins/com.st.stm32cube.ide.mcu.externaltools.gnu-tools-for-stm32.10.3-2021.10.win32_1.0.0.202111181127/tools/bin/../lib/gcc/arm-none-eabi/10.3.1/../../../../arm-none-eabi/lib/thumb/v7e-m+fp/hard\libc_nano.a(lib_a-mlock.o)
                0x00000000080061dc                __malloc_lock
 .text.__malloc_unlock
                0x00000000080061e8        0xc c:/st/stm32cubeide_1.10.1/stm32cubeide/plugins/com.st.stm32cube.ide.mcu.externaltools.gnu-tools-for-stm32.10.3-2021.10.win32_1.0.0.202111181127/tools/bin/../lib/gcc/arm-none-eabi/10.3.1/../../../../arm-none-eabi/lib/thumb/v7e-m+fp/hard\libc_nano.a(lib_a-mlock.o)
                0x00000000080061e8                __malloc_unlock
 .text._malloc_usable_size_r
                0x00000000080061f4       0x10 c:/st/stm32cubeide_1.10.1/stm32cubeide/plugins/com.st.stm32cube.ide.mcu.externaltools.gnu-tools-for-stm32.10.3-2021.10.win32_1.0.0.202111181127/tools/bin/../lib/gcc/arm-none-eabi/10.3.1/../../../../arm-none-eabi/lib/thumb/v7e-m+fp/hard\libc_nano.a(lib_a-nano-msizer.o)
                0x00000000080061f4                _malloc_usable_size_r
 .text.__retarget_lock_acquire_recursive
                0x0000000008006204        0x2 c:/st/stm32cubeide_1.10.1/stm32cubeide/plugins/com.st.stm32cube.ide.mcu.externaltools.gnu-tools-for-stm32.10.3-2021.10.win32_1.0.0.202111181127/tools/bin/../lib/gcc/arm-none-eabi/10.3.1/../../../../arm-none-eabi/lib/thumb/v7e-m+fp/hard\libc_nano.a(lib_a-lock.o)
                0x0000000008006204                __retarget_lock_acquire_recursive
 .text.__retarget_lock_release_recursive
                0x0000000008006206        0x2 c:/st/stm32cubeide_1.10.1/stm32cubeide/plugins/com.st.stm32cube.ide.mcu.externaltools.gnu-tools-for-stm32.10.3-2021.10.win32_1.0.0.202111181127/tools/bin/../lib/gcc/arm-none-eabi/10.3.1/../../../../arm-none-eabi/lib/thumb/v7e-m+fp/hard\libc_nano.a(lib_a-lock.o)
                0x0000000008006206                __retarget_lock_release_recursive
 *(.glue_7)
 .glue_7        0x0000000008006208        0x0 linker stubs
 *(.glue_7t)
 .glue_7t       0x0000000008006208        0x0 linker stubs
 *(.eh_frame)
 .eh_frame      0x0000000008006208        0x0 c:/st/stm32cubeide_1.10.1/stm32cubeide/plugins/com.st.stm32cube.ide.mcu.externaltools.gnu-tools-for-stm32.10.3-2021.10.win32_1.0.0.202111181127/tools/bin/../lib/gcc/arm-none-eabi/10.3.1/thumb/v7e-m+fp/hard/crtbegin.o
 *(.init)
 .init          0x0000000008006208        0x4 c:/st/stm32cubeide_1.10.1/stm32cubeide/plugins/com.st.stm32cube.ide.mcu.externaltools.gnu-tools-for-stm32.10.3-2021.10.win32_1.0.0.202111181127/tools/bin/../lib/gcc/arm-none-eabi/10.3.1/thumb/v7e-m+fp/hard/crti.o
                0x0000000008006208                _init
 .init          0x000000000800620c        0x8 c:/st/stm32cubeide_1.10.1/stm32cubeide/plugins/com.st.stm32cube.ide.mcu.externaltools.gnu-tools-for-stm32.10.3-2021.10.win32_1.0.0.202111181127/tools/bin/../lib/gcc/arm-none-eabi/10.3.1/thumb/v7e-m+fp/hard/crtn.o
 *(.fini)
 .fini          0x0000000008006214        0x4 c:/st/stm32cubeide_1.10.1/stm32cubeide/plugins/com.st.stm32cube.ide.mcu.externaltools.gnu-tools-for-stm32.10.3-2021.10.win32_1.0.0.202111181127/tools/bin/../lib/gcc/arm-none-eabi/10.3.1/thumb/v7e-m+fp/hard/crti.o
                0x0000000008006214                _fini
 .fini          0x0000000008006218        0x8 c:/st/stm32cubeide_1.10.1/stm32cubeide/plugins/com.st.stm32cube.ide.mcu.externaltools.gnu-tools-for-stm32.10.3-2021.10.win32_1.0.0.202111181127/tools/bin/../lib/gcc/arm-none-eabi/10.3.1/thumb/v7e-m+fp/hard/crtn.o
                0x0000000008006220                . = ALIGN (0x4)
                0x0000000008006220                _etext = .

.vfp11_veneer   0x0000000008006220        0x0
 .vfp11_veneer  0x0000000008006220        0x0 linker stubs

.v4_bx          0x0000000008006220        0x0
 .v4_bx         0x0000000008006220        0x0 linker stubs

.iplt           0x0000000008006220        0x0
 .iplt          0x0000000008006220        0x0 c:/st/stm32cubeide_1.10.1/stm32cubeide/plugins/com.st.stm32cube.ide.mcu.externaltools.gnu-tools-for-stm32.10.3-2021.10.win32_1.0.0.202111181127/tools/bin/../lib/gcc/arm-none-eabi/10.3.1/thumb/v7e-m+fp/hard/crtbegin.o

.rodata         0x0000000008006220     0x144c
                0x0000000008006220                . = ALIGN (0x4)
 *(.rodata)
 .rodata        0x0000000008006220       0x8b ./App/Src/display.o
 *fill*         0x00000000080062ab        0x1 
 .rodata        0x00000000080062ac       0x1d ./App/Src/main.o
 *fill*         0x00000000080062c9        0x3 
 .rodata        0x00000000080062cc        0x5 ./freeRTOS/tasks.o
 *fill*         0x00000000080062d1        0x3 
 .rodata        0x00000000080062d4        0xd ./freeRTOS/timers.o
 *(.rodata*)
 *fill*         0x00000000080062e1        0x3 
 .rodata.APBPrescTable
                0x00000000080062e4        0x8 ./Bsp/system_stm32f4xx.o
                0x00000000080062e4                APBPrescTable
 .rodata.Font16x26
                0x00000000080062ec     0x134c ./Drivers/lib_ili9341/fonts.o
 .rodata._svfprintf_r.str1.1
                0x0000000008007638       0x11 c:/st/stm32cubeide_1.10.1/stm32cubeide/plugins/com.st.stm32cube.ide.mcu.externaltools.gnu-tools-for-stm32.10.3-2021.10.win32_1.0.0.202111181127/tools/bin/../lib/gcc/arm-none-eabi/10.3.1/../../../../arm-none-eabi/lib/thumb/v7e-m+fp/hard\libc_nano.a(lib_a-nano-svfprintf.o)
 .rodata._printf_i.str1.1
                0x0000000008007649       0x22 c:/st/stm32cubeide_1.10.1/stm32cubeide/plugins/com.st.stm32cube.ide.mcu.externaltools.gnu-tools-for-stm32.10.3-2021.10.win32_1.0.0.202111181127/tools/bin/../lib/gcc/arm-none-eabi/10.3.1/../../../../arm-none-eabi/lib/thumb/v7e-m+fp/hard\libc_nano.a(lib_a-nano-vfprintf_i.o)
                0x000000000800766c                . = ALIGN (0x4)
 *fill*         0x000000000800766b        0x1 

.rel.dyn        0x000000000800766c        0x0
 .rel.iplt      0x000000000800766c        0x0 c:/st/stm32cubeide_1.10.1/stm32cubeide/plugins/com.st.stm32cube.ide.mcu.externaltools.gnu-tools-for-stm32.10.3-2021.10.win32_1.0.0.202111181127/tools/bin/../lib/gcc/arm-none-eabi/10.3.1/thumb/v7e-m+fp/hard/crtbegin.o

.ARM.extab      0x000000000800766c        0x0
                0x000000000800766c                . = ALIGN (0x4)
 *(.ARM.extab* .gnu.linkonce.armextab.*)
                0x000000000800766c                . = ALIGN (0x4)

.ARM            0x000000000800766c        0x0
                0x000000000800766c                . = ALIGN (0x4)
                0x000000000800766c                __exidx_start = .
 *(.ARM.exidx*)
                0x000000000800766c                __exidx_end = .
                0x000000000800766c                . = ALIGN (0x4)

.preinit_array  0x000000000800766c        0x0
                0x000000000800766c                . = ALIGN (0x4)
                0x000000000800766c                PROVIDE (__preinit_array_start = .)
 *(.preinit_array*)
                0x000000000800766c                PROVIDE (__preinit_array_end = .)
                0x000000000800766c                . = ALIGN (0x4)

.init_array     0x000000000800766c        0x4
                0x000000000800766c                . = ALIGN (0x4)
                0x000000000800766c                PROVIDE (__init_array_start = .)
 *(SORT_BY_NAME(.init_array.*))
 *(.init_array*)
 .init_array    0x000000000800766c        0x4 c:/st/stm32cubeide_1.10.1/stm32cubeide/plugins/com.st.stm32cube.ide.mcu.externaltools.gnu-tools-for-stm32.10.3-2021.10.win32_1.0.0.202111181127/tools/bin/../lib/gcc/arm-none-eabi/10.3.1/thumb/v7e-m+fp/hard/crtbegin.o
                0x0000000008007670                PROVIDE (__init_array_end = .)
                0x0000000008007670                . = ALIGN (0x4)

.fini_array     0x0000000008007670        0x4
                0x0000000008007670                . = ALIGN (0x4)
                [!provide]                        PROVIDE (__fini_array_start = .)
 *(SORT_BY_NAME(.fini_array.*))
 *(.fini_array*)
 .fini_array    0x0000000008007670        0x4 c:/st/stm32cubeide_1.10.1/stm32cubeide/plugins/com.st.stm32cube.ide.mcu.externaltools.gnu-tools-for-stm32.10.3-2021.10.win32_1.0.0.202111181127/tools/bin/../lib/gcc/arm-none-eabi/10.3.1/thumb/v7e-m+fp/hard/crtbegin.o
                [!provide]                        PROVIDE (__fini_array_end = .)
                0x0000000008007674                . = ALIGN (0x4)
                0x0000000008007674                _sidata = LOADADDR (.data)

.data           0x0000000020000000       0x80 load address 0x0000000008007674
                0x0000000020000000                . = ALIGN (0x4)
                0x0000000020000000                _sdata = .
 *(.data)
 *(.data*)
 .data.SystemCoreClock
                0x0000000020000000        0x4 ./Bsp/system_stm32f4xx.o
                0x0000000020000000                SystemCoreClock
 .data.uwTickPrio
                0x0000000020000004        0x4 ./Drivers/STM32F4xx_HAL_Driver/Src/stm32f4xx_hal.o
                0x0000000020000004                uwTickPrio
 .data.uwTickFreq
                0x0000000020000008        0x1 ./Drivers/STM32F4xx_HAL_Driver/Src/stm32f4xx_hal.o
                0x0000000020000008                uwTickFreq
 *fill*         0x0000000020000009        0x3 
 .data.Font_16x26
                0x000000002000000c        0x8 ./Drivers/lib_ili9341/fonts.o
                0x000000002000000c                Font_16x26
 .data.uxTopUsedPriority
                0x0000000020000014        0x4 ./freeRTOS/tasks.o
                0x0000000020000014                uxTopUsedPriority
 .data.uxCriticalNesting
                0x0000000020000018        0x4 ./freeRTOS/portable/GCC/ARM_CM4F/port.o
 .data._impure_ptr
                0x000000002000001c        0x4 c:/st/stm32cubeide_1.10.1/stm32cubeide/plugins/com.st.stm32cube.ide.mcu.externaltools.gnu-tools-for-stm32.10.3-2021.10.win32_1.0.0.202111181127/tools/bin/../lib/gcc/arm-none-eabi/10.3.1/../../../../arm-none-eabi/lib/thumb/v7e-m+fp/hard\libc_nano.a(lib_a-impure.o)
                0x000000002000001c                _impure_ptr
 .data.impure_data
                0x0000000020000020       0x60 c:/st/stm32cubeide_1.10.1/stm32cubeide/plugins/com.st.stm32cube.ide.mcu.externaltools.gnu-tools-for-stm32.10.3-2021.10.win32_1.0.0.202111181127/tools/bin/../lib/gcc/arm-none-eabi/10.3.1/../../../../arm-none-eabi/lib/thumb/v7e-m+fp/hard\libc_nano.a(lib_a-impure.o)
 *(.RamFunc)
 *(.RamFunc*)
                0x0000000020000080                . = ALIGN (0x4)
                0x0000000020000080                _edata = .

.igot.plt       0x0000000020000080        0x0 load address 0x00000000080076f4
 .igot.plt      0x0000000020000080        0x0 c:/st/stm32cubeide_1.10.1/stm32cubeide/plugins/com.st.stm32cube.ide.mcu.externaltools.gnu-tools-for-stm32.10.3-2021.10.win32_1.0.0.202111181127/tools/bin/../lib/gcc/arm-none-eabi/10.3.1/thumb/v7e-m+fp/hard/crtbegin.o
                0x0000000020000080                . = ALIGN (0x4)

.bss            0x0000000020000080     0x9ca0 load address 0x00000000080076f4
                0x0000000020000080                _sbss = .
                0x0000000020000080                __bss_start__ = _sbss
 *(.bss)
 .bss           0x0000000020000080       0x1c c:/st/stm32cubeide_1.10.1/stm32cubeide/plugins/com.st.stm32cube.ide.mcu.externaltools.gnu-tools-for-stm32.10.3-2021.10.win32_1.0.0.202111181127/tools/bin/../lib/gcc/arm-none-eabi/10.3.1/thumb/v7e-m+fp/hard/crtbegin.o
 *(.bss*)
 .bss.xTaskDisplayHandler
                0x000000002000009c        0x4 ./App/Src/display.o
                0x000000002000009c                xTaskDisplayHandler
 .bss.xTaskHeartBeatHandler
                0x00000000200000a0        0x4 ./App/Src/main.o
                0x00000000200000a0                xTaskHeartBeatHandler
 .bss.dispenserSettings
                0x00000000200000a4        0x2 ./App/Src/main.o
                0x00000000200000a4                dispenserSettings
 *fill*         0x00000000200000a6        0x2 
 .bss.buzzerTimHandler
                0x00000000200000a8       0x48 ./Bsp/buzzer.o
                0x00000000200000a8                buzzerTimHandler
 .bss.ccr1Reg.0
                0x00000000200000f0        0x4 ./Bsp/it.o
 .bss.servoMotorTimHandler
                0x00000000200000f4       0x48 ./Bsp/servoMotor.o
                0x00000000200000f4                servoMotorTimHandler
 .bss.__sbrk_heap_end
                0x000000002000013c        0x4 ./Bsp/sysmem.o
 .bss.htim9     0x0000000020000140       0x48 ./Bsp/timBase.o
                0x0000000020000140                htim9
 .bss.uwTick    0x0000000020000188        0x4 ./Drivers/STM32F4xx_HAL_Driver/Src/stm32f4xx_hal.o
                0x0000000020000188                uwTick
 .bss.hspi      0x000000002000018c       0x58 ./Drivers/lib_ili9341/tft_ili9341.o
                0x000000002000018c                hspi
 .bss.xQueueRegistry
                0x00000000200001e4       0x40 ./freeRTOS/queue.o
                0x00000000200001e4                xQueueRegistry
 .bss.pxCurrentTCB
                0x0000000020000224        0x4 ./freeRTOS/tasks.o
                0x0000000020000224                pxCurrentTCB
 .bss.pxReadyTasksLists
                0x0000000020000228       0x64 ./freeRTOS/tasks.o
 .bss.xDelayedTaskList1
                0x000000002000028c       0x14 ./freeRTOS/tasks.o
 .bss.xDelayedTaskList2
                0x00000000200002a0       0x14 ./freeRTOS/tasks.o
 .bss.pxDelayedTaskList
                0x00000000200002b4        0x4 ./freeRTOS/tasks.o
 .bss.pxOverflowDelayedTaskList
                0x00000000200002b8        0x4 ./freeRTOS/tasks.o
 .bss.xPendingReadyList
                0x00000000200002bc       0x14 ./freeRTOS/tasks.o
 .bss.xTasksWaitingTermination
                0x00000000200002d0       0x14 ./freeRTOS/tasks.o
 .bss.uxDeletedTasksWaitingCleanUp
                0x00000000200002e4        0x4 ./freeRTOS/tasks.o
 .bss.xSuspendedTaskList
                0x00000000200002e8       0x14 ./freeRTOS/tasks.o
 .bss.uxCurrentNumberOfTasks
                0x00000000200002fc        0x4 ./freeRTOS/tasks.o
 .bss.xTickCount
                0x0000000020000300        0x4 ./freeRTOS/tasks.o
 .bss.uxTopReadyPriority
                0x0000000020000304        0x4 ./freeRTOS/tasks.o
 .bss.xSchedulerRunning
                0x0000000020000308        0x4 ./freeRTOS/tasks.o
 .bss.xPendedTicks
                0x000000002000030c        0x4 ./freeRTOS/tasks.o
 .bss.xYieldPending
                0x0000000020000310        0x4 ./freeRTOS/tasks.o
 .bss.xNumOfOverflows
                0x0000000020000314        0x4 ./freeRTOS/tasks.o
 .bss.uxTaskNumber
                0x0000000020000318        0x4 ./freeRTOS/tasks.o
 .bss.xNextTaskUnblockTime
                0x000000002000031c        0x4 ./freeRTOS/tasks.o
 .bss.xIdleTaskHandle
                0x0000000020000320        0x4 ./freeRTOS/tasks.o
 .bss.uxSchedulerSuspended
                0x0000000020000324        0x4 ./freeRTOS/tasks.o
 .bss.xActiveTimerList1
                0x0000000020000328       0x14 ./freeRTOS/timers.o
 .bss.xActiveTimerList2
                0x000000002000033c       0x14 ./freeRTOS/timers.o
 .bss.pxCurrentTimerList
                0x0000000020000350        0x4 ./freeRTOS/timers.o
 .bss.pxOverflowTimerList
                0x0000000020000354        0x4 ./freeRTOS/timers.o
 .bss.xTimerQueue
                0x0000000020000358        0x4 ./freeRTOS/timers.o
 .bss.xTimerTaskHandle
                0x000000002000035c        0x4 ./freeRTOS/timers.o
 .bss.xLastTime.0
                0x0000000020000360        0x4 ./freeRTOS/timers.o
 .bss.ucMaxSysCallPriority
                0x0000000020000364        0x1 ./freeRTOS/portable/GCC/ARM_CM4F/port.o
 *fill*         0x0000000020000365        0x3 
 .bss.ulMaxPRIGROUPValue
                0x0000000020000368        0x4 ./freeRTOS/portable/GCC/ARM_CM4F/port.o
 .bss.ucHeap    0x000000002000036c     0x9984 ./freeRTOS/portable/MemMang/heap_4.o
 .bss.xStart    0x0000000020009cf0        0x8 ./freeRTOS/portable/MemMang/heap_4.o
 .bss.pxEnd     0x0000000020009cf8        0x4 ./freeRTOS/portable/MemMang/heap_4.o
 .bss.xFreeBytesRemaining
                0x0000000020009cfc        0x4 ./freeRTOS/portable/MemMang/heap_4.o
 .bss.xMinimumEverFreeBytesRemaining
                0x0000000020009d00        0x4 ./freeRTOS/portable/MemMang/heap_4.o
 .bss.xNumberOfSuccessfulAllocations
                0x0000000020009d04        0x4 ./freeRTOS/portable/MemMang/heap_4.o
 .bss.xNumberOfSuccessfulFrees
                0x0000000020009d08        0x4 ./freeRTOS/portable/MemMang/heap_4.o
 .bss.xBlockAllocatedBit
                0x0000000020009d0c        0x4 ./freeRTOS/portable/MemMang/heap_4.o
 .bss.__malloc_free_list
                0x0000000020009d10        0x4 c:/st/stm32cubeide_1.10.1/stm32cubeide/plugins/com.st.stm32cube.ide.mcu.externaltools.gnu-tools-for-stm32.10.3-2021.10.win32_1.0.0.202111181127/tools/bin/../lib/gcc/arm-none-eabi/10.3.1/../../../../arm-none-eabi/lib/thumb/v7e-m+fp/hard\libc_nano.a(lib_a-nano-mallocr.o)
                0x0000000020009d10                __malloc_free_list
 .bss.__malloc_sbrk_start
                0x0000000020009d14        0x4 c:/st/stm32cubeide_1.10.1/stm32cubeide/plugins/com.st.stm32cube.ide.mcu.externaltools.gnu-tools-for-stm32.10.3-2021.10.win32_1.0.0.202111181127/tools/bin/../lib/gcc/arm-none-eabi/10.3.1/../../../../arm-none-eabi/lib/thumb/v7e-m+fp/hard\libc_nano.a(lib_a-nano-mallocr.o)
                0x0000000020009d14                __malloc_sbrk_start
 .bss.errno     0x0000000020009d18        0x4 c:/st/stm32cubeide_1.10.1/stm32cubeide/plugins/com.st.stm32cube.ide.mcu.externaltools.gnu-tools-for-stm32.10.3-2021.10.win32_1.0.0.202111181127/tools/bin/../lib/gcc/arm-none-eabi/10.3.1/../../../../arm-none-eabi/lib/thumb/v7e-m+fp/hard\libc_nano.a(lib_a-reent.o)
                0x0000000020009d18                errno
 .bss.__lock___malloc_recursive_mutex
                0x0000000020009d1c        0x1 c:/st/stm32cubeide_1.10.1/stm32cubeide/plugins/com.st.stm32cube.ide.mcu.externaltools.gnu-tools-for-stm32.10.3-2021.10.win32_1.0.0.202111181127/tools/bin/../lib/gcc/arm-none-eabi/10.3.1/../../../../arm-none-eabi/lib/thumb/v7e-m+fp/hard\libc_nano.a(lib_a-lock.o)
                0x0000000020009d1c                __lock___malloc_recursive_mutex
 *(COMMON)
                0x0000000020009d20                . = ALIGN (0x4)
 *fill*         0x0000000020009d1d        0x3 
                0x0000000020009d20                _ebss = .
                0x0000000020009d20                __bss_end__ = _ebss

._user_heap_stack
                0x0000000020009d20      0x600 load address 0x00000000080076f4
                0x0000000020009d20                . = ALIGN (0x8)
                [!provide]                        PROVIDE (end = .)
                0x0000000020009d20                PROVIDE (_end = .)
                0x0000000020009f20                . = (. + _Min_Heap_Size)
 *fill*         0x0000000020009d20      0x200 
                0x000000002000a320                . = (. + _Min_Stack_Size)
 *fill*         0x0000000020009f20      0x400 
                0x000000002000a320                . = ALIGN (0x8)

/DISCARD/
 libc.a(*)
 libm.a(*)
 libgcc.a(*)

.ARM.attributes
                0x0000000000000000       0x30
 *(.ARM.attributes)
 .ARM.attributes
                0x0000000000000000       0x1e c:/st/stm32cubeide_1.10.1/stm32cubeide/plugins/com.st.stm32cube.ide.mcu.externaltools.gnu-tools-for-stm32.10.3-2021.10.win32_1.0.0.202111181127/tools/bin/../lib/gcc/arm-none-eabi/10.3.1/thumb/v7e-m+fp/hard/crti.o
 .ARM.attributes
                0x000000000000001e       0x34 c:/st/stm32cubeide_1.10.1/stm32cubeide/plugins/com.st.stm32cube.ide.mcu.externaltools.gnu-tools-for-stm32.10.3-2021.10.win32_1.0.0.202111181127/tools/bin/../lib/gcc/arm-none-eabi/10.3.1/thumb/v7e-m+fp/hard/crtbegin.o
 .ARM.attributes
                0x0000000000000052       0x34 ./App/Src/display.o
 .ARM.attributes
                0x0000000000000086       0x34 ./App/Src/main.o
 .ARM.attributes
                0x00000000000000ba       0x34 ./Bsp/buzzer.o
 .ARM.attributes
                0x00000000000000ee       0x34 ./Bsp/it.o
 .ARM.attributes
                0x0000000000000122       0x34 ./Bsp/msp.o
 .ARM.attributes
                0x0000000000000156       0x34 ./Bsp/servoMotor.o
 .ARM.attributes
                0x000000000000018a       0x34 ./Bsp/sysmem.o
 .ARM.attributes
                0x00000000000001be       0x34 ./Bsp/system_stm32f4xx.o
 .ARM.attributes
                0x00000000000001f2       0x34 ./Bsp/timBase.o
 .ARM.attributes
                0x0000000000000226       0x34 ./Drivers/STM32F4xx_HAL_Driver/Src/stm32f4xx_hal.o
 .ARM.attributes
                0x000000000000025a       0x34 ./Drivers/STM32F4xx_HAL_Driver/Src/stm32f4xx_hal_cortex.o
 .ARM.attributes
                0x000000000000028e       0x34 ./Drivers/STM32F4xx_HAL_Driver/Src/stm32f4xx_hal_gpio.o
 .ARM.attributes
                0x00000000000002c2       0x34 ./Drivers/STM32F4xx_HAL_Driver/Src/stm32f4xx_hal_rcc.o
 .ARM.attributes
                0x00000000000002f6       0x34 ./Drivers/STM32F4xx_HAL_Driver/Src/stm32f4xx_hal_spi.o
 .ARM.attributes
                0x000000000000032a       0x34 ./Drivers/STM32F4xx_HAL_Driver/Src/stm32f4xx_hal_tim.o
 .ARM.attributes
                0x000000000000035e       0x34 ./Drivers/STM32F4xx_HAL_Driver/Src/stm32f4xx_hal_tim_ex.o
 .ARM.attributes
                0x0000000000000392       0x34 ./Drivers/lib_ili9341/fonts.o
 .ARM.attributes
                0x00000000000003c6       0x34 ./Drivers/lib_ili9341/tft_ili9341.o
 .ARM.attributes
                0x00000000000003fa       0x21 ./Startup/startup_stm32f401ccux.o
 .ARM.attributes
                0x000000000000041b       0x34 ./freeRTOS/list.o
 .ARM.attributes
                0x000000000000044f       0x34 ./freeRTOS/queue.o
 .ARM.attributes
                0x0000000000000483       0x34 ./freeRTOS/tasks.o
 .ARM.attributes
                0x00000000000004b7       0x34 ./freeRTOS/timers.o
 .ARM.attributes
                0x00000000000004eb       0x34 ./freeRTOS/portable/GCC/ARM_CM4F/port.o
 .ARM.attributes
                0x000000000000051f       0x34 ./freeRTOS/portable/MemMang/heap_4.o
 .ARM.attributes
                0x0000000000000553       0x34 c:/st/stm32cubeide_1.10.1/stm32cubeide/plugins/com.st.stm32cube.ide.mcu.externaltools.gnu-tools-for-stm32.10.3-2021.10.win32_1.0.0.202111181127/tools/bin/../lib/gcc/arm-none-eabi/10.3.1/../../../../arm-none-eabi/lib/thumb/v7e-m+fp/hard\libc_nano.a(lib_a-errno.o)
 .ARM.attributes
                0x0000000000000587       0x34 c:/st/stm32cubeide_1.10.1/stm32cubeide/plugins/com.st.stm32cube.ide.mcu.externaltools.gnu-tools-for-stm32.10.3-2021.10.win32_1.0.0.202111181127/tools/bin/../lib/gcc/arm-none-eabi/10.3.1/../../../../arm-none-eabi/lib/thumb/v7e-m+fp/hard\libc_nano.a(lib_a-impure.o)
 .ARM.attributes
                0x00000000000005bb       0x34 c:/st/stm32cubeide_1.10.1/stm32cubeide/plugins/com.st.stm32cube.ide.mcu.externaltools.gnu-tools-for-stm32.10.3-2021.10.win32_1.0.0.202111181127/tools/bin/../lib/gcc/arm-none-eabi/10.3.1/../../../../arm-none-eabi/lib/thumb/v7e-m+fp/hard\libc_nano.a(lib_a-init.o)
 .ARM.attributes
                0x00000000000005ef       0x34 c:/st/stm32cubeide_1.10.1/stm32cubeide/plugins/com.st.stm32cube.ide.mcu.externaltools.gnu-tools-for-stm32.10.3-2021.10.win32_1.0.0.202111181127/tools/bin/../lib/gcc/arm-none-eabi/10.3.1/../../../../arm-none-eabi/lib/thumb/v7e-m+fp/hard\libc_nano.a(lib_a-memcpy-stub.o)
 .ARM.attributes
                0x0000000000000623       0x34 c:/st/stm32cubeide_1.10.1/stm32cubeide/plugins/com.st.stm32cube.ide.mcu.externaltools.gnu-tools-for-stm32.10.3-2021.10.win32_1.0.0.202111181127/tools/bin/../lib/gcc/arm-none-eabi/10.3.1/../../../../arm-none-eabi/lib/thumb/v7e-m+fp/hard\libc_nano.a(lib_a-memset.o)
 .ARM.attributes
                0x0000000000000657       0x34 c:/st/stm32cubeide_1.10.1/stm32cubeide/plugins/com.st.stm32cube.ide.mcu.externaltools.gnu-tools-for-stm32.10.3-2021.10.win32_1.0.0.202111181127/tools/bin/../lib/gcc/arm-none-eabi/10.3.1/../../../../arm-none-eabi/lib/thumb/v7e-m+fp/hard\libc_nano.a(lib_a-sprintf.o)
 .ARM.attributes
                0x000000000000068b       0x34 c:/st/stm32cubeide_1.10.1/stm32cubeide/plugins/com.st.stm32cube.ide.mcu.externaltools.gnu-tools-for-stm32.10.3-2021.10.win32_1.0.0.202111181127/tools/bin/../lib/gcc/arm-none-eabi/10.3.1/../../../../arm-none-eabi/lib/thumb/v7e-m+fp/hard\libc_nano.a(lib_a-nano-svfprintf.o)
 .ARM.attributes
                0x00000000000006bf       0x34 c:/st/stm32cubeide_1.10.1/stm32cubeide/plugins/com.st.stm32cube.ide.mcu.externaltools.gnu-tools-for-stm32.10.3-2021.10.win32_1.0.0.202111181127/tools/bin/../lib/gcc/arm-none-eabi/10.3.1/../../../../arm-none-eabi/lib/thumb/v7e-m+fp/hard\libc_nano.a(lib_a-nano-vfprintf_i.o)
 .ARM.attributes
                0x00000000000006f3       0x1c c:/st/stm32cubeide_1.10.1/stm32cubeide/plugins/com.st.stm32cube.ide.mcu.externaltools.gnu-tools-for-stm32.10.3-2021.10.win32_1.0.0.202111181127/tools/bin/../lib/gcc/arm-none-eabi/10.3.1/../../../../arm-none-eabi/lib/thumb/v7e-m+fp/hard\libc_nano.a(lib_a-memchr.o)
 .ARM.attributes
                0x000000000000070f       0x34 c:/st/stm32cubeide_1.10.1/stm32cubeide/plugins/com.st.stm32cube.ide.mcu.externaltools.gnu-tools-for-stm32.10.3-2021.10.win32_1.0.0.202111181127/tools/bin/../lib/gcc/arm-none-eabi/10.3.1/../../../../arm-none-eabi/lib/thumb/v7e-m+fp/hard\libc_nano.a(lib_a-memmove.o)
 .ARM.attributes
                0x0000000000000743       0x34 c:/st/stm32cubeide_1.10.1/stm32cubeide/plugins/com.st.stm32cube.ide.mcu.externaltools.gnu-tools-for-stm32.10.3-2021.10.win32_1.0.0.202111181127/tools/bin/../lib/gcc/arm-none-eabi/10.3.1/../../../../arm-none-eabi/lib/thumb/v7e-m+fp/hard\libc_nano.a(lib_a-nano-freer.o)
 .ARM.attributes
                0x0000000000000777       0x34 c:/st/stm32cubeide_1.10.1/stm32cubeide/plugins/com.st.stm32cube.ide.mcu.externaltools.gnu-tools-for-stm32.10.3-2021.10.win32_1.0.0.202111181127/tools/bin/../lib/gcc/arm-none-eabi/10.3.1/../../../../arm-none-eabi/lib/thumb/v7e-m+fp/hard\libc_nano.a(lib_a-nano-mallocr.o)
 .ARM.attributes
                0x00000000000007ab       0x34 c:/st/stm32cubeide_1.10.1/stm32cubeide/plugins/com.st.stm32cube.ide.mcu.externaltools.gnu-tools-for-stm32.10.3-2021.10.win32_1.0.0.202111181127/tools/bin/../lib/gcc/arm-none-eabi/10.3.1/../../../../arm-none-eabi/lib/thumb/v7e-m+fp/hard\libc_nano.a(lib_a-nano-reallocr.o)
 .ARM.attributes
                0x00000000000007df       0x34 c:/st/stm32cubeide_1.10.1/stm32cubeide/plugins/com.st.stm32cube.ide.mcu.externaltools.gnu-tools-for-stm32.10.3-2021.10.win32_1.0.0.202111181127/tools/bin/../lib/gcc/arm-none-eabi/10.3.1/../../../../arm-none-eabi/lib/thumb/v7e-m+fp/hard\libc_nano.a(lib_a-sbrkr.o)
 .ARM.attributes
                0x0000000000000813       0x34 c:/st/stm32cubeide_1.10.1/stm32cubeide/plugins/com.st.stm32cube.ide.mcu.externaltools.gnu-tools-for-stm32.10.3-2021.10.win32_1.0.0.202111181127/tools/bin/../lib/gcc/arm-none-eabi/10.3.1/../../../../arm-none-eabi/lib/thumb/v7e-m+fp/hard\libc_nano.a(lib_a-mlock.o)
 .ARM.attributes
                0x0000000000000847       0x34 c:/st/stm32cubeide_1.10.1/stm32cubeide/plugins/com.st.stm32cube.ide.mcu.externaltools.gnu-tools-for-stm32.10.3-2021.10.win32_1.0.0.202111181127/tools/bin/../lib/gcc/arm-none-eabi/10.3.1/../../../../arm-none-eabi/lib/thumb/v7e-m+fp/hard\libc_nano.a(lib_a-nano-msizer.o)
 .ARM.attributes
                0x000000000000087b       0x34 c:/st/stm32cubeide_1.10.1/stm32cubeide/plugins/com.st.stm32cube.ide.mcu.externaltools.gnu-tools-for-stm32.10.3-2021.10.win32_1.0.0.202111181127/tools/bin/../lib/gcc/arm-none-eabi/10.3.1/../../../../arm-none-eabi/lib/thumb/v7e-m+fp/hard\libc_nano.a(lib_a-reent.o)
 .ARM.attributes
                0x00000000000008af       0x34 c:/st/stm32cubeide_1.10.1/stm32cubeide/plugins/com.st.stm32cube.ide.mcu.externaltools.gnu-tools-for-stm32.10.3-2021.10.win32_1.0.0.202111181127/tools/bin/../lib/gcc/arm-none-eabi/10.3.1/../../../../arm-none-eabi/lib/thumb/v7e-m+fp/hard\libc_nano.a(lib_a-lock.o)
 .ARM.attributes
                0x00000000000008e3       0x1e c:/st/stm32cubeide_1.10.1/stm32cubeide/plugins/com.st.stm32cube.ide.mcu.externaltools.gnu-tools-for-stm32.10.3-2021.10.win32_1.0.0.202111181127/tools/bin/../lib/gcc/arm-none-eabi/10.3.1/thumb/v7e-m+fp/hard/crtn.o
OUTPUT(foodDispenser.elf elf32-littlearm)
LOAD linker stubs
LOAD c:/st/stm32cubeide_1.10.1/stm32cubeide/plugins/com.st.stm32cube.ide.mcu.externaltools.gnu-tools-for-stm32.10.3-2021.10.win32_1.0.0.202111181127/tools/bin/../lib/gcc/arm-none-eabi/10.3.1/../../../../arm-none-eabi/lib/thumb/v7e-m+fp/hard\libc.a
LOAD c:/st/stm32cubeide_1.10.1/stm32cubeide/plugins/com.st.stm32cube.ide.mcu.externaltools.gnu-tools-for-stm32.10.3-2021.10.win32_1.0.0.202111181127/tools/bin/../lib/gcc/arm-none-eabi/10.3.1/../../../../arm-none-eabi/lib/thumb/v7e-m+fp/hard\libm.a
LOAD c:/st/stm32cubeide_1.10.1/stm32cubeide/plugins/com.st.stm32cube.ide.mcu.externaltools.gnu-tools-for-stm32.10.3-2021.10.win32_1.0.0.202111181127/tools/bin/../lib/gcc/arm-none-eabi/10.3.1/thumb/v7e-m+fp/hard\libgcc.a

.debug_info     0x0000000000000000    0x13e10
 .debug_info    0x0000000000000000      0x6a5 ./App/Src/display.o
 .debug_info    0x00000000000006a5     0x1198 ./App/Src/main.o
 .debug_info    0x000000000000183d      0x808 ./Bsp/buzzer.o
 .debug_info    0x0000000000002045      0x863 ./Bsp/it.o
 .debug_info    0x00000000000028a8      0xcde ./Bsp/msp.o
 .debug_info    0x0000000000003586      0x849 ./Bsp/servoMotor.o
 .debug_info    0x0000000000003dcf      0x171 ./Bsp/sysmem.o
 .debug_info    0x0000000000003f40      0x54f ./Bsp/system_stm32f4xx.o
 .debug_info    0x000000000000448f      0xbca ./Bsp/timBase.o
 .debug_info    0x0000000000005059      0x906 ./Drivers/STM32F4xx_HAL_Driver/Src/stm32f4xx_hal.o
 .debug_info    0x000000000000595f      0xd85 ./Drivers/STM32F4xx_HAL_Driver/Src/stm32f4xx_hal_cortex.o
 .debug_info    0x00000000000066e4      0x78e ./Drivers/STM32F4xx_HAL_Driver/Src/stm32f4xx_hal_gpio.o
 .debug_info    0x0000000000006e72      0x98c ./Drivers/STM32F4xx_HAL_Driver/Src/stm32f4xx_hal_rcc.o
 .debug_info    0x00000000000077fe     0x1604 ./Drivers/STM32F4xx_HAL_Driver/Src/stm32f4xx_hal_spi.o
 .debug_info    0x0000000000008e02     0x2bb6 ./Drivers/STM32F4xx_HAL_Driver/Src/stm32f4xx_hal_tim.o
 .debug_info    0x000000000000b9b8     0x15d8 ./Drivers/STM32F4xx_HAL_Driver/Src/stm32f4xx_hal_tim_ex.o
 .debug_info    0x000000000000cf90      0x1ae ./Drivers/lib_ili9341/fonts.o
 .debug_info    0x000000000000d13e     0x1279 ./Drivers/lib_ili9341/tft_ili9341.o
 .debug_info    0x000000000000e3b7       0x22 ./Startup/startup_stm32f401ccux.o
 .debug_info    0x000000000000e3d9      0x2d1 ./freeRTOS/list.o
 .debug_info    0x000000000000e6aa     0x1926 ./freeRTOS/queue.o
 .debug_info    0x000000000000ffd0     0x25ab ./freeRTOS/tasks.o
 .debug_info    0x000000000001257b      0xe83 ./freeRTOS/timers.o
 .debug_info    0x00000000000133fe      0x507 ./freeRTOS/portable/GCC/ARM_CM4F/port.o
 .debug_info    0x0000000000013905      0x50b ./freeRTOS/portable/MemMang/heap_4.o

.debug_abbrev   0x0000000000000000     0x32dc
 .debug_abbrev  0x0000000000000000      0x1f6 ./App/Src/display.o
 .debug_abbrev  0x00000000000001f6      0x2c7 ./App/Src/main.o
 .debug_abbrev  0x00000000000004bd      0x19b ./Bsp/buzzer.o
 .debug_abbrev  0x0000000000000658      0x1ec ./Bsp/it.o
 .debug_abbrev  0x0000000000000844      0x1c5 ./Bsp/msp.o
 .debug_abbrev  0x0000000000000a09      0x1ec ./Bsp/servoMotor.o
 .debug_abbrev  0x0000000000000bf5       0xbb ./Bsp/sysmem.o
 .debug_abbrev  0x0000000000000cb0      0x116 ./Bsp/system_stm32f4xx.o
 .debug_abbrev  0x0000000000000dc6      0x1f7 ./Bsp/timBase.o
 .debug_abbrev  0x0000000000000fbd      0x23e ./Drivers/STM32F4xx_HAL_Driver/Src/stm32f4xx_hal.o
 .debug_abbrev  0x00000000000011fb      0x316 ./Drivers/STM32F4xx_HAL_Driver/Src/stm32f4xx_hal_cortex.o
 .debug_abbrev  0x0000000000001511      0x1c4 ./Drivers/STM32F4xx_HAL_Driver/Src/stm32f4xx_hal_gpio.o
 .debug_abbrev  0x00000000000016d5      0x2aa ./Drivers/STM32F4xx_HAL_Driver/Src/stm32f4xx_hal_rcc.o
 .debug_abbrev  0x000000000000197f      0x27f ./Drivers/STM32F4xx_HAL_Driver/Src/stm32f4xx_hal_spi.o
 .debug_abbrev  0x0000000000001bfe      0x26e ./Drivers/STM32F4xx_HAL_Driver/Src/stm32f4xx_hal_tim.o
 .debug_abbrev  0x0000000000001e6c      0x276 ./Drivers/STM32F4xx_HAL_Driver/Src/stm32f4xx_hal_tim_ex.o
 .debug_abbrev  0x00000000000020e2       0xad ./Drivers/lib_ili9341/fonts.o
 .debug_abbrev  0x000000000000218f      0x29b ./Drivers/lib_ili9341/tft_ili9341.o
 .debug_abbrev  0x000000000000242a       0x12 ./Startup/startup_stm32f401ccux.o
 .debug_abbrev  0x000000000000243c       0xf2 ./freeRTOS/list.o
 .debug_abbrev  0x000000000000252e      0x312 ./freeRTOS/queue.o
 .debug_abbrev  0x0000000000002840      0x36c ./freeRTOS/tasks.o
 .debug_abbrev  0x0000000000002bac      0x2c5 ./freeRTOS/timers.o
 .debug_abbrev  0x0000000000002e71      0x259 ./freeRTOS/portable/GCC/ARM_CM4F/port.o
 .debug_abbrev  0x00000000000030ca      0x212 ./freeRTOS/portable/MemMang/heap_4.o

.debug_aranges  0x0000000000000000     0x1218
 .debug_aranges
                0x0000000000000000       0x58 ./App/Src/display.o
 .debug_aranges
                0x0000000000000058       0x70 ./App/Src/main.o
 .debug_aranges
                0x00000000000000c8       0x30 ./Bsp/buzzer.o
 .debug_aranges
                0x00000000000000f8       0x50 ./Bsp/it.o
 .debug_aranges
                0x0000000000000148       0x30 ./Bsp/msp.o
 .debug_aranges
                0x0000000000000178       0x38 ./Bsp/servoMotor.o
 .debug_aranges
                0x00000000000001b0       0x20 ./Bsp/sysmem.o
 .debug_aranges
                0x00000000000001d0       0x28 ./Bsp/system_stm32f4xx.o
 .debug_aranges
                0x00000000000001f8       0x30 ./Bsp/timBase.o
 .debug_aranges
                0x0000000000000228       0xf0 ./Drivers/STM32F4xx_HAL_Driver/Src/stm32f4xx_hal.o
 .debug_aranges
                0x0000000000000318      0x118 ./Drivers/STM32F4xx_HAL_Driver/Src/stm32f4xx_hal_cortex.o
 .debug_aranges
                0x0000000000000430       0x58 ./Drivers/STM32F4xx_HAL_Driver/Src/stm32f4xx_hal_gpio.o
 .debug_aranges
                0x0000000000000488       0x88 ./Drivers/STM32F4xx_HAL_Driver/Src/stm32f4xx_hal_rcc.o
 .debug_aranges
                0x0000000000000510      0x1c8 ./Drivers/STM32F4xx_HAL_Driver/Src/stm32f4xx_hal_spi.o
 .debug_aranges
                0x00000000000006d8      0x3d0 ./Drivers/STM32F4xx_HAL_Driver/Src/stm32f4xx_hal_tim.o
 .debug_aranges
                0x0000000000000aa8      0x168 ./Drivers/STM32F4xx_HAL_Driver/Src/stm32f4xx_hal_tim_ex.o
 .debug_aranges
                0x0000000000000c10       0x18 ./Drivers/lib_ili9341/fonts.o
 .debug_aranges
                0x0000000000000c28       0xa8 ./Drivers/lib_ili9341/tft_ili9341.o
 .debug_aranges
                0x0000000000000cd0       0x28 ./Startup/startup_stm32f401ccux.o
 .debug_aranges
                0x0000000000000cf8       0x40 ./freeRTOS/list.o
 .debug_aranges
                0x0000000000000d38      0x130 ./freeRTOS/queue.o
 .debug_aranges
                0x0000000000000e68      0x1f8 ./freeRTOS/tasks.o
 .debug_aranges
                0x0000000000001060       0xe0 ./freeRTOS/timers.o
 .debug_aranges
                0x0000000000001140       0x80 ./freeRTOS/portable/GCC/ARM_CM4F/port.o
 .debug_aranges
                0x00000000000011c0       0x58 ./freeRTOS/portable/MemMang/heap_4.o

.debug_ranges   0x0000000000000000     0x1088
 .debug_ranges  0x0000000000000000       0x48 ./App/Src/display.o
 .debug_ranges  0x0000000000000048       0x60 ./App/Src/main.o
 .debug_ranges  0x00000000000000a8       0x20 ./Bsp/buzzer.o
 .debug_ranges  0x00000000000000c8       0x40 ./Bsp/it.o
 .debug_ranges  0x0000000000000108       0x20 ./Bsp/msp.o
 .debug_ranges  0x0000000000000128       0x28 ./Bsp/servoMotor.o
 .debug_ranges  0x0000000000000150       0x10 ./Bsp/sysmem.o
 .debug_ranges  0x0000000000000160       0x18 ./Bsp/system_stm32f4xx.o
 .debug_ranges  0x0000000000000178       0x20 ./Bsp/timBase.o
 .debug_ranges  0x0000000000000198       0xe0 ./Drivers/STM32F4xx_HAL_Driver/Src/stm32f4xx_hal.o
 .debug_ranges  0x0000000000000278      0x108 ./Drivers/STM32F4xx_HAL_Driver/Src/stm32f4xx_hal_cortex.o
 .debug_ranges  0x0000000000000380       0x48 ./Drivers/STM32F4xx_HAL_Driver/Src/stm32f4xx_hal_gpio.o
 .debug_ranges  0x00000000000003c8       0x78 ./Drivers/STM32F4xx_HAL_Driver/Src/stm32f4xx_hal_rcc.o
 .debug_ranges  0x0000000000000440      0x1b8 ./Drivers/STM32F4xx_HAL_Driver/Src/stm32f4xx_hal_spi.o
 .debug_ranges  0x00000000000005f8      0x3c0 ./Drivers/STM32F4xx_HAL_Driver/Src/stm32f4xx_hal_tim.o
 .debug_ranges  0x00000000000009b8      0x158 ./Drivers/STM32F4xx_HAL_Driver/Src/stm32f4xx_hal_tim_ex.o
 .debug_ranges  0x0000000000000b10       0x98 ./Drivers/lib_ili9341/tft_ili9341.o
 .debug_ranges  0x0000000000000ba8       0x20 ./Startup/startup_stm32f401ccux.o
 .debug_ranges  0x0000000000000bc8       0x30 ./freeRTOS/list.o
 .debug_ranges  0x0000000000000bf8      0x120 ./freeRTOS/queue.o
 .debug_ranges  0x0000000000000d18      0x1e8 ./freeRTOS/tasks.o
 .debug_ranges  0x0000000000000f00       0xd0 ./freeRTOS/timers.o
 .debug_ranges  0x0000000000000fd0       0x70 ./freeRTOS/portable/GCC/ARM_CM4F/port.o
 .debug_ranges  0x0000000000001040       0x48 ./freeRTOS/portable/MemMang/heap_4.o

.debug_macro    0x0000000000000000    0x19203
 .debug_macro   0x0000000000000000      0x40b ./App/Src/display.o
 .debug_macro   0x000000000000040b      0xa78 ./App/Src/display.o
 .debug_macro   0x0000000000000e83       0x22 ./App/Src/display.o
 .debug_macro   0x0000000000000ea5       0x8e ./App/Src/display.o
 .debug_macro   0x0000000000000f33       0x51 ./App/Src/display.o
 .debug_macro   0x0000000000000f84      0x103 ./App/Src/display.o
 .debug_macro   0x0000000000001087       0x6a ./App/Src/display.o
 .debug_macro   0x00000000000010f1      0x1df ./App/Src/display.o
 .debug_macro   0x00000000000012d0       0x52 ./App/Src/display.o
 .debug_macro   0x0000000000001322       0x1e ./App/Src/display.o
 .debug_macro   0x0000000000001340       0x3c ./App/Src/display.o
 .debug_macro   0x000000000000137c       0x34 ./App/Src/display.o
 .debug_macro   0x00000000000013b0       0x16 ./App/Src/display.o
 .debug_macro   0x00000000000013c6       0x97 ./App/Src/display.o
 .debug_macro   0x000000000000145d      0x341 ./App/Src/display.o
 .debug_macro   0x000000000000179e       0xfd ./App/Src/display.o
 .debug_macro   0x000000000000189b       0x10 ./App/Src/display.o
 .debug_macro   0x00000000000018ab       0x16 ./App/Src/display.o
 .debug_macro   0x00000000000018c1       0x43 ./App/Src/display.o
 .debug_macro   0x0000000000001904       0x34 ./App/Src/display.o
 .debug_macro   0x0000000000001938       0x10 ./App/Src/display.o
 .debug_macro   0x0000000000001948       0x58 ./App/Src/display.o
 .debug_macro   0x00000000000019a0       0x71 ./App/Src/display.o
 .debug_macro   0x0000000000001a11       0x1c ./App/Src/display.o
 .debug_macro   0x0000000000001a2d      0x12a ./App/Src/display.o
 .debug_macro   0x0000000000001b57       0x10 ./App/Src/display.o
 .debug_macro   0x0000000000001b67       0x1c ./App/Src/display.o
 .debug_macro   0x0000000000001b83       0x52 ./App/Src/display.o
 .debug_macro   0x0000000000001bd5       0x22 ./App/Src/display.o
 .debug_macro   0x0000000000001bf7       0x10 ./App/Src/display.o
 .debug_macro   0x0000000000001c07       0x52 ./App/Src/display.o
 .debug_macro   0x0000000000001c59       0xd5 ./App/Src/display.o
 .debug_macro   0x0000000000001d2e       0x1c ./App/Src/display.o
 .debug_macro   0x0000000000001d4a       0x3d ./App/Src/display.o
 .debug_macro   0x0000000000001d87       0x16 ./App/Src/display.o
 .debug_macro   0x0000000000001d9d      0x145 ./App/Src/display.o
 .debug_macro   0x0000000000001ee2       0x16 ./App/Src/display.o
 .debug_macro   0x0000000000001ef8       0xfa ./App/Src/display.o
 .debug_macro   0x0000000000001ff2      0x2a1 ./App/Src/display.o
 .debug_macro   0x0000000000002293       0x2e ./App/Src/display.o
 .debug_macro   0x00000000000022c1       0x28 ./App/Src/display.o
 .debug_macro   0x00000000000022e9       0x1c ./App/Src/display.o
 .debug_macro   0x0000000000002305       0x22 ./App/Src/display.o
 .debug_macro   0x0000000000002327       0xd9 ./App/Src/display.o
 .debug_macro   0x0000000000002400     0x102d ./App/Src/display.o
 .debug_macro   0x000000000000342d      0x11f ./App/Src/display.o
 .debug_macro   0x000000000000354c     0xb86c ./App/Src/display.o
 .debug_macro   0x000000000000edb8       0x6d ./App/Src/display.o
 .debug_macro   0x000000000000ee25     0x367e ./App/Src/display.o
 .debug_macro   0x00000000000124a3       0x56 ./App/Src/display.o
 .debug_macro   0x00000000000124f9      0x416 ./App/Src/display.o
 .debug_macro   0x000000000001290f      0x9fe ./App/Src/display.o
 .debug_macro   0x000000000001330d      0x115 ./App/Src/display.o
 .debug_macro   0x0000000000013422       0xf8 ./App/Src/display.o
 .debug_macro   0x000000000001351a       0xa5 ./App/Src/display.o
 .debug_macro   0x00000000000135bf      0x15f ./App/Src/display.o
 .debug_macro   0x000000000001371e      0x287 ./App/Src/display.o
 .debug_macro   0x00000000000139a5       0x5f ./App/Src/display.o
 .debug_macro   0x0000000000013a04      0x236 ./App/Src/display.o
 .debug_macro   0x0000000000013c3a      0x132 ./App/Src/display.o
 .debug_macro   0x0000000000013d6c      0x23a ./App/Src/display.o
 .debug_macro   0x0000000000013fa6       0x2e ./App/Src/display.o
 .debug_macro   0x0000000000013fd4      0x11a ./App/Src/display.o
 .debug_macro   0x00000000000140ee       0x85 ./App/Src/display.o
 .debug_macro   0x0000000000014173       0x89 ./App/Src/display.o
 .debug_macro   0x00000000000141fc      0x202 ./App/Src/display.o
 .debug_macro   0x00000000000143fe      0x8e6 ./App/Src/display.o
 .debug_macro   0x0000000000014ce4       0x47 ./App/Src/display.o
 .debug_macro   0x0000000000014d2b      0x295 ./App/Src/display.o
 .debug_macro   0x0000000000014fc0      0x126 ./App/Src/display.o
 .debug_macro   0x00000000000150e6      0x377 ./App/Src/display.o
 .debug_macro   0x000000000001545d      0x115 ./App/Src/display.o
 .debug_macro   0x0000000000015572      0x15a ./App/Src/display.o
 .debug_macro   0x00000000000156cc       0xea ./App/Src/display.o
 .debug_macro   0x00000000000157b6       0x28 ./App/Src/display.o
 .debug_macro   0x00000000000157de       0x1f ./App/Src/display.o
 .debug_macro   0x00000000000157fd       0x12 ./App/Src/display.o
 .debug_macro   0x000000000001580f      0x4fd ./App/Src/display.o
 .debug_macro   0x0000000000015d0c       0xc3 ./App/Src/display.o
 .debug_macro   0x0000000000015dcf      0x120 ./App/Src/display.o
 .debug_macro   0x0000000000015eef      0x3ea ./App/Src/main.o
 .debug_macro   0x00000000000162d9      0x1f1 ./Bsp/buzzer.o
 .debug_macro   0x00000000000164ca      0x174 ./Bsp/buzzer.o
 .debug_macro   0x000000000001663e       0x5c ./Bsp/buzzer.o
 .debug_macro   0x000000000001669a      0x3bc ./Bsp/it.o
 .debug_macro   0x0000000000016a56      0x1e1 ./Bsp/msp.o
 .debug_macro   0x0000000000016c37      0x20f ./Bsp/servoMotor.o
 .debug_macro   0x0000000000016e46       0xff ./Bsp/sysmem.o
 .debug_macro   0x0000000000016f45      0x23b ./Bsp/sysmem.o
 .debug_macro   0x0000000000017180      0x1d8 ./Bsp/system_stm32f4xx.o
 .debug_macro   0x0000000000017358      0x1d8 ./Bsp/timBase.o
 .debug_macro   0x0000000000017530      0x238 ./Drivers/STM32F4xx_HAL_Driver/Src/stm32f4xx_hal.o
 .debug_macro   0x0000000000017768      0x1d8 ./Drivers/STM32F4xx_HAL_Driver/Src/stm32f4xx_hal_cortex.o
 .debug_macro   0x0000000000017940      0x1de ./Drivers/STM32F4xx_HAL_Driver/Src/stm32f4xx_hal_gpio.o
 .debug_macro   0x0000000000017b1e      0x1fc ./Drivers/STM32F4xx_HAL_Driver/Src/stm32f4xx_hal_rcc.o
 .debug_macro   0x0000000000017d1a      0x1e0 ./Drivers/STM32F4xx_HAL_Driver/Src/stm32f4xx_hal_spi.o
 .debug_macro   0x0000000000017efa      0x1d9 ./Drivers/STM32F4xx_HAL_Driver/Src/stm32f4xx_hal_tim.o
 .debug_macro   0x00000000000180d3      0x1d8 ./Drivers/STM32F4xx_HAL_Driver/Src/stm32f4xx_hal_tim_ex.o
 .debug_macro   0x00000000000182ab       0x6d ./Drivers/lib_ili9341/fonts.o
 .debug_macro   0x0000000000018318      0x21b ./Drivers/lib_ili9341/tft_ili9341.o
 .debug_macro   0x0000000000018533      0x198 ./freeRTOS/list.o
 .debug_macro   0x00000000000186cb      0x221 ./freeRTOS/queue.o
 .debug_macro   0x00000000000188ec       0x16 ./freeRTOS/queue.o
 .debug_macro   0x0000000000018902       0x20 ./freeRTOS/queue.o
 .debug_macro   0x0000000000018922       0x80 ./freeRTOS/queue.o
 .debug_macro   0x00000000000189a2      0x27e ./freeRTOS/tasks.o
 .debug_macro   0x0000000000018c20       0x17 ./freeRTOS/tasks.o
 .debug_macro   0x0000000000018c37      0x1e7 ./freeRTOS/timers.o
 .debug_macro   0x0000000000018e1e       0x97 ./freeRTOS/timers.o
 .debug_macro   0x0000000000018eb5      0x19b ./freeRTOS/portable/GCC/ARM_CM4F/port.o
 .debug_macro   0x0000000000019050      0x1b3 ./freeRTOS/portable/MemMang/heap_4.o

.debug_line     0x0000000000000000    0x1512c
 .debug_line    0x0000000000000000      0xd28 ./App/Src/display.o
 .debug_line    0x0000000000000d28      0xce6 ./App/Src/main.o
 .debug_line    0x0000000000001a0e      0x76a ./Bsp/buzzer.o
 .debug_line    0x0000000000002178      0xad2 ./Bsp/it.o
 .debug_line    0x0000000000002c4a      0x754 ./Bsp/msp.o
 .debug_line    0x000000000000339e      0x7a6 ./Bsp/servoMotor.o
 .debug_line    0x0000000000003b44      0x4e5 ./Bsp/sysmem.o
 .debug_line    0x0000000000004029      0x78c ./Bsp/system_stm32f4xx.o
 .debug_line    0x00000000000047b5      0x763 ./Bsp/timBase.o
 .debug_line    0x0000000000004f18      0x9f7 ./Drivers/STM32F4xx_HAL_Driver/Src/stm32f4xx_hal.o
 .debug_line    0x000000000000590f      0xca6 ./Drivers/STM32F4xx_HAL_Driver/Src/stm32f4xx_hal_cortex.o
 .debug_line    0x00000000000065b5      0xb2f ./Drivers/STM32F4xx_HAL_Driver/Src/stm32f4xx_hal_gpio.o
 .debug_line    0x00000000000070e4      0xd73 ./Drivers/STM32F4xx_HAL_Driver/Src/stm32f4xx_hal_rcc.o
 .debug_line    0x0000000000007e57     0x1b0c ./Drivers/STM32F4xx_HAL_Driver/Src/stm32f4xx_hal_spi.o
 .debug_line    0x0000000000009963     0x34c5 ./Drivers/STM32F4xx_HAL_Driver/Src/stm32f4xx_hal_tim.o
 .debug_line    0x000000000000ce28     0x198f ./Drivers/STM32F4xx_HAL_Driver/Src/stm32f4xx_hal_tim_ex.o
 .debug_line    0x000000000000e7b7      0x37e ./Drivers/lib_ili9341/fonts.o
 .debug_line    0x000000000000eb35      0xb9c ./Drivers/lib_ili9341/tft_ili9341.o
 .debug_line    0x000000000000f6d1       0x83 ./Startup/startup_stm32f401ccux.o
 .debug_line    0x000000000000f754      0x75d ./freeRTOS/list.o
 .debug_line    0x000000000000feb1     0x1686 ./freeRTOS/queue.o
 .debug_line    0x0000000000011537     0x1da1 ./freeRTOS/tasks.o
 .debug_line    0x00000000000132d8      0xc69 ./freeRTOS/timers.o
 .debug_line    0x0000000000013f41      0x843 ./freeRTOS/portable/GCC/ARM_CM4F/port.o
 .debug_line    0x0000000000014784      0x9a8 ./freeRTOS/portable/MemMang/heap_4.o

.debug_str      0x0000000000000000    0x98bbe
 .debug_str     0x0000000000000000    0x90f28 ./App/Src/display.o
                                      0x911f0 (size before relaxing)
 .debug_str     0x0000000000090f28      0xd29 ./App/Src/main.o
                                      0x90e82 (size before relaxing)
 .debug_str     0x0000000000091c51       0xf5 ./Bsp/buzzer.o
                                      0x878e0 (size before relaxing)
 .debug_str     0x0000000000091d46      0x179 ./Bsp/it.o
                                      0x90687 (size before relaxing)
 .debug_str     0x0000000000091ebf       0x7f ./Bsp/msp.o
                                      0x87d66 (size before relaxing)
 .debug_str     0x0000000000091f3e      0x1d1 ./Bsp/servoMotor.o
                                      0x87a8c (size before relaxing)
 .debug_str     0x000000000009210f      0x355 ./Bsp/sysmem.o
                                       0x5db6 (size before relaxing)
 .debug_str     0x0000000000092464       0xd6 ./Bsp/system_stm32f4xx.o
                                      0x87010 (size before relaxing)
 .debug_str     0x000000000009253a       0xd9 ./Bsp/timBase.o
                                      0x87982 (size before relaxing)
 .debug_str     0x0000000000092613      0x5ac ./Drivers/STM32F4xx_HAL_Driver/Src/stm32f4xx_hal.o
                                      0x87a37 (size before relaxing)
 .debug_str     0x0000000000092bbf      0x33a ./Drivers/STM32F4xx_HAL_Driver/Src/stm32f4xx_hal_cortex.o
                                      0x87758 (size before relaxing)
 .debug_str     0x0000000000092ef9       0xee ./Drivers/STM32F4xx_HAL_Driver/Src/stm32f4xx_hal_gpio.o
                                      0x87190 (size before relaxing)
 .debug_str     0x0000000000092fe7      0x1fd ./Drivers/STM32F4xx_HAL_Driver/Src/stm32f4xx_hal_rcc.o
                                      0x87449 (size before relaxing)
 .debug_str     0x00000000000931e4      0x6fe ./Drivers/STM32F4xx_HAL_Driver/Src/stm32f4xx_hal_spi.o
                                      0x87821 (size before relaxing)
 .debug_str     0x00000000000938e2      0xcec ./Drivers/STM32F4xx_HAL_Driver/Src/stm32f4xx_hal_tim.o
                                      0x8837d (size before relaxing)
 .debug_str     0x00000000000945ce      0x503 ./Drivers/STM32F4xx_HAL_Driver/Src/stm32f4xx_hal_tim_ex.o
                                      0x87b99 (size before relaxing)
 .debug_str     0x0000000000094ad1       0x51 ./Drivers/lib_ili9341/fonts.o
                                       0x3c90 (size before relaxing)
 .debug_str     0x0000000000094b22      0x25d ./Drivers/lib_ili9341/tft_ili9341.o
                                      0x885f2 (size before relaxing)
 .debug_str     0x0000000000094d7f       0x31 ./Startup/startup_stm32f401ccux.o
                                         0x78 (size before relaxing)
 .debug_str     0x0000000000094db0      0x25a ./freeRTOS/list.o
                                       0xac37 (size before relaxing)
 .debug_str     0x000000000009500a     0x11ed ./freeRTOS/queue.o
                                       0xd0d1 (size before relaxing)
 .debug_str     0x00000000000961f7     0x1a2c ./freeRTOS/tasks.o
                                       0xdd30 (size before relaxing)
 .debug_str     0x0000000000097c23      0x53a ./freeRTOS/timers.o
                                       0xd494 (size before relaxing)
 .debug_str     0x000000000009815d      0x75c ./freeRTOS/portable/GCC/ARM_CM4F/port.o
                                       0x9723 (size before relaxing)
 .debug_str     0x00000000000988b9      0x305 ./freeRTOS/portable/MemMang/heap_4.o
                                       0xc100 (size before relaxing)

.comment        0x0000000000000000       0x50
 .comment       0x0000000000000000       0x50 ./App/Src/display.o
                                         0x51 (size before relaxing)
 .comment       0x0000000000000050       0x51 ./App/Src/main.o
 .comment       0x0000000000000050       0x51 ./Bsp/buzzer.o
 .comment       0x0000000000000050       0x51 ./Bsp/it.o
 .comment       0x0000000000000050       0x51 ./Bsp/msp.o
 .comment       0x0000000000000050       0x51 ./Bsp/servoMotor.o
 .comment       0x0000000000000050       0x51 ./Bsp/sysmem.o
 .comment       0x0000000000000050       0x51 ./Bsp/system_stm32f4xx.o
 .comment       0x0000000000000050       0x51 ./Bsp/timBase.o
 .comment       0x0000000000000050       0x51 ./Drivers/STM32F4xx_HAL_Driver/Src/stm32f4xx_hal.o
 .comment       0x0000000000000050       0x51 ./Drivers/STM32F4xx_HAL_Driver/Src/stm32f4xx_hal_cortex.o
 .comment       0x0000000000000050       0x51 ./Drivers/STM32F4xx_HAL_Driver/Src/stm32f4xx_hal_gpio.o
 .comment       0x0000000000000050       0x51 ./Drivers/STM32F4xx_HAL_Driver/Src/stm32f4xx_hal_rcc.o
 .comment       0x0000000000000050       0x51 ./Drivers/STM32F4xx_HAL_Driver/Src/stm32f4xx_hal_spi.o
 .comment       0x0000000000000050       0x51 ./Drivers/STM32F4xx_HAL_Driver/Src/stm32f4xx_hal_tim.o
 .comment       0x0000000000000050       0x51 ./Drivers/STM32F4xx_HAL_Driver/Src/stm32f4xx_hal_tim_ex.o
 .comment       0x0000000000000050       0x51 ./Drivers/lib_ili9341/fonts.o
 .comment       0x0000000000000050       0x51 ./Drivers/lib_ili9341/tft_ili9341.o
 .comment       0x0000000000000050       0x51 ./freeRTOS/list.o
 .comment       0x0000000000000050       0x51 ./freeRTOS/queue.o
 .comment       0x0000000000000050       0x51 ./freeRTOS/tasks.o
 .comment       0x0000000000000050       0x51 ./freeRTOS/timers.o
 .comment       0x0000000000000050       0x51 ./freeRTOS/portable/GCC/ARM_CM4F/port.o
 .comment       0x0000000000000050       0x51 ./freeRTOS/portable/MemMang/heap_4.o

.debug_frame    0x0000000000000000     0x4d84
 .debug_frame   0x0000000000000000      0x134 ./App/Src/display.o
 .debug_frame   0x0000000000000134      0x184 ./App/Src/main.o