15:23:00 **** Incremental Build of configuration Debug for project pet_food_dispenser ****
make -j12 all 
arm-none-eabi-gcc "../Core/Src/main.c" -mcpu=cortex-m4 -std=gnu11 -g3 -DDEBUG -DUSE_HAL_DRIVER -DSTM32F446xx -c -I../Core/Inc -I"C:/Users/U62REFW/main_personal/dispenser_ili3241_2_8/workspace/pet_food_dispenser/thirdParty/freeRTOS/include" -I"C:/Users/U62REFW/main_personal/dispenser_ili3241_2_8/workspace/pet_food_dispenser/thirdParty/freeRTOS/portable/GCC/ARM_CM4F" -I../Drivers/STM32F4xx_HAL_Driver/Inc -I../Drivers/STM32F4xx_HAL_Driver/Inc/Legacy -I../Drivers/CMSIS/Device/ST/STM32F4xx/Include -I../Drivers/CMSIS/Include -O0 -ffunction-sections -fdata-sections -Wall -fstack-usage -MMD -MP -MF"Core/Src/main.d" -MT"Core/Src/main.o" --specs=nano.specs -mfpu=fpv4-sp-d16 -mfloat-abi=hard -mthumb -o "Core/Src/main.o"
arm-none-eabi-gcc -o "pet_food_dispenser.elf" @"objects.list"   -mcpu=cortex-m4 -T"C:\Users\U62REFW\main_personal\dispenser_ili3241_2_8\workspace\pet_food_dispenser\STM32F446RETX_FLASH.ld" --specs=nosys.specs -Wl,-Map="pet_food_dispenser.map" -Wl,--gc-sections -static --specs=nano.specs -mfpu=fpv4-sp-d16 -mfloat-abi=hard -mthumb -Wl,--start-group -lc -lm -Wl,--end-group
Finished building target: pet_food_dispenser.elf
 
arm-none-eabi-size   pet_food_dispenser.elf 
arm-none-eabi-objdump -h -S  pet_food_dispenser.elf  > "pet_food_dispenser.list"
   text	   data	    bss	    dec	    hex	filename
  19312	     28	  78932	  98272	  17fe0	pet_food_dispenser.elf
Finished building: default.size.stdout
 
Finished building: pet_food_dispenser.list
 
