14:48:37 **** Incremental Build of configuration Debug for project pet_food_dispenser ****
make -j12 all 
arm-none-eabi-gcc "../thirdParty/freeRTOS/portable/MemMang/heap_4.c" -mcpu=cortex-m4 -std=gnu11 -g3 -DDEBUG -DUSE_HAL_DRIVER -DSTM32F446xx -c -I../Core/Inc -I"C:/Users/U62REFW/main_personal/dispenser_ili3241_2_8/workspace/pet_food_dispenser/thirdParty/freeRTOS/include" -I"C:/Users/U62REFW/main_personal/dispenser_ili3241_2_8/workspace/pet_food_dispenser/thirdParty/freeRTOS/portable/GCC/ARM_CM4F" -I../Drivers/STM32F4xx_HAL_Driver/Inc -I../Drivers/STM32F4xx_HAL_Driver/Inc/Legacy -I../Drivers/CMSIS/Device/ST/STM32F4xx/Include -I../Drivers/CMSIS/Include -O0 -ffunction-sections -fdata-sections -Wall -fstack-usage -MMD -MP -MF"thirdParty/freeRTOS/portable/MemMang/heap_4.d" -MT"thirdParty/freeRTOS/portable/MemMang/heap_4.o" --specs=nano.specs -mfpu=fpv4-sp-d16 -mfloat-abi=hard -mthumb -o "thirdParty/freeRTOS/portable/MemMang/heap_4.o"
arm-none-eabi-gcc "../thirdParty/freeRTOS/portable/GCC/ARM_CM4F/port.c" -mcpu=cortex-m4 -std=gnu11 -g3 -DDEBUG -DUSE_HAL_DRIVER -DSTM32F446xx -c -I../Core/Inc -I"C:/Users/U62REFW/main_personal/dispenser_ili3241_2_8/workspace/pet_food_dispenser/thirdParty/freeRTOS/include" -I"C:/Users/U62REFW/main_personal/dispenser_ili3241_2_8/workspace/pet_food_dispenser/thirdParty/freeRTOS/portable/GCC/ARM_CM4F" -I../Drivers/STM32F4xx_HAL_Driver/Inc -I../Drivers/STM32F4xx_HAL_Driver/Inc/Legacy -I../Drivers/CMSIS/Device/ST/STM32F4xx/Include -I../Drivers/CMSIS/Include -O0 -ffunction-sections -fdata-sections -Wall -fstack-usage -MMD -MP -MF"thirdParty/freeRTOS/portable/GCC/ARM_CM4F/port.d" -MT"thirdParty/freeRTOS/portable/GCC/ARM_CM4F/port.o" --specs=nano.specs -mfpu=fpv4-sp-d16 -mfloat-abi=hard -mthumb -o "thirdParty/freeRTOS/portable/GCC/ARM_CM4F/port.o"
arm-none-eabi-gcc "../thirdParty/freeRTOS/croutine.c" -mcpu=cortex-m4 -std=gnu11 -g3 -DDEBUG -DUSE_HAL_DRIVER -DSTM32F446xx -c -I../Core/Inc -I"C:/Users/U62REFW/main_personal/dispenser_ili3241_2_8/workspace/pet_food_dispenser/thirdParty/freeRTOS/include" -I"C:/Users/U62REFW/main_personal/dispenser_ili3241_2_8/workspace/pet_food_dispenser/thirdParty/freeRTOS/portable/GCC/ARM_CM4F" -I../Drivers/STM32F4xx_HAL_Driver/Inc -I../Drivers/STM32F4xx_HAL_Driver/Inc/Legacy -I../Drivers/CMSIS/Device/ST/STM32F4xx/Include -I../Drivers/CMSIS/Include -O0 -ffunction-sections -fdata-sections -Wall -fstack-usage -MMD -MP -MF"thirdParty/freeRTOS/croutine.d" -MT"thirdParty/freeRTOS/croutine.o" --specs=nano.specs -mfpu=fpv4-sp-d16 -mfloat-abi=hard -mthumb -o "thirdParty/freeRTOS/croutine.o"
arm-none-eabi-gcc "../thirdParty/freeRTOS/event_groups.c" -mcpu=cortex-m4 -std=gnu11 -g3 -DDEBUG -DUSE_HAL_DRIVER -DSTM32F446xx -c -I../Core/Inc -I"C:/Users/U62REFW/main_personal/dispenser_ili3241_2_8/workspace/pet_food_dispenser/thirdParty/freeRTOS/include" -I"C:/Users/U62REFW/main_personal/dispenser_ili3241_2_8/workspace/pet_food_dispenser/thirdParty/freeRTOS/portable/GCC/ARM_CM4F" -I../Drivers/STM32F4xx_HAL_Driver/Inc -I../Drivers/STM32F4xx_HAL_Driver/Inc/Legacy -I../Drivers/CMSIS/Device/ST/STM32F4xx/Include -I../Drivers/CMSIS/Include -O0 -ffunction-sections -fdata-sections -Wall -fstack-usage -MMD -MP -MF"thirdParty/freeRTOS/event_groups.d" -MT"thirdParty/freeRTOS/event_groups.o" --specs=nano.specs -mfpu=fpv4-sp-d16 -mfloat-abi=hard -mthumb -o "thirdParty/freeRTOS/event_groups.o"
arm-none-eabi-gcc "../thirdParty/freeRTOS/list.c" -mcpu=cortex-m4 -std=gnu11 -g3 -DDEBUG -DUSE_HAL_DRIVER -DSTM32F446xx -c -I../Core/Inc -I"C:/Users/U62REFW/main_personal/dispenser_ili3241_2_8/workspace/pet_food_dispenser/thirdParty/freeRTOS/include" -I"C:/Users/U62REFW/main_personal/dispenser_ili3241_2_8/workspace/pet_food_dispenser/thirdParty/freeRTOS/portable/GCC/ARM_CM4F" -I../Drivers/STM32F4xx_HAL_Driver/Inc -I../Drivers/STM32F4xx_HAL_Driver/Inc/Legacy -I../Drivers/CMSIS/Device/ST/STM32F4xx/Include -I../Drivers/CMSIS/Include -O0 -ffunction-sections -fdata-sections -Wall -fstack-usage -MMD -MP -MF"thirdParty/freeRTOS/list.d" -MT"thirdParty/freeRTOS/list.o" --specs=nano.specs -mfpu=fpv4-sp-d16 -mfloat-abi=hard -mthumb -o "thirdParty/freeRTOS/list.o"
arm-none-eabi-gcc "../thirdParty/freeRTOS/queue.c" -mcpu=cortex-m4 -std=gnu11 -g3 -DDEBUG -DUSE_HAL_DRIVER -DSTM32F446xx -c -I../Core/Inc -I"C:/Users/U62REFW/main_personal/dispenser_ili3241_2_8/workspace/pet_food_dispenser/thirdParty/freeRTOS/include" -I"C:/Users/U62REFW/main_personal/dispenser_ili3241_2_8/workspace/pet_food_dispenser/thirdParty/freeRTOS/portable/GCC/ARM_CM4F" -I../Drivers/STM32F4xx_HAL_Driver/Inc -I../Drivers/STM32F4xx_HAL_Driver/Inc/Legacy -I../Drivers/CMSIS/Device/ST/STM32F4xx/Include -I../Drivers/CMSIS/Include -O0 -ffunction-sections -fdata-sections -Wall -fstack-usage -MMD -MP -MF"thirdParty/freeRTOS/queue.d" -MT"thirdParty/freeRTOS/queue.o" --specs=nano.specs -mfpu=fpv4-sp-d16 -mfloat-abi=hard -mthumb -o "thirdParty/freeRTOS/queue.o"
arm-none-eabi-gcc "../thirdParty/freeRTOS/stream_buffer.c" -mcpu=cortex-m4 -std=gnu11 -g3 -DDEBUG -DUSE_HAL_DRIVER -DSTM32F446xx -c -I../Core/Inc -I"C:/Users/U62REFW/main_personal/dispenser_ili3241_2_8/workspace/pet_food_dispenser/thirdParty/freeRTOS/include" -I"C:/Users/U62REFW/main_personal/dispenser_ili3241_2_8/workspace/pet_food_dispenser/thirdParty/freeRTOS/portable/GCC/ARM_CM4F" -I../Drivers/STM32F4xx_HAL_Driver/Inc -I../Drivers/STM32F4xx_HAL_Driver/Inc/Legacy -I../Drivers/CMSIS/Device/ST/STM32F4xx/Include -I../Drivers/CMSIS/Include -O0 -ffunction-sections -fdata-sections -Wall -fstack-usage -MMD -MP -MF"thirdParty/freeRTOS/stream_buffer.d" -MT"thirdParty/freeRTOS/stream_buffer.o" --specs=nano.specs -mfpu=fpv4-sp-d16 -mfloat-abi=hard -mthumb -o "thirdParty/freeRTOS/stream_buffer.o"
arm-none-eabi-gcc "../thirdParty/freeRTOS/tasks.c" -mcpu=cortex-m4 -std=gnu11 -g3 -DDEBUG -DUSE_HAL_DRIVER -DSTM32F446xx -c -I../Core/Inc -I"C:/Users/U62REFW/main_personal/dispenser_ili3241_2_8/workspace/pet_food_dispenser/thirdParty/freeRTOS/include" -I"C:/Users/U62REFW/main_personal/dispenser_ili3241_2_8/workspace/pet_food_dispenser/thirdParty/freeRTOS/portable/GCC/ARM_CM4F" -I../Drivers/STM32F4xx_HAL_Driver/Inc -I../Drivers/STM32F4xx_HAL_Driver/Inc/Legacy -I../Drivers/CMSIS/Device/ST/STM32F4xx/Include -I../Drivers/CMSIS/Include -O0 -ffunction-sections -fdata-sections -Wall -fstack-usage -MMD -MP -MF"thirdParty/freeRTOS/tasks.d" -MT"thirdParty/freeRTOS/tasks.o" --specs=nano.specs -mfpu=fpv4-sp-d16 -mfloat-abi=hard -mthumb -o "thirdParty/freeRTOS/tasks.o"
arm-none-eabi-gcc "../thirdParty/freeRTOS/timers.c" -mcpu=cortex-m4 -std=gnu11 -g3 -DDEBUG -DUSE_HAL_DRIVER -DSTM32F446xx -c -I../Core/Inc -I"C:/Users/U62REFW/main_personal/dispenser_ili3241_2_8/workspace/pet_food_dispenser/thirdParty/freeRTOS/include" -I"C:/Users/U62REFW/main_personal/dispenser_ili3241_2_8/workspace/pet_food_dispenser/thirdParty/freeRTOS/portable/GCC/ARM_CM4F" -I../Drivers/STM32F4xx_HAL_Driver/Inc -I../Drivers/STM32F4xx_HAL_Driver/Inc/Legacy -I../Drivers/CMSIS/Device/ST/STM32F4xx/Include -I../Drivers/CMSIS/Include -O0 -ffunction-sections -fdata-sections -Wall -fstack-usage -MMD -MP -MF"thirdParty/freeRTOS/timers.d" -MT"thirdParty/freeRTOS/timers.o" --specs=nano.specs -mfpu=fpv4-sp-d16 -mfloat-abi=hard -mthumb -o "thirdParty/freeRTOS/timers.o"
arm-none-eabi-gcc -o "pet_food_dispenser.elf" @"objects.list"   -mcpu=cortex-m4 -T"C:\Users\U62REFW\main_personal\dispenser_ili3241_2_8\workspace\pet_food_dispenser\STM32F446RETX_FLASH.ld" --specs=nosys.specs -Wl,-Map="pet_food_dispenser.map" -Wl,--gc-sections -static --specs=nano.specs -mfpu=fpv4-sp-d16 -mfloat-abi=hard -mthumb -Wl,--start-group -lc -lm -Wl,--end-group
Finished building target: pet_food_dispenser.elf
 
arm-none-eabi-size   pet_food_dispenser.elf 
arm-none-eabi-objdump -h -S  pet_food_dispenser.elf  > "pet_food_dispenser.list"
   text	   data	    bss	    dec	    hex	filename
   9344	     20	   1780	  11144	   2b88	pet_food_dispenser.elf
Finished building: default.size.stdout
 
Finished building: pet_food_dispenser.list
 
