Archive member included to satisfy reference by file (symbol)

c:/st/stm32cubeide_1.10.1/stm32cubeide/plugins/com.st.stm32cube.ide.mcu.externaltools.gnu-tools-for-stm32.10.3-2021.10.win32_1.0.0.202111181127/tools/bin/../lib/gcc/arm-none-eabi/10.3.1/../../../../arm-none-eabi/lib/thumb/v7e-m+fp/hard\libc_nano.a(lib_a-errno.o)
                              ./Core/Src/syscalls.o (__errno)
c:/st/stm32cubeide_1.10.1/stm32cubeide/plugins/com.st.stm32cube.ide.mcu.externaltools.gnu-tools-for-stm32.10.3-2021.10.win32_1.0.0.202111181127/tools/bin/../lib/gcc/arm-none-eabi/10.3.1/../../../../arm-none-eabi/lib/thumb/v7e-m+fp/hard\libc_nano.a(lib_a-exit.o)
                              c:/st/stm32cubeide_1.10.1/stm32cubeide/plugins/com.st.stm32cube.ide.mcu.externaltools.gnu-tools-for-stm32.10.3-2021.10.win32_1.0.0.202111181127/tools/bin/../lib/gcc/arm-none-eabi/10.3.1/../../../../arm-none-eabi/lib/thumb/v7e-m+fp/hard/crt0.o (exit)
c:/st/stm32cubeide_1.10.1/stm32cubeide/plugins/com.st.stm32cube.ide.mcu.externaltools.gnu-tools-for-stm32.10.3-2021.10.win32_1.0.0.202111181127/tools/bin/../lib/gcc/arm-none-eabi/10.3.1/../../../../arm-none-eabi/lib/thumb/v7e-m+fp/hard\libc_nano.a(lib_a-impure.o)
                              c:/st/stm32cubeide_1.10.1/stm32cubeide/plugins/com.st.stm32cube.ide.mcu.externaltools.gnu-tools-for-stm32.10.3-2021.10.win32_1.0.0.202111181127/tools/bin/../lib/gcc/arm-none-eabi/10.3.1/../../../../arm-none-eabi/lib/thumb/v7e-m+fp/hard\libc_nano.a(lib_a-exit.o) (_global_impure_ptr)
c:/st/stm32cubeide_1.10.1/stm32cubeide/plugins/com.st.stm32cube.ide.mcu.externaltools.gnu-tools-for-stm32.10.3-2021.10.win32_1.0.0.202111181127/tools/bin/../lib/gcc/arm-none-eabi/10.3.1/../../../../arm-none-eabi/lib/thumb/v7e-m+fp/hard\libc_nano.a(lib_a-init.o)
                              c:/st/stm32cubeide_1.10.1/stm32cubeide/plugins/com.st.stm32cube.ide.mcu.externaltools.gnu-tools-for-stm32.10.3-2021.10.win32_1.0.0.202111181127/tools/bin/../lib/gcc/arm-none-eabi/10.3.1/../../../../arm-none-eabi/lib/thumb/v7e-m+fp/hard/crt0.o (__libc_init_array)
c:/st/stm32cubeide_1.10.1/stm32cubeide/plugins/com.st.stm32cube.ide.mcu.externaltools.gnu-tools-for-stm32.10.3-2021.10.win32_1.0.0.202111181127/tools/bin/../lib/gcc/arm-none-eabi/10.3.1/../../../../arm-none-eabi/lib/thumb/v7e-m+fp/hard\libc_nano.a(lib_a-memcpy-stub.o)
                              ./thirdParty/freeRTOS/queue.o (memcpy)
c:/st/stm32cubeide_1.10.1/stm32cubeide/plugins/com.st.stm32cube.ide.mcu.externaltools.gnu-tools-for-stm32.10.3-2021.10.win32_1.0.0.202111181127/tools/bin/../lib/gcc/arm-none-eabi/10.3.1/../../../../arm-none-eabi/lib/thumb/v7e-m+fp/hard\libc_nano.a(lib_a-memset.o)
                              c:/st/stm32cubeide_1.10.1/stm32cubeide/plugins/com.st.stm32cube.ide.mcu.externaltools.gnu-tools-for-stm32.10.3-2021.10.win32_1.0.0.202111181127/tools/bin/../lib/gcc/arm-none-eabi/10.3.1/../../../../arm-none-eabi/lib/thumb/v7e-m+fp/hard/crt0.o (memset)
c:/st/stm32cubeide_1.10.1/stm32cubeide/plugins/com.st.stm32cube.ide.mcu.externaltools.gnu-tools-for-stm32.10.3-2021.10.win32_1.0.0.202111181127/tools/bin/../lib/gcc/arm-none-eabi/10.3.1/thumb/v7e-m+fp/hard\libgcc.a(_aeabi_uldivmod.o)
                              ./Drivers/STM32F4xx_HAL_Driver/Src/stm32f4xx_hal_rcc.o (__aeabi_uldivmod)
c:/st/stm32cubeide_1.10.1/stm32cubeide/plugins/com.st.stm32cube.ide.mcu.externaltools.gnu-tools-for-stm32.10.3-2021.10.win32_1.0.0.202111181127/tools/bin/../lib/gcc/arm-none-eabi/10.3.1/thumb/v7e-m+fp/hard\libgcc.a(_udivmoddi4.o)
                              c:/st/stm32cubeide_1.10.1/stm32cubeide/plugins/com.st.stm32cube.ide.mcu.externaltools.gnu-tools-for-stm32.10.3-2021.10.win32_1.0.0.202111181127/tools/bin/../lib/gcc/arm-none-eabi/10.3.1/thumb/v7e-m+fp/hard\libgcc.a(_aeabi_uldivmod.o) (__udivmoddi4)
c:/st/stm32cubeide_1.10.1/stm32cubeide/plugins/com.st.stm32cube.ide.mcu.externaltools.gnu-tools-for-stm32.10.3-2021.10.win32_1.0.0.202111181127/tools/bin/../lib/gcc/arm-none-eabi/10.3.1/thumb/v7e-m+fp/hard\libgcc.a(_dvmd_tls.o)
                              c:/st/stm32cubeide_1.10.1/stm32cubeide/plugins/com.st.stm32cube.ide.mcu.externaltools.gnu-tools-for-stm32.10.3-2021.10.win32_1.0.0.202111181127/tools/bin/../lib/gcc/arm-none-eabi/10.3.1/thumb/v7e-m+fp/hard\libgcc.a(_aeabi_uldivmod.o) (__aeabi_ldiv0)

Discarded input sections

 .text          0x0000000000000000        0x0 c:/st/stm32cubeide_1.10.1/stm32cubeide/plugins/com.st.stm32cube.ide.mcu.externaltools.gnu-tools-for-stm32.10.3-2021.10.win32_1.0.0.202111181127/tools/bin/../lib/gcc/arm-none-eabi/10.3.1/thumb/v7e-m+fp/hard/crti.o
 .data          0x0000000000000000        0x0 c:/st/stm32cubeide_1.10.1/stm32cubeide/plugins/com.st.stm32cube.ide.mcu.externaltools.gnu-tools-for-stm32.10.3-2021.10.win32_1.0.0.202111181127/tools/bin/../lib/gcc/arm-none-eabi/10.3.1/thumb/v7e-m+fp/hard/crti.o
[...]
Memory Configuration

Name             Origin             Length             Attributes
RAM              0x0000000020000000 0x0000000000020000 xrw
FLASH            0x0000000008000000 0x0000000000080000 xr
*default*        0x0000000000000000 0xffffffffffffffff

Linker script and memory map

LOAD c:/st/stm32cubeide_1.10.1/stm32cubeide/plugins/com.st.stm32cube.ide.mcu.externaltools.gnu-tools-for-stm32.10.3-2021.10.win32_1.0.0.202111181127/tools/bin/../lib/gcc/arm-none-eabi/10.3.1/thumb/v7e-m+fp/hard/crti.o
LOAD c:/st/stm32cubeide_1.10.1/stm32cubeide/plugins/com.st.stm32cube.ide.mcu.externaltools.gnu-tools-for-stm32.10.3-2021.10.win32_1.0.0.202111181127/tools/bin/../lib/gcc/arm-none-eabi/10.3.1/thumb/v7e-m+fp/hard/crtbegin.o
LOAD c:/st/stm32cubeide_1.10.1/stm32cubeide/plugins/com.st.stm32cube.ide.mcu.externaltools.gnu-tools-for-stm32.10.3-2021.10.win32_1.0.0.202111181127/tools/bin/../lib/gcc/arm-none-eabi/10.3.1/../../../../arm-none-eabi/lib/thumb/v7e-m+fp/hard/crt0.o
LOAD ./Core/Src/main.o
LOAD ./Core/Src/stm32f4xx_hal_msp.o
LOAD ./Core/Src/stm32f4xx_hal_timebase_tim.o
LOAD ./Core/Src/stm32f4xx_it.o
LOAD ./Core/Src/syscalls.o
LOAD ./Core/Src/system_stm32f4xx.o
LOAD ./Core/Startup/startup_stm32f446retx.o
LOAD ./Drivers/STM32F4xx_HAL_Driver/Src/stm32f4xx_hal.o
LOAD ./Drivers/STM32F4xx_HAL_Driver/Src/stm32f4xx_hal_cortex.o
LOAD ./Drivers/STM32F4xx_HAL_Driver/Src/stm32f4xx_hal_dma.o
LOAD ./Drivers/STM32F4xx_HAL_Driver/Src/stm32f4xx_hal_dma_ex.o
LOAD ./Drivers/STM32F4xx_HAL_Driver/Src/stm32f4xx_hal_exti.o
LOAD ./Drivers/STM32F4xx_HAL_Driver/Src/stm32f4xx_hal_flash.o
LOAD ./Drivers/STM32F4xx_HAL_Driver/Src/stm32f4xx_hal_flash_ex.o
LOAD ./Drivers/STM32F4xx_HAL_Driver/Src/stm32f4xx_hal_flash_ramfunc.o
LOAD ./Drivers/STM32F4xx_HAL_Driver/Src/stm32f4xx_hal_gpio.o
LOAD ./Drivers/STM32F4xx_HAL_Driver/Src/stm32f4xx_hal_pwr.o
LOAD ./Drivers/STM32F4xx_HAL_Driver/Src/stm32f4xx_hal_pwr_ex.o
LOAD ./Drivers/STM32F4xx_HAL_Driver/Src/stm32f4xx_hal_rcc.o
LOAD ./Drivers/STM32F4xx_HAL_Driver/Src/stm32f4xx_hal_rcc_ex.o
LOAD ./Drivers/STM32F4xx_HAL_Driver/Src/stm32f4xx_hal_tim.o
LOAD ./Drivers/STM32F4xx_HAL_Driver/Src/stm32f4xx_hal_tim_ex.o
LOAD ./Drivers/STM32F4xx_HAL_Driver/Src/stm32f4xx_hal_uart.o
LOAD ./thirdParty/freeRTOS/croutine.o
LOAD ./thirdParty/freeRTOS/event_groups.o
LOAD ./thirdParty/freeRTOS/list.o
LOAD ./thirdParty/freeRTOS/queue.o
LOAD ./thirdParty/freeRTOS/stream_buffer.o
LOAD ./thirdParty/freeRTOS/tasks.o
LOAD ./thirdParty/freeRTOS/timers.o
LOAD ./thirdParty/freeRTOS/portable/GCC/ARM_CM4F/port.o
LOAD ./thirdParty/freeRTOS/portable/MemMang/heap_4.o
START GROUP
LOAD c:/st/stm32cubeide_1.10.1/stm32cubeide/plugins/com.st.stm32cube.ide.mcu.externaltools.gnu-tools-for-stm32.10.3-2021.10.win32_1.0.0.202111181127/tools/bin/../lib/gcc/arm-none-eabi/10.3.1/../../../../arm-none-eabi/lib/thumb/v7e-m+fp/hard\libc_nano.a
LOAD c:/st/stm32cubeide_1.10.1/stm32cubeide/plugins/com.st.stm32cube.ide.mcu.externaltools.gnu-tools-for-stm32.10.3-2021.10.win32_1.0.0.202111181127/tools/bin/../lib/gcc/arm-none-eabi/10.3.1/../../../../arm-none-eabi/lib/thumb/v7e-m+fp/hard\libm.a
END GROUP
START GROUP
LOAD c:/st/stm32cubeide_1.10.1/stm32cubeide/plugins/com.st.stm32cube.ide.mcu.externaltools.gnu-tools-for-stm32.10.3-2021.10.win32_1.0.0.202111181127/tools/bin/../lib/gcc/arm-none-eabi/10.3.1/thumb/v7e-m+fp/hard\libgcc.a
LOAD c:/st/stm32cubeide_1.10.1/stm32cubeide/plugins/com.st.stm32cube.ide.mcu.externaltools.gnu-tools-for-stm32.10.3-2021.10.win32_1.0.0.202111181127/tools/bin/../lib/gcc/arm-none-eabi/10.3.1/../../../../arm-none-eabi/lib/thumb/v7e-m+fp/hard\libc_nano.a
END GROUP
START GROUP
LOAD c:/st/stm32cubeide_1.10.1/stm32cubeide/plugins/com.st.stm32cube.ide.mcu.externaltools.gnu-tools-for-stm32.10.3-2021.10.win32_1.0.0.202111181127/tools/bin/../lib/gcc/arm-none-eabi/10.3.1/thumb/v7e-m+fp/hard\libgcc.a
LOAD c:/st/stm32cubeide_1.10.1/stm32cubeide/plugins/com.st.stm32cube.ide.mcu.externaltools.gnu-tools-for-stm32.10.3-2021.10.win32_1.0.0.202111181127/tools/bin/../lib/gcc/arm-none-eabi/10.3.1/../../../../arm-none-eabi/lib/thumb/v7e-m+fp/hard\libc_nano.a
LOAD c:/st/stm32cubeide_1.10.1/stm32cubeide/plugins/com.st.stm32cube.ide.mcu.externaltools.gnu-tools-for-stm32.10.3-2021.10.win32_1.0.0.202111181127/tools/bin/../lib/gcc/arm-none-eabi/10.3.1/../../../../arm-none-eabi/lib/thumb/v7e-m+fp/hard\libnosys.a
END GROUP
START GROUP
LOAD c:/st/stm32cubeide_1.10.1/stm32cubeide/plugins/com.st.stm32cube.ide.mcu.externaltools.gnu-tools-for-stm32.10.3-2021.10.win32_1.0.0.202111181127/tools/bin/../lib/gcc/arm-none-eabi/10.3.1/thumb/v7e-m+fp/hard\libgcc.a
LOAD c:/st/stm32cubeide_1.10.1/stm32cubeide/plugins/com.st.stm32cube.ide.mcu.externaltools.gnu-tools-for-stm32.10.3-2021.10.win32_1.0.0.202111181127/tools/bin/../lib/gcc/arm-none-eabi/10.3.1/../../../../arm-none-eabi/lib/thumb/v7e-m+fp/hard\libc_nano.a
LOAD c:/st/stm32cubeide_1.10.1/stm32cubeide/plugins/com.st.stm32cube.ide.mcu.externaltools.gnu-tools-for-stm32.10.3-2021.10.win32_1.0.0.202111181127/tools/bin/../lib/gcc/arm-none-eabi/10.3.1/../../../../arm-none-eabi/lib/thumb/v7e-m+fp/hard\libnosys.a
END GROUP
LOAD c:/st/stm32cubeide_1.10.1/stm32cubeide/plugins/com.st.stm32cube.ide.mcu.externaltools.gnu-tools-for-stm32.10.3-2021.10.win32_1.0.0.202111181127/tools/bin/../lib/gcc/arm-none-eabi/10.3.1/thumb/v7e-m+fp/hard/crtend.o
LOAD c:/st/stm32cubeide_1.10.1/stm32cubeide/plugins/com.st.stm32cube.ide.mcu.externaltools.gnu-tools-for-stm32.10.3-2021.10.win32_1.0.0.202111181127/tools/bin/../lib/gcc/arm-none-eabi/10.3.1/thumb/v7e-m+fp/hard/crtn.o
                0x0000000020020000                _estack = (ORIGIN (RAM) + LENGTH (RAM))
                0x0000000000000200                _Min_Heap_Size = 0x200
                0x0000000000000400                _Min_Stack_Size = 0x400

.isr_vector     0x0000000008000000      0x1c4
                0x0000000008000000                . = ALIGN (0x4)
 *(.isr_vector)
 .isr_vector    0x0000000008000000      0x1c4 ./Core/Startup/startup_stm32f446retx.o
                0x0000000008000000                g_pfnVectors
                0x00000000080001c4                . = ALIGN (0x4)

.text           0x00000000080001d0     0x4964
                0x00000000080001d0                . = ALIGN (0x4)
 *(.text)
 .text          0x00000000080001d0       0x40 c:/st/stm32cubeide_1.10.1/stm32cubeide/plugins/com.st.stm32cube.ide.mcu.externaltools.gnu-tools-for-stm32.10.3-2021.10.win32_1.0.0.202111181127/tools/bin/../lib/gcc/arm-none-eabi/10.3.1/thumb/v7e-m+fp/hard/crtbegin.o
 .text          0x0000000008000210       0x30 c:/st/stm32cubeide_1.10.1/stm32cubeide/plugins/com.st.stm32cube.ide.mcu.externaltools.gnu-tools-for-stm32.10.3-2021.10.win32_1.0.0.202111181127/tools/bin/../lib/gcc/arm-none-eabi/10.3.1/thumb/v7e-m+fp/hard\libgcc.a(_aeabi_uldivmod.o)
                0x0000000008000210                __aeabi_uldivmod
 .text          0x0000000008000240      0x2d0 c:/st/stm32cubeide_1.10.1/stm32cubeide/plugins/com.st.stm32cube.ide.mcu.externaltools.gnu-tools-for-stm32.10.3-2021.10.win32_1.0.0.202111181127/tools/bin/../lib/gcc/arm-none-eabi/10.3.1/thumb/v7e-m+fp/hard\libgcc.a(_udivmoddi4.o)
                0x0000000008000240                __udivmoddi4
 .text          0x0000000008000510        0x4 c:/st/stm32cubeide_1.10.1/stm32cubeide/plugins/com.st.stm32cube.ide.mcu.externaltools.gnu-tools-for-stm32.10.3-2021.10.win32_1.0.0.202111181127/tools/bin/../lib/gcc/arm-none-eabi/10.3.1/thumb/v7e-m+fp/hard\libgcc.a(_dvmd_tls.o)
                0x0000000008000510                __aeabi_idiv0
                0x0000000008000510                __aeabi_ldiv0
 *(.text*)
 .text.vTaskHeartBeat
                0x0000000008000514       0x1c ./Core/Src/main.o
                0x0000000008000514                vTaskHeartBeat
 .text.vApplicationIdleHook
                0x0000000008000530        0x6 ./Core/Src/main.o
                0x0000000008000530                vApplicationIdleHook
 *fill*         0x0000000008000536        0x2 
 .text.main     0x0000000008000538       0x40 ./Core/Src/main.o
                0x0000000008000538                main
 .text.SystemClock_Config
                0x0000000008000578       0xdc ./Core/Src/main.o
                0x0000000008000578                SystemClock_Config
 .text.MX_USART2_UART_Init
                0x0000000008000654       0x54 ./Core/Src/main.o
 .text.MX_GPIO_Init
                0x00000000080006a8       0xdc ./Core/Src/main.o
 .text.HAL_TIM_PeriodElapsedCallback
                0x0000000008000784       0x24 ./Core/Src/main.o
                0x0000000008000784                HAL_TIM_PeriodElapsedCallback
 .text.Error_Handler
                0x00000000080007a8        0xa ./Core/Src/main.o
                0x00000000080007a8                Error_Handler
 *fill*         0x00000000080007b2        0x2 
 .text.HAL_MspInit
                0x00000000080007b4       0x50 ./Core/Src/stm32f4xx_hal_msp.o
                0x00000000080007b4                HAL_MspInit
 .text.HAL_UART_MspInit
                0x0000000008000804       0x90 ./Core/Src/stm32f4xx_hal_msp.o
                0x0000000008000804                HAL_UART_MspInit
 .text.HAL_InitTick
                0x0000000008000894       0xf8 ./Core/Src/stm32f4xx_hal_timebase_tim.o
                0x0000000008000894                HAL_InitTick
 .text.NMI_Handler
                0x000000000800098c        0x6 ./Core/Src/stm32f4xx_it.o
                0x000000000800098c                NMI_Handler
 .text.HardFault_Handler
                0x0000000008000992        0x6 ./Core/Src/stm32f4xx_it.o
                0x0000000008000992                HardFault_Handler
 .text.MemManage_Handler
                0x0000000008000998        0x6 ./Core/Src/stm32f4xx_it.o
                0x0000000008000998                MemManage_Handler
 .text.BusFault_Handler
                0x000000000800099e        0x6 ./Core/Src/stm32f4xx_it.o
                0x000000000800099e                BusFault_Handler
 .text.UsageFault_Handler
                0x00000000080009a4        0x6 ./Core/Src/stm32f4xx_it.o
                0x00000000080009a4                UsageFault_Handler
 .text.DebugMon_Handler
                0x00000000080009aa        0xe ./Core/Src/stm32f4xx_it.o
                0x00000000080009aa                DebugMon_Handler
 .text.TIM6_DAC_IRQHandler
                0x00000000080009b8       0x14 ./Core/Src/stm32f4xx_it.o
                0x00000000080009b8                TIM6_DAC_IRQHandler
 .text.SystemInit
                0x00000000080009cc       0x24 ./Core/Src/system_stm32f4xx.o
                0x00000000080009cc                SystemInit
 .text.Reset_Handler
                0x00000000080009f0       0x50 ./Core/Startup/startup_stm32f446retx.o
                0x00000000080009f0                Reset_Handler
 .text.Default_Handler
                0x0000000008000a40        0x2 ./Core/Startup/startup_stm32f446retx.o
                0x0000000008000a40                RTC_Alarm_IRQHandler
                0x0000000008000a40                EXTI2_IRQHandler
                0x0000000008000a40                TIM8_CC_IRQHandler
                0x0000000008000a40                FMPI2C1_EV_IRQHandler
                0x0000000008000a40                SPI4_IRQHandler
                0x0000000008000a40                TIM1_CC_IRQHandler
                0x0000000008000a40                DMA2_Stream5_IRQHandler
                0x0000000008000a40                DMA1_Stream5_IRQHandler
                0x0000000008000a40                PVD_IRQHandler
                0x0000000008000a40                SDIO_IRQHandler
                0x0000000008000a40                TAMP_STAMP_IRQHandler
                0x0000000008000a40                CAN2_RX1_IRQHandler
                0x0000000008000a40                EXTI3_IRQHandler
                0x0000000008000a40                TIM8_TRG_COM_TIM14_IRQHandler
                0x0000000008000a40                TIM1_UP_TIM10_IRQHandler
                0x0000000008000a40                TIM8_UP_TIM13_IRQHandler
                0x0000000008000a40                I2C3_ER_IRQHandler
                0x0000000008000a40                EXTI0_IRQHandler
                0x0000000008000a40                I2C2_EV_IRQHandler
                0x0000000008000a40                DMA1_Stream2_IRQHandler
                0x0000000008000a40                CAN1_RX0_IRQHandler
                0x0000000008000a40                FPU_IRQHandler
                0x0000000008000a40                OTG_HS_WKUP_IRQHandler
                0x0000000008000a40                CAN2_SCE_IRQHandler
                0x0000000008000a40                DMA2_Stream2_IRQHandler
                0x0000000008000a40                SPI1_IRQHandler
                0x0000000008000a40                TIM1_BRK_TIM9_IRQHandler
                0x0000000008000a40                DCMI_IRQHandler
                0x0000000008000a40                CAN2_RX0_IRQHandler
                0x0000000008000a40                DMA2_Stream3_IRQHandler
                0x0000000008000a40                SAI2_IRQHandler
                0x0000000008000a40                USART6_IRQHandler
                0x0000000008000a40                USART3_IRQHandler
                0x0000000008000a40                CAN1_RX1_IRQHandler
                0x0000000008000a40                UART5_IRQHandler
                0x0000000008000a40                DMA2_Stream0_IRQHandler
                0x0000000008000a40                TIM4_IRQHandler
                0x0000000008000a40                QUADSPI_IRQHandler
                0x0000000008000a40                I2C1_EV_IRQHandler
                0x0000000008000a40                DMA1_Stream6_IRQHandler
                0x0000000008000a40                DMA1_Stream1_IRQHandler
                0x0000000008000a40                UART4_IRQHandler
                0x0000000008000a40                TIM3_IRQHandler
                0x0000000008000a40                RCC_IRQHandler
                0x0000000008000a40                TIM8_BRK_TIM12_IRQHandler
                0x0000000008000a40                Default_Handler
                0x0000000008000a40                CEC_IRQHandler
                0x0000000008000a40                EXTI15_10_IRQHandler
                0x0000000008000a40                ADC_IRQHandler
                0x0000000008000a40                DMA1_Stream7_IRQHandler
                0x0000000008000a40                TIM7_IRQHandler
                0x0000000008000a40                CAN2_TX_IRQHandler
                0x0000000008000a40                TIM5_IRQHandler
                0x0000000008000a40                DMA2_Stream7_IRQHandler
                0x0000000008000a40                I2C3_EV_IRQHandler
                0x0000000008000a40                EXTI9_5_IRQHandler
                0x0000000008000a40                RTC_WKUP_IRQHandler
                0x0000000008000a40                SPDIF_RX_IRQHandler
                0x0000000008000a40                SPI2_IRQHandler
                0x0000000008000a40                OTG_HS_EP1_IN_IRQHandler
                0x0000000008000a40                DMA1_Stream0_IRQHandler
                0x0000000008000a40                CAN1_TX_IRQHandler
                0x0000000008000a40                FMPI2C1_ER_IRQHandler
                0x0000000008000a40                EXTI4_IRQHandler
                0x0000000008000a40                OTG_HS_EP1_OUT_IRQHandler
                0x0000000008000a40                WWDG_IRQHandler
                0x0000000008000a40                TIM2_IRQHandler
                0x0000000008000a40                OTG_FS_WKUP_IRQHandler
                0x0000000008000a40                TIM1_TRG_COM_TIM11_IRQHandler
                0x0000000008000a40                OTG_HS_IRQHandler
                0x0000000008000a40                EXTI1_IRQHandler
                0x0000000008000a40                USART2_IRQHandler
                0x0000000008000a40                I2C2_ER_IRQHandler
                0x0000000008000a40                DMA2_Stream1_IRQHandler
                0x0000000008000a40                CAN1_SCE_IRQHandler
                0x0000000008000a40                FLASH_IRQHandler
                0x0000000008000a40                DMA2_Stream4_IRQHandler
                0x0000000008000a40                USART1_IRQHandler
                0x0000000008000a40                OTG_FS_IRQHandler
                0x0000000008000a40                SPI3_IRQHandler
                0x0000000008000a40                DMA1_Stream4_IRQHandler
                0x0000000008000a40                I2C1_ER_IRQHandler
                0x0000000008000a40                FMC_IRQHandler
                0x0000000008000a40                DMA2_Stream6_IRQHandler
                0x0000000008000a40                SAI1_IRQHandler
                0x0000000008000a40                DMA1_Stream3_IRQHandler
 *fill*         0x0000000008000a42        0x2 
 .text.HAL_Init
                0x0000000008000a44       0x44 ./Drivers/STM32F4xx_HAL_Driver/Src/stm32f4xx_hal.o
                0x0000000008000a44                HAL_Init
 .text.HAL_IncTick
                0x0000000008000a88       0x28 ./Drivers/STM32F4xx_HAL_Driver/Src/stm32f4xx_hal.o
                0x0000000008000a88                HAL_IncTick
 .text.HAL_GetTick
                0x0000000008000ab0       0x18 ./Drivers/STM32F4xx_HAL_Driver/Src/stm32f4xx_hal.o
                0x0000000008000ab0                HAL_GetTick
 .text.__NVIC_SetPriorityGrouping
                0x0000000008000ac8       0x48 ./Drivers/STM32F4xx_HAL_Driver/Src/stm32f4xx_hal_cortex.o
 .text.__NVIC_GetPriorityGrouping
                0x0000000008000b10       0x1c ./Drivers/STM32F4xx_HAL_Driver/Src/stm32f4xx_hal_cortex.o
 .text.__NVIC_EnableIRQ
                0x0000000008000b2c       0x3c ./Drivers/STM32F4xx_HAL_Driver/Src/stm32f4xx_hal_cortex.o
 .text.__NVIC_SetPriority
                0x0000000008000b68       0x54 ./Drivers/STM32F4xx_HAL_Driver/Src/stm32f4xx_hal_cortex.o
 .text.NVIC_EncodePriority
                0x0000000008000bbc       0x66 ./Drivers/STM32F4xx_HAL_Driver/Src/stm32f4xx_hal_cortex.o
 .text.HAL_NVIC_SetPriorityGrouping
                0x0000000008000c22       0x16 ./Drivers/STM32F4xx_HAL_Driver/Src/stm32f4xx_hal_cortex.o
                0x0000000008000c22                HAL_NVIC_SetPriorityGrouping
 .text.HAL_NVIC_SetPriority
                0x0000000008000c38       0x38 ./Drivers/STM32F4xx_HAL_Driver/Src/stm32f4xx_hal_cortex.o
                0x0000000008000c38                HAL_NVIC_SetPriority
 .text.HAL_NVIC_EnableIRQ
                0x0000000008000c70       0x1c ./Drivers/STM32F4xx_HAL_Driver/Src/stm32f4xx_hal_cortex.o
                0x0000000008000c70                HAL_NVIC_EnableIRQ
 .text.HAL_GPIO_Init
                0x0000000008000c8c      0x328 ./Drivers/STM32F4xx_HAL_Driver/Src/stm32f4xx_hal_gpio.o
                0x0000000008000c8c                HAL_GPIO_Init
 .text.HAL_GPIO_WritePin
                0x0000000008000fb4       0x32 ./Drivers/STM32F4xx_HAL_Driver/Src/stm32f4xx_hal_gpio.o
                0x0000000008000fb4                HAL_GPIO_WritePin
 .text.HAL_GPIO_TogglePin
                0x0000000008000fe6       0x34 ./Drivers/STM32F4xx_HAL_Driver/Src/stm32f4xx_hal_gpio.o
                0x0000000008000fe6                HAL_GPIO_TogglePin
 *fill*         0x000000000800101a        0x2 
 .text.HAL_RCC_ClockConfig
                0x000000000800101c      0x1cc ./Drivers/STM32F4xx_HAL_Driver/Src/stm32f4xx_hal_rcc.o
                0x000000000800101c                HAL_RCC_ClockConfig
 .text.HAL_RCC_GetHCLKFreq
                0x00000000080011e8       0x18 ./Drivers/STM32F4xx_HAL_Driver/Src/stm32f4xx_hal_rcc.o
                0x00000000080011e8                HAL_RCC_GetHCLKFreq
 .text.HAL_RCC_GetPCLK1Freq
                0x0000000008001200       0x28 ./Drivers/STM32F4xx_HAL_Driver/Src/stm32f4xx_hal_rcc.o
                0x0000000008001200                HAL_RCC_GetPCLK1Freq
 .text.HAL_RCC_GetPCLK2Freq
                0x0000000008001228       0x28 ./Drivers/STM32F4xx_HAL_Driver/Src/stm32f4xx_hal_rcc.o
                0x0000000008001228                HAL_RCC_GetPCLK2Freq
 .text.HAL_RCC_GetClockConfig
                0x0000000008001250       0x64 ./Drivers/STM32F4xx_HAL_Driver/Src/stm32f4xx_hal_rcc.o
                0x0000000008001250                HAL_RCC_GetClockConfig
 .text.HAL_RCC_GetSysClockFreq
                0x00000000080012b4      0x460 ./Drivers/STM32F4xx_HAL_Driver/Src/stm32f4xx_hal_rcc_ex.o
                0x00000000080012b4                HAL_RCC_GetSysClockFreq
 .text.HAL_RCC_OscConfig
                0x0000000008001714      0x53c ./Drivers/STM32F4xx_HAL_Driver/Src/stm32f4xx_hal_rcc_ex.o
                0x0000000008001714                HAL_RCC_OscConfig
 .text.HAL_TIM_Base_Init
                0x0000000008001c50       0x9e ./Drivers/STM32F4xx_HAL_Driver/Src/stm32f4xx_hal_tim.o
                0x0000000008001c50                HAL_TIM_Base_Init
 .text.HAL_TIM_Base_MspInit
                0x0000000008001cee       0x14 ./Drivers/STM32F4xx_HAL_Driver/Src/stm32f4xx_hal_tim.o
                0x0000000008001cee                HAL_TIM_Base_MspInit
 *fill*         0x0000000008001d02        0x2 
 .text.HAL_TIM_Base_Start_IT
                0x0000000008001d04       0xe0 ./Drivers/STM32F4xx_HAL_Driver/Src/stm32f4xx_hal_tim.o
                0x0000000008001d04                HAL_TIM_Base_Start_IT
 .text.HAL_TIM_IRQHandler
                0x0000000008001de4      0x210 ./Drivers/STM32F4xx_HAL_Driver/Src/stm32f4xx_hal_tim.o
                0x0000000008001de4                HAL_TIM_IRQHandler
 .text.HAL_TIM_OC_DelayElapsedCallback
                0x0000000008001ff4       0x14 ./Drivers/STM32F4xx_HAL_Driver/Src/stm32f4xx_hal_tim.o
                0x0000000008001ff4                HAL_TIM_OC_DelayElapsedCallback
 .text.HAL_TIM_IC_CaptureCallback
                0x0000000008002008       0x14 ./Drivers/STM32F4xx_HAL_Driver/Src/stm32f4xx_hal_tim.o
                0x0000000008002008                HAL_TIM_IC_CaptureCallback
 .text.HAL_TIM_PWM_PulseFinishedCallback
                0x000000000800201c       0x14 ./Drivers/STM32F4xx_HAL_Driver/Src/stm32f4xx_hal_tim.o
                0x000000000800201c                HAL_TIM_PWM_PulseFinishedCallback
 .text.HAL_TIM_TriggerCallback
                0x0000000008002030       0x14 ./Drivers/STM32F4xx_HAL_Driver/Src/stm32f4xx_hal_tim.o
                0x0000000008002030                HAL_TIM_TriggerCallback
 .text.TIM_Base_SetConfig
                0x0000000008002044      0x140 ./Drivers/STM32F4xx_HAL_Driver/Src/stm32f4xx_hal_tim.o
                0x0000000008002044                TIM_Base_SetConfig
 .text.HAL_TIMEx_CommutCallback
                0x0000000008002184       0x14 ./Drivers/STM32F4xx_HAL_Driver/Src/stm32f4xx_hal_tim_ex.o
                0x0000000008002184                HAL_TIMEx_CommutCallback
 .text.HAL_TIMEx_BreakCallback
                0x0000000008002198       0x14 ./Drivers/STM32F4xx_HAL_Driver/Src/stm32f4xx_hal_tim_ex.o
                0x0000000008002198                HAL_TIMEx_BreakCallback
 .text.HAL_UART_Init
                0x00000000080021ac       0x9a ./Drivers/STM32F4xx_HAL_Driver/Src/stm32f4xx_hal_uart.o
                0x00000000080021ac                HAL_UART_Init
 *fill*         0x0000000008002246        0x2 
 .text.UART_SetConfig
                0x0000000008002248      0x4e8 ./Drivers/STM32F4xx_HAL_Driver/Src/stm32f4xx_hal_uart.o
 .text.vListInitialise
                0x0000000008002730       0x40 ./thirdParty/freeRTOS/list.o
                0x0000000008002730                vListInitialise
 .text.vListInitialiseItem
                0x0000000008002770       0x1a ./thirdParty/freeRTOS/list.o
                0x0000000008002770                vListInitialiseItem
 .text.vListInsert
                0x000000000800278a       0x72 ./thirdParty/freeRTOS/list.o
                0x000000000800278a                vListInsert
 .text.uxListRemove
                0x00000000080027fc       0x54 ./thirdParty/freeRTOS/list.o
                0x00000000080027fc                uxListRemove
 .text.xQueueGenericReset
                0x0000000008002850      0x120 ./thirdParty/freeRTOS/queue.o
                0x0000000008002850                xQueueGenericReset
 .text.xQueueGenericCreate
                0x0000000008002970       0x9c ./thirdParty/freeRTOS/queue.o
                0x0000000008002970                xQueueGenericCreate
 .text.prvInitialiseNewQueue
                0x0000000008002a0c       0x46 ./thirdParty/freeRTOS/queue.o
 *fill*         0x0000000008002a52        0x2 
 .text.xQueueReceive
                0x0000000008002a54      0x1c0 ./thirdParty/freeRTOS/queue.o
                0x0000000008002a54                xQueueReceive
 .text.prvCopyDataFromQueue
                0x0000000008002c14       0x4c ./thirdParty/freeRTOS/queue.o
 .text.prvUnlockQueue
                0x0000000008002c60       0xa4 ./thirdParty/freeRTOS/queue.o
 .text.prvIsQueueEmpty
                0x0000000008002d04       0x2c ./thirdParty/freeRTOS/queue.o
 .text.vQueueAddToRegistry
                0x0000000008002d30       0x9c ./thirdParty/freeRTOS/queue.o
                0x0000000008002d30                vQueueAddToRegistry
 .text.vQueueWaitForMessageRestricted
                0x0000000008002dcc       0x68 ./thirdParty/freeRTOS/queue.o
                0x0000000008002dcc                vQueueWaitForMessageRestricted
 .text.xTaskCreate
                0x0000000008002e34       0x82 ./thirdParty/freeRTOS/tasks.o
                0x0000000008002e34                xTaskCreate
 .text.prvInitialiseNewTask
                0x0000000008002eb6      0x148 ./thirdParty/freeRTOS/tasks.o
 *fill*         0x0000000008002ffe        0x2 
 .text.prvAddNewTaskToReadyList
                0x0000000008003000      0x12c ./thirdParty/freeRTOS/tasks.o
 .text.vTaskDelay
                0x000000000800312c       0x68 ./thirdParty/freeRTOS/tasks.o
                0x000000000800312c                vTaskDelay
 .text.vTaskStartScheduler
                0x0000000008003194       0xa4 ./thirdParty/freeRTOS/tasks.o
                0x0000000008003194                vTaskStartScheduler
 .text.vTaskSuspendAll
                0x0000000008003238       0x1c ./thirdParty/freeRTOS/tasks.o
                0x0000000008003238                vTaskSuspendAll
 .text.xTaskResumeAll
                0x0000000008003254      0x1f8 ./thirdParty/freeRTOS/tasks.o
                0x0000000008003254                xTaskResumeAll
 .text.xTaskGetTickCount
                0x000000000800344c       0x20 ./thirdParty/freeRTOS/tasks.o
                0x000000000800344c                xTaskGetTickCount
 .text.xTaskIncrementTick
                0x000000000800346c      0x22c ./thirdParty/freeRTOS/tasks.o
                0x000000000800346c                xTaskIncrementTick
 .text.vTaskSwitchContext
                0x0000000008003698       0xb8 ./thirdParty/freeRTOS/tasks.o
                0x0000000008003698                vTaskSwitchContext
 .text.vTaskPlaceOnEventList
                0x0000000008003750       0x48 ./thirdParty/freeRTOS/tasks.o
                0x0000000008003750                vTaskPlaceOnEventList
 .text.vTaskPlaceOnEventListRestricted
                0x0000000008003798       0x8c ./thirdParty/freeRTOS/tasks.o
                0x0000000008003798                vTaskPlaceOnEventListRestricted
 .text.xTaskRemoveFromEventList
                0x0000000008003824      0x1ac ./thirdParty/freeRTOS/tasks.o
                0x0000000008003824                xTaskRemoveFromEventList
 .text.vTaskInternalSetTimeOutState
                0x00000000080039d0       0x2c ./thirdParty/freeRTOS/tasks.o
                0x00000000080039d0                vTaskInternalSetTimeOutState
 .text.xTaskCheckForTimeOut
                0x00000000080039fc       0xcc ./thirdParty/freeRTOS/tasks.o
                0x00000000080039fc                xTaskCheckForTimeOut
 .text.vTaskMissedYield
                0x0000000008003ac8       0x18 ./thirdParty/freeRTOS/tasks.o
                0x0000000008003ac8                vTaskMissedYield
 .text.prvIdleTask
                0x0000000008003ae0       0x34 ./thirdParty/freeRTOS/tasks.o
 .text.prvInitialiseTaskLists
                0x0000000008003b14       0x80 ./thirdParty/freeRTOS/tasks.o
 .text.prvCheckTasksWaitingTermination
                0x0000000008003b94       0x5c ./thirdParty/freeRTOS/tasks.o
 .text.prvDeleteTCB
                0x0000000008003bf0       0x20 ./thirdParty/freeRTOS/tasks.o
 .text.prvResetNextTaskUnblockTime
                0x0000000008003c10       0x38 ./thirdParty/freeRTOS/tasks.o
 .text.xTaskGetSchedulerState
                0x0000000008003c48       0x3c ./thirdParty/freeRTOS/tasks.o
                0x0000000008003c48                xTaskGetSchedulerState
 .text.prvAddCurrentTaskToDelayedList
                0x0000000008003c84      0x100 ./thirdParty/freeRTOS/tasks.o
 .text.xTimerCreateTimerTask
                0x0000000008003d84       0x64 ./thirdParty/freeRTOS/timers.o
                0x0000000008003d84                xTimerCreateTimerTask
 .text.prvReloadTimer
                0x0000000008003de8       0x42 ./thirdParty/freeRTOS/timers.o
 *fill*         0x0000000008003e2a        0x2 
 .text.prvProcessExpiredTimer
                0x0000000008003e2c       0x60 ./thirdParty/freeRTOS/timers.o
 .text.prvTimerTask
                0x0000000008003e8c       0x24 ./thirdParty/freeRTOS/timers.o
 .text.prvProcessTimerOrBlockTask
                0x0000000008003eb0       0x9c ./thirdParty/freeRTOS/timers.o
 .text.prvGetNextExpireTime
                0x0000000008003f4c       0x48 ./thirdParty/freeRTOS/timers.o
 .text.prvSampleTimeNow
                0x0000000008003f94       0x40 ./thirdParty/freeRTOS/timers.o
 .text.prvInsertTimerInActiveList
                0x0000000008003fd4       0x84 ./thirdParty/freeRTOS/timers.o
 .text.prvProcessReceivedCommands
                0x0000000008004058      0x17c ./thirdParty/freeRTOS/timers.o
 .text.prvSwitchTimerLists
                0x00000000080041d4       0x4c ./thirdParty/freeRTOS/timers.o
 .text.prvCheckForValidListAndQueue
                0x0000000008004220       0x6c ./thirdParty/freeRTOS/timers.o
 .text.pxPortInitialiseStack
                0x000000000800428c       0x68 ./thirdParty/freeRTOS/portable/GCC/ARM_CM4F/port.o
                0x000000000800428c                pxPortInitialiseStack
 .text.prvTaskExitError
                0x00000000080042f4       0x58 ./thirdParty/freeRTOS/portable/GCC/ARM_CM4F/port.o
 *fill*         0x000000000800434c        0x4 
 .text.SVC_Handler
                0x0000000008004350       0x28 ./thirdParty/freeRTOS/portable/GCC/ARM_CM4F/port.o
                0x0000000008004350                SVC_Handler
 .text.prvPortStartFirstTask
                0x0000000008004378       0x2c ./thirdParty/freeRTOS/portable/GCC/ARM_CM4F/port.o
 .text.xPortStartScheduler
                0x00000000080043a4      0x144 ./thirdParty/freeRTOS/portable/GCC/ARM_CM4F/port.o
                0x00000000080043a4                xPortStartScheduler
 .text.vPortEnterCritical
                0x00000000080044e8       0x60 ./thirdParty/freeRTOS/portable/GCC/ARM_CM4F/port.o
                0x00000000080044e8                vPortEnterCritical
 .text.vPortExitCritical
                0x0000000008004548       0x54 ./thirdParty/freeRTOS/portable/GCC/ARM_CM4F/port.o
                0x0000000008004548                vPortExitCritical
 *fill*         0x000000000800459c        0x4 
 .text.PendSV_Handler
                0x00000000080045a0       0x68 ./thirdParty/freeRTOS/portable/GCC/ARM_CM4F/port.o
                0x00000000080045a0                PendSV_Handler
 .text.SysTick_Handler
                0x0000000008004608       0x44 ./thirdParty/freeRTOS/portable/GCC/ARM_CM4F/port.o
                0x0000000008004608                SysTick_Handler
 .text.vPortSetupTimerInterrupt
                0x000000000800464c       0x48 ./thirdParty/freeRTOS/portable/GCC/ARM_CM4F/port.o
                0x000000000800464c                vPortSetupTimerInterrupt
 .text.vPortEnableVFP
                0x0000000008004694       0x18 ./thirdParty/freeRTOS/portable/GCC/ARM_CM4F/port.o
 .text.pvPortMalloc
                0x00000000080046ac      0x1c0 ./thirdParty/freeRTOS/portable/MemMang/heap_4.o
                0x00000000080046ac                pvPortMalloc
 .text.vPortFree
                0x000000000800486c       0xc4 ./thirdParty/freeRTOS/portable/MemMang/heap_4.o
                0x000000000800486c                vPortFree
 .text.prvHeapInit
                0x0000000008004930       0xc4 ./thirdParty/freeRTOS/portable/MemMang/heap_4.o
 .text.prvInsertBlockIntoFreeList
                0x00000000080049f4       0xb4 ./thirdParty/freeRTOS/portable/MemMang/heap_4.o
 .text.__libc_init_array
                0x0000000008004aa8       0x48 c:/st/stm32cubeide_1.10.1/stm32cubeide/plugins/com.st.stm32cube.ide.mcu.externaltools.gnu-tools-for-stm32.10.3-2021.10.win32_1.0.0.202111181127/tools/bin/../lib/gcc/arm-none-eabi/10.3.1/../../../../arm-none-eabi/lib/thumb/v7e-m+fp/hard\libc_nano.a(lib_a-init.o)
                0x0000000008004aa8                __libc_init_array
 .text.memcpy   0x0000000008004af0       0x1c c:/st/stm32cubeide_1.10.1/stm32cubeide/plugins/com.st.stm32cube.ide.mcu.externaltools.gnu-tools-for-stm32.10.3-2021.10.win32_1.0.0.202111181127/tools/bin/../lib/gcc/arm-none-eabi/10.3.1/../../../../arm-none-eabi/lib/thumb/v7e-m+fp/hard\libc_nano.a(lib_a-memcpy-stub.o)
                0x0000000008004af0                memcpy
 .text.memset   0x0000000008004b0c       0x10 c:/st/stm32cubeide_1.10.1/stm32cubeide/plugins/com.st.stm32cube.ide.mcu.externaltools.gnu-tools-for-stm32.10.3-2021.10.win32_1.0.0.202111181127/tools/bin/../lib/gcc/arm-none-eabi/10.3.1/../../../../arm-none-eabi/lib/thumb/v7e-m+fp/hard\libc_nano.a(lib_a-memset.o)
                0x0000000008004b0c                memset
 *(.glue_7)
 .glue_7        0x0000000008004b1c        0x0 linker stubs
 *(.glue_7t)
 .glue_7t       0x0000000008004b1c        0x0 linker stubs
 *(.eh_frame)
 .eh_frame      0x0000000008004b1c        0x0 c:/st/stm32cubeide_1.10.1/stm32cubeide/plugins/com.st.stm32cube.ide.mcu.externaltools.gnu-tools-for-stm32.10.3-2021.10.win32_1.0.0.202111181127/tools/bin/../lib/gcc/arm-none-eabi/10.3.1/thumb/v7e-m+fp/hard/crtbegin.o
 *(.init)
 .init          0x0000000008004b1c        0x4 c:/st/stm32cubeide_1.10.1/stm32cubeide/plugins/com.st.stm32cube.ide.mcu.externaltools.gnu-tools-for-stm32.10.3-2021.10.win32_1.0.0.202111181127/tools/bin/../lib/gcc/arm-none-eabi/10.3.1/thumb/v7e-m+fp/hard/crti.o
                0x0000000008004b1c                _init
 .init          0x0000000008004b20        0x8 c:/st/stm32cubeide_1.10.1/stm32cubeide/plugins/com.st.stm32cube.ide.mcu.externaltools.gnu-tools-for-stm32.10.3-2021.10.win32_1.0.0.202111181127/tools/bin/../lib/gcc/arm-none-eabi/10.3.1/thumb/v7e-m+fp/hard/crtn.o
 *(.fini)
 .fini          0x0000000008004b28        0x4 c:/st/stm32cubeide_1.10.1/stm32cubeide/plugins/com.st.stm32cube.ide.mcu.externaltools.gnu-tools-for-stm32.10.3-2021.10.win32_1.0.0.202111181127/tools/bin/../lib/gcc/arm-none-eabi/10.3.1/thumb/v7e-m+fp/hard/crti.o
                0x0000000008004b28                _fini
 .fini          0x0000000008004b2c        0x8 c:/st/stm32cubeide_1.10.1/stm32cubeide/plugins/com.st.stm32cube.ide.mcu.externaltools.gnu-tools-for-stm32.10.3-2021.10.win32_1.0.0.202111181127/tools/bin/../lib/gcc/arm-none-eabi/10.3.1/thumb/v7e-m+fp/hard/crtn.o
                0x0000000008004b34                . = ALIGN (0x4)
                0x0000000008004b34                _etext = .

.vfp11_veneer   0x0000000008004b34        0x0
 .vfp11_veneer  0x0000000008004b34        0x0 linker stubs

.v4_bx          0x0000000008004b34        0x0
 .v4_bx         0x0000000008004b34        0x0 linker stubs

.iplt           0x0000000008004b34        0x0
 .iplt          0x0000000008004b34        0x0 c:/st/stm32cubeide_1.10.1/stm32cubeide/plugins/com.st.stm32cube.ide.mcu.externaltools.gnu-tools-for-stm32.10.3-2021.10.win32_1.0.0.202111181127/tools/bin/../lib/gcc/arm-none-eabi/10.3.1/thumb/v7e-m+fp/hard/crtbegin.o

.rodata         0x0000000008004b34       0x40
                0x0000000008004b34                . = ALIGN (0x4)
 *(.rodata)
 .rodata        0x0000000008004b34       0x10 ./Core/Src/main.o
 .rodata        0x0000000008004b44        0x5 ./thirdParty/freeRTOS/tasks.o
 *fill*         0x0000000008004b49        0x3 
 .rodata        0x0000000008004b4c        0xd ./thirdParty/freeRTOS/timers.o
 *(.rodata*)
 *fill*         0x0000000008004b59        0x3 
 .rodata.AHBPrescTable
                0x0000000008004b5c       0x10 ./Core/Src/system_stm32f4xx.o
                0x0000000008004b5c                AHBPrescTable
 .rodata.APBPrescTable
                0x0000000008004b6c        0x8 ./Core/Src/system_stm32f4xx.o
                0x0000000008004b6c                APBPrescTable
                0x0000000008004b74                . = ALIGN (0x4)

.ARM.extab      0x0000000008004b74        0x0
                0x0000000008004b74                . = ALIGN (0x4)
 *(.ARM.extab* .gnu.linkonce.armextab.*)
                0x0000000008004b74                . = ALIGN (0x4)

.ARM            0x0000000008004b74        0x8
                0x0000000008004b74                . = ALIGN (0x4)
                0x0000000008004b74                __exidx_start = .
 *(.ARM.exidx*)
 .ARM.exidx     0x0000000008004b74        0x8 c:/st/stm32cubeide_1.10.1/stm32cubeide/plugins/com.st.stm32cube.ide.mcu.externaltools.gnu-tools-for-stm32.10.3-2021.10.win32_1.0.0.202111181127/tools/bin/../lib/gcc/arm-none-eabi/10.3.1/thumb/v7e-m+fp/hard\libgcc.a(_udivmoddi4.o)
                0x0000000008004b7c                __exidx_end = .
                0x0000000008004b7c                . = ALIGN (0x4)

.rel.dyn        0x0000000008004b7c        0x0
 .rel.iplt      0x0000000008004b7c        0x0 c:/st/stm32cubeide_1.10.1/stm32cubeide/plugins/com.st.stm32cube.ide.mcu.externaltools.gnu-tools-for-stm32.10.3-2021.10.win32_1.0.0.202111181127/tools/bin/../lib/gcc/arm-none-eabi/10.3.1/thumb/v7e-m+fp/hard/crtbegin.o

.preinit_array  0x0000000008004b7c        0x0
                0x0000000008004b7c                . = ALIGN (0x4)
                0x0000000008004b7c                PROVIDE (__preinit_array_start = .)
 *(.preinit_array*)
                0x0000000008004b7c                PROVIDE (__preinit_array_end = .)
                0x0000000008004b7c                . = ALIGN (0x4)

.init_array     0x0000000008004b7c        0x4
                0x0000000008004b7c                . = ALIGN (0x4)
                0x0000000008004b7c                PROVIDE (__init_array_start = .)
 *(SORT_BY_NAME(.init_array.*))
 *(.init_array*)
 .init_array    0x0000000008004b7c        0x4 c:/st/stm32cubeide_1.10.1/stm32cubeide/plugins/com.st.stm32cube.ide.mcu.externaltools.gnu-tools-for-stm32.10.3-2021.10.win32_1.0.0.202111181127/tools/bin/../lib/gcc/arm-none-eabi/10.3.1/thumb/v7e-m+fp/hard/crtbegin.o
                0x0000000008004b80                PROVIDE (__init_array_end = .)
                0x0000000008004b80                . = ALIGN (0x4)

.fini_array     0x0000000008004b80        0x4
                0x0000000008004b80                . = ALIGN (0x4)
                [!provide]                        PROVIDE (__fini_array_start = .)
 *(SORT_BY_NAME(.fini_array.*))
 *(.fini_array*)
 .fini_array    0x0000000008004b80        0x4 c:/st/stm32cubeide_1.10.1/stm32cubeide/plugins/com.st.stm32cube.ide.mcu.externaltools.gnu-tools-for-stm32.10.3-2021.10.win32_1.0.0.202111181127/tools/bin/../lib/gcc/arm-none-eabi/10.3.1/thumb/v7e-m+fp/hard/crtbegin.o
                [!provide]                        PROVIDE (__fini_array_end = .)
                0x0000000008004b84                . = ALIGN (0x4)
                0x0000000008004b84                _sidata = LOADADDR (.data)

.data           0x0000000020000000       0x14 load address 0x0000000008004b84
                0x0000000020000000                . = ALIGN (0x4)
                0x0000000020000000                _sdata = .
 *(.data)
 *(.data*)
 .data.SystemCoreClock
                0x0000000020000000        0x4 ./Core/Src/system_stm32f4xx.o
                0x0000000020000000                SystemCoreClock
 .data.uwTickPrio
                0x0000000020000004        0x4 ./Drivers/STM32F4xx_HAL_Driver/Src/stm32f4xx_hal.o
                0x0000000020000004                uwTickPrio
 .data.uwTickFreq
                0x0000000020000008        0x1 ./Drivers/STM32F4xx_HAL_Driver/Src/stm32f4xx_hal.o
                0x0000000020000008                uwTickFreq
 *fill*         0x0000000020000009        0x3 
 .data.uxTopUsedPriority
                0x000000002000000c        0x4 ./thirdParty/freeRTOS/tasks.o
                0x000000002000000c                uxTopUsedPriority
 .data.uxCriticalNesting
                0x0000000020000010        0x4 ./thirdParty/freeRTOS/portable/GCC/ARM_CM4F/port.o
 *(.RamFunc)
 *(.RamFunc*)
                0x0000000020000014                . = ALIGN (0x4)
                0x0000000020000014                _edata = .

.igot.plt       0x0000000020000014        0x0 load address 0x0000000008004b98
 .igot.plt      0x0000000020000014        0x0 c:/st/stm32cubeide_1.10.1/stm32cubeide/plugins/com.st.stm32cube.ide.mcu.externaltools.gnu-tools-for-stm32.10.3-2021.10.win32_1.0.0.202111181127/tools/bin/../lib/gcc/arm-none-eabi/10.3.1/thumb/v7e-m+fp/hard/crtbegin.o
                0x0000000020000014                . = ALIGN (0x4)

.bss            0x0000000020000014    0x12e54 load address 0x0000000008004b98
                0x0000000020000014                _sbss = .
                0x0000000020000014                __bss_start__ = _sbss
 *(.bss)
 .bss           0x0000000020000014       0x1c c:/st/stm32cubeide_1.10.1/stm32cubeide/plugins/com.st.stm32cube.ide.mcu.externaltools.gnu-tools-for-stm32.10.3-2021.10.win32_1.0.0.202111181127/tools/bin/../lib/gcc/arm-none-eabi/10.3.1/thumb/v7e-m+fp/hard/crtbegin.o
 *(.bss*)
 .bss.huart2    0x0000000020000030       0x44 ./Core/Src/main.o
                0x0000000020000030                huart2
 .bss.htim6     0x0000000020000074       0x48 ./Core/Src/stm32f4xx_hal_timebase_tim.o
                0x0000000020000074                htim6
 .bss.uwTick    0x00000000200000bc        0x4 ./Drivers/STM32F4xx_HAL_Driver/Src/stm32f4xx_hal.o
                0x00000000200000bc                uwTick
 .bss.xQueueRegistry
                0x00000000200000c0       0x40 ./thirdParty/freeRTOS/queue.o
                0x00000000200000c0                xQueueRegistry
 .bss.pxCurrentTCB
                0x0000000020000100        0x4 ./thirdParty/freeRTOS/tasks.o
                0x0000000020000100                pxCurrentTCB
 .bss.pxReadyTasksLists
                0x0000000020000104       0x64 ./thirdParty/freeRTOS/tasks.o
 .bss.xDelayedTaskList1
                0x0000000020000168       0x14 ./thirdParty/freeRTOS/tasks.o
 .bss.xDelayedTaskList2
                0x000000002000017c       0x14 ./thirdParty/freeRTOS/tasks.o
 .bss.pxDelayedTaskList
                0x0000000020000190        0x4 ./thirdParty/freeRTOS/tasks.o
 .bss.pxOverflowDelayedTaskList
                0x0000000020000194        0x4 ./thirdParty/freeRTOS/tasks.o
 .bss.xPendingReadyList
                0x0000000020000198       0x14 ./thirdParty/freeRTOS/tasks.o
 .bss.xTasksWaitingTermination
                0x00000000200001ac       0x14 ./thirdParty/freeRTOS/tasks.o
 .bss.uxDeletedTasksWaitingCleanUp
                0x00000000200001c0        0x4 ./thirdParty/freeRTOS/tasks.o
 .bss.xSuspendedTaskList
                0x00000000200001c4       0x14 ./thirdParty/freeRTOS/tasks.o
 .bss.uxCurrentNumberOfTasks
                0x00000000200001d8        0x4 ./thirdParty/freeRTOS/tasks.o
 .bss.xTickCount
                0x00000000200001dc        0x4 ./thirdParty/freeRTOS/tasks.o
 .bss.uxTopReadyPriority
                0x00000000200001e0        0x4 ./thirdParty/freeRTOS/tasks.o
 .bss.xSchedulerRunning
                0x00000000200001e4        0x4 ./thirdParty/freeRTOS/tasks.o
 .bss.xPendedTicks
                0x00000000200001e8        0x4 ./thirdParty/freeRTOS/tasks.o
 .bss.xYieldPending
                0x00000000200001ec        0x4 ./thirdParty/freeRTOS/tasks.o
 .bss.xNumOfOverflows
                0x00000000200001f0        0x4 ./thirdParty/freeRTOS/tasks.o
 .bss.uxTaskNumber
                0x00000000200001f4        0x4 ./thirdParty/freeRTOS/tasks.o
 .bss.xNextTaskUnblockTime
                0x00000000200001f8        0x4 ./thirdParty/freeRTOS/tasks.o
 .bss.xIdleTaskHandle
                0x00000000200001fc        0x4 ./thirdParty/freeRTOS/tasks.o
 .bss.uxSchedulerSuspended
                0x0000000020000200        0x4 ./thirdParty/freeRTOS/tasks.o
 .bss.xActiveTimerList1
                0x0000000020000204       0x14 ./thirdParty/freeRTOS/timers.o
 .bss.xActiveTimerList2
                0x0000000020000218       0x14 ./thirdParty/freeRTOS/timers.o
 .bss.pxCurrentTimerList
                0x000000002000022c        0x4 ./thirdParty/freeRTOS/timers.o
 .bss.pxOverflowTimerList
                0x0000000020000230        0x4 ./thirdParty/freeRTOS/timers.o
 .bss.xTimerQueue
                0x0000000020000234        0x4 ./thirdParty/freeRTOS/timers.o
 .bss.xTimerTaskHandle
                0x0000000020000238        0x4 ./thirdParty/freeRTOS/timers.o
 .bss.xLastTime.0
                0x000000002000023c        0x4 ./thirdParty/freeRTOS/timers.o
 .bss.ucMaxSysCallPriority
                0x0000000020000240        0x1 ./thirdParty/freeRTOS/portable/GCC/ARM_CM4F/port.o
 *fill*         0x0000000020000241        0x3 
 .bss.ulMaxPRIGROUPValue
                0x0000000020000244        0x4 ./thirdParty/freeRTOS/portable/GCC/ARM_CM4F/port.o
 .bss.ucHeap    0x0000000020000248    0x12c00 ./thirdParty/freeRTOS/portable/MemMang/heap_4.o
 .bss.xStart    0x0000000020012e48        0x8 ./thirdParty/freeRTOS/portable/MemMang/heap_4.o
 .bss.pxEnd     0x0000000020012e50        0x4 ./thirdParty/freeRTOS/portable/MemMang/heap_4.o
 .bss.xFreeBytesRemaining
                0x0000000020012e54        0x4 ./thirdParty/freeRTOS/portable/MemMang/heap_4.o
 .bss.xMinimumEverFreeBytesRemaining
                0x0000000020012e58        0x4 ./thirdParty/freeRTOS/portable/MemMang/heap_4.o
 .bss.xNumberOfSuccessfulAllocations
                0x0000000020012e5c        0x4 ./thirdParty/freeRTOS/portable/MemMang/heap_4.o
 .bss.xNumberOfSuccessfulFrees
                0x0000000020012e60        0x4 ./thirdParty/freeRTOS/portable/MemMang/heap_4.o
 .bss.xBlockAllocatedBit
                0x0000000020012e64        0x4 ./thirdParty/freeRTOS/portable/MemMang/heap_4.o
 *(COMMON)
                0x0000000020012e68                . = ALIGN (0x4)
                0x0000000020012e68                _ebss = .
                0x0000000020012e68                __bss_end__ = _ebss

._user_heap_stack
                0x0000000020012e68      0x600 load address 0x0000000008004b98
                0x0000000020012e68                . = ALIGN (0x8)
                [!provide]                        PROVIDE (end = .)
                [!provide]                        PROVIDE (_end = .)
                0x0000000020013068                . = (. + _Min_Heap_Size)
 *fill*         0x0000000020012e68      0x200 
                0x0000000020013468                . = (. + _Min_Stack_Size)
 *fill*         0x0000000020013068      0x400 
                0x0000000020013468                . = ALIGN (0x8)

/DISCARD/
 libc.a(*)
 libm.a(*)
 libgcc.a(*)

.ARM.attributes
                0x0000000000000000       0x30
 *(.ARM.attributes)
 .ARM.attributes
                0x0000000000000000       0x1e c:/st/stm32cubeide_1.10.1/stm32cubeide/plugins/com.st.stm32cube.ide.mcu.externaltools.gnu-tools-for-stm32.10.3-2021.10.win32_1.0.0.202111181127/tools/bin/../lib/gcc/arm-none-eabi/10.3.1/thumb/v7e-m+fp/hard/crti.o
 .ARM.attributes
                0x000000000000001e       0x34 c:/st/stm32cubeide_1.10.1/stm32cubeide/plugins/com.st.stm32cube.ide.mcu.externaltools.gnu-tools-for-stm32.10.3-2021.10.win32_1.0.0.202111181127/tools/bin/../lib/gcc/arm-none-eabi/10.3.1/thumb/v7e-m+fp/hard/crtbegin.o
 .ARM.attributes
                0x0000000000000052       0x34 ./Core/Src/main.o
 .ARM.attributes
                0x0000000000000086       0x34 ./Core/Src/stm32f4xx_hal_msp.o
 .ARM.attributes
                0x00000000000000ba       0x34 ./Core/Src/stm32f4xx_hal_timebase_tim.o
 .ARM.attributes
                0x00000000000000ee       0x34 ./Core/Src/stm32f4xx_it.o
 .ARM.attributes
                0x0000000000000122       0x34 ./Core/Src/system_stm32f4xx.o
 .ARM.attributes
                0x0000000000000156       0x21 ./Core/Startup/startup_stm32f446retx.o
 .ARM.attributes
                0x0000000000000177       0x34 ./Drivers/STM32F4xx_HAL_Driver/Src/stm32f4xx_hal.o
 .ARM.attributes
                0x00000000000001ab       0x34 ./Drivers/STM32F4xx_HAL_Driver/Src/stm32f4xx_hal_cortex.o
 .ARM.attributes
                0x00000000000001df       0x34 ./Drivers/STM32F4xx_HAL_Driver/Src/stm32f4xx_hal_gpio.o
 .ARM.attributes
                0x0000000000000213       0x34 ./Drivers/STM32F4xx_HAL_Driver/Src/stm32f4xx_hal_rcc.o
 .ARM.attributes
                0x0000000000000247       0x34 ./Drivers/STM32F4xx_HAL_Driver/Src/stm32f4xx_hal_rcc_ex.o
 .ARM.attributes
                0x000000000000027b       0x34 ./Drivers/STM32F4xx_HAL_Driver/Src/stm32f4xx_hal_tim.o
 .ARM.attributes
                0x00000000000002af       0x34 ./Drivers/STM32F4xx_HAL_Driver/Src/stm32f4xx_hal_tim_ex.o
 .ARM.attributes
                0x00000000000002e3       0x34 ./Drivers/STM32F4xx_HAL_Driver/Src/stm32f4xx_hal_uart.o
 .ARM.attributes
                0x0000000000000317       0x34 ./thirdParty/freeRTOS/list.o
 .ARM.attributes
                0x000000000000034b       0x34 ./thirdParty/freeRTOS/queue.o
 .ARM.attributes
                0x000000000000037f       0x34 ./thirdParty/freeRTOS/tasks.o
 .ARM.attributes
                0x00000000000003b3       0x34 ./thirdParty/freeRTOS/timers.o
 .ARM.attributes
                0x00000000000003e7       0x34 ./thirdParty/freeRTOS/portable/GCC/ARM_CM4F/port.o
 .ARM.attributes
                0x000000000000041b       0x34 ./thirdParty/freeRTOS/portable/MemMang/heap_4.o
 .ARM.attributes
                0x000000000000044f       0x34 c:/st/stm32cubeide_1.10.1/stm32cubeide/plugins/com.st.stm32cube.ide.mcu.externaltools.gnu-tools-for-stm32.10.3-2021.10.win32_1.0.0.202111181127/tools/bin/../lib/gcc/arm-none-eabi/10.3.1/../../../../arm-none-eabi/lib/thumb/v7e-m+fp/hard\libc_nano.a(lib_a-init.o)
 .ARM.attributes
                0x0000000000000483       0x34 c:/st/stm32cubeide_1.10.1/stm32cubeide/plugins/com.st.stm32cube.ide.mcu.externaltools.gnu-tools-for-stm32.10.3-2021.10.win32_1.0.0.202111181127/tools/bin/../lib/gcc/arm-none-eabi/10.3.1/../../../../arm-none-eabi/lib/thumb/v7e-m+fp/hard\libc_nano.a(lib_a-memcpy-stub.o)
 .ARM.attributes
                0x00000000000004b7       0x34 c:/st/stm32cubeide_1.10.1/stm32cubeide/plugins/com.st.stm32cube.ide.mcu.externaltools.gnu-tools-for-stm32.10.3-2021.10.win32_1.0.0.202111181127/tools/bin/../lib/gcc/arm-none-eabi/10.3.1/../../../../arm-none-eabi/lib/thumb/v7e-m+fp/hard\libc_nano.a(lib_a-memset.o)
 .ARM.attributes
                0x00000000000004eb       0x1e c:/st/stm32cubeide_1.10.1/stm32cubeide/plugins/com.st.stm32cube.ide.mcu.externaltools.gnu-tools-for-stm32.10.3-2021.10.win32_1.0.0.202111181127/tools/bin/../lib/gcc/arm-none-eabi/10.3.1/thumb/v7e-m+fp/hard\libgcc.a(_aeabi_uldivmod.o)
 .ARM.attributes
                0x0000000000000509       0x34 c:/st/stm32cubeide_1.10.1/stm32cubeide/plugins/com.st.stm32cube.ide.mcu.externaltools.gnu-tools-for-stm32.10.3-2021.10.win32_1.0.0.202111181127/tools/bin/../lib/gcc/arm-none-eabi/10.3.1/thumb/v7e-m+fp/hard\libgcc.a(_udivmoddi4.o)
 .ARM.attributes
                0x000000000000053d       0x1e c:/st/stm32cubeide_1.10.1/stm32cubeide/plugins/com.st.stm32cube.ide.mcu.externaltools.gnu-tools-for-stm32.10.3-2021.10.win32_1.0.0.202111181127/tools/bin/../lib/gcc/arm-none-eabi/10.3.1/thumb/v7e-m+fp/hard\libgcc.a(_dvmd_tls.o)
 .ARM.attributes
                0x000000000000055b       0x1e c:/st/stm32cubeide_1.10.1/stm32cubeide/plugins/com.st.stm32cube.ide.mcu.externaltools.gnu-tools-for-stm32.10.3-2021.10.win32_1.0.0.202111181127/tools/bin/../lib/gcc/arm-none-eabi/10.3.1/thumb/v7e-m+fp/hard/crtn.o
OUTPUT(pet_food_dispenser.elf elf32-littlearm)
LOAD linker stubs
LOAD c:/st/stm32cubeide_1.10.1/stm32cubeide/plugins/com.st.stm32cube.ide.mcu.externaltools.gnu-tools-for-stm32.10.3-2021.10.win32_1.0.0.202111181127/tools/bin/../lib/gcc/arm-none-eabi/10.3.1/../../../../arm-none-eabi/lib/thumb/v7e-m+fp/hard\libc.a
LOAD c:/st/stm32cubeide_1.10.1/stm32cubeide/plugins/com.st.stm32cube.ide.mcu.externaltools.gnu-tools-for-stm32.10.3-2021.10.win32_1.0.0.202111181127/tools/bin/../lib/gcc/arm-none-eabi/10.3.1/../../../../arm-none-eabi/lib/thumb/v7e-m+fp/hard\libm.a
LOAD c:/st/stm32cubeide_1.10.1/stm32cubeide/plugins/com.st.stm32cube.ide.mcu.externaltools.gnu-tools-for-stm32.10.3-2021.10.win32_1.0.0.202111181127/tools/bin/../lib/gcc/arm-none-eabi/10.3.1/thumb/v7e-m+fp/hard\libgcc.a

.debug_info     0x0000000000000000    0x134c8
 .debug_info    0x0000000000000000     0x1100 ./Core/Src/main.o
 .debug_info    0x0000000000001100      0x9a3 ./Core/Src/stm32f4xx_hal_msp.o
 .debug_info    0x0000000000001aa3      0xca1 ./Core/Src/stm32f4xx_hal_timebase_tim.o
 .debug_info    0x0000000000002744      0x6f8 ./Core/Src/stm32f4xx_it.o
 .debug_info    0x0000000000002e3c      0x55b ./Core/Src/system_stm32f4xx.o
 .debug_info    0x0000000000003397       0x22 ./Core/Startup/startup_stm32f446retx.o
 .debug_info    0x00000000000033b9      0x9d2 ./Drivers/STM32F4xx_HAL_Driver/Src/stm32f4xx_hal.o
 .debug_info    0x0000000000003d8b      0xe39 ./Drivers/STM32F4xx_HAL_Driver/Src/stm32f4xx_hal_cortex.o
 .debug_info    0x0000000000004bc4      0x7be ./Drivers/STM32F4xx_HAL_Driver/Src/stm32f4xx_hal_gpio.o
 .debug_info    0x0000000000005382      0x9ab ./Drivers/STM32F4xx_HAL_Driver/Src/stm32f4xx_hal_rcc.o
 .debug_info    0x0000000000005d2d      0x9ec ./Drivers/STM32F4xx_HAL_Driver/Src/stm32f4xx_hal_rcc_ex.o
 .debug_info    0x0000000000006719     0x2bbe ./Drivers/STM32F4xx_HAL_Driver/Src/stm32f4xx_hal_tim.o
 .debug_info    0x00000000000092d7     0x15e0 ./Drivers/STM32F4xx_HAL_Driver/Src/stm32f4xx_hal_tim_ex.o
 .debug_info    0x000000000000a8b7     0x31bc ./Drivers/STM32F4xx_HAL_Driver/Src/stm32f4xx_hal_uart.o
 .debug_info    0x000000000000da73      0x2d1 ./thirdParty/freeRTOS/list.o
 .debug_info    0x000000000000dd44     0x1926 ./thirdParty/freeRTOS/queue.o
 .debug_info    0x000000000000f66a     0x25c7 ./thirdParty/freeRTOS/tasks.o
 .debug_info    0x0000000000011c31      0xe83 ./thirdParty/freeRTOS/timers.o
 .debug_info    0x0000000000012ab4      0x507 ./thirdParty/freeRTOS/portable/GCC/ARM_CM4F/port.o
 .debug_info    0x0000000000012fbb      0x50d ./thirdParty/freeRTOS/portable/MemMang/heap_4.o

.debug_abbrev   0x0000000000000000     0x2acc
 .debug_abbrev  0x0000000000000000      0x2bd ./Core/Src/main.o
 .debug_abbrev  0x00000000000002bd      0x19b ./Core/Src/stm32f4xx_hal_msp.o
 .debug_abbrev  0x0000000000000458      0x1e6 ./Core/Src/stm32f4xx_hal_timebase_tim.o
 .debug_abbrev  0x000000000000063e      0x171 ./Core/Src/stm32f4xx_it.o
 .debug_abbrev  0x00000000000007af      0x116 ./Core/Src/system_stm32f4xx.o
 .debug_abbrev  0x00000000000008c5       0x12 ./Core/Startup/startup_stm32f446retx.o
 .debug_abbrev  0x00000000000008d7      0x20d ./Drivers/STM32F4xx_HAL_Driver/Src/stm32f4xx_hal.o
 .debug_abbrev  0x0000000000000ae4      0x316 ./Drivers/STM32F4xx_HAL_Driver/Src/stm32f4xx_hal_cortex.o
 .debug_abbrev  0x0000000000000dfa      0x1c4 ./Drivers/STM32F4xx_HAL_Driver/Src/stm32f4xx_hal_gpio.o
 .debug_abbrev  0x0000000000000fbe      0x2aa ./Drivers/STM32F4xx_HAL_Driver/Src/stm32f4xx_hal_rcc.o
 .debug_abbrev  0x0000000000001268      0x1fb ./Drivers/STM32F4xx_HAL_Driver/Src/stm32f4xx_hal_rcc_ex.o
 .debug_abbrev  0x0000000000001463      0x25d ./Drivers/STM32F4xx_HAL_Driver/Src/stm32f4xx_hal_tim.o
 .debug_abbrev  0x00000000000016c0      0x265 ./Drivers/STM32F4xx_HAL_Driver/Src/stm32f4xx_hal_tim_ex.o
 .debug_abbrev  0x0000000000001925      0x2f4 ./Drivers/STM32F4xx_HAL_Driver/Src/stm32f4xx_hal_uart.o
 .debug_abbrev  0x0000000000001c19       0xf2 ./thirdParty/freeRTOS/list.o
 .debug_abbrev  0x0000000000001d0b      0x312 ./thirdParty/freeRTOS/queue.o
 .debug_abbrev  0x000000000000201d      0x37f ./thirdParty/freeRTOS/tasks.o
 .debug_abbrev  0x000000000000239c      0x2c5 ./thirdParty/freeRTOS/timers.o
 .debug_abbrev  0x0000000000002661      0x259 ./thirdParty/freeRTOS/portable/GCC/ARM_CM4F/port.o
 .debug_abbrev  0x00000000000028ba      0x212 ./thirdParty/freeRTOS/portable/MemMang/heap_4.o

.debug_aranges  0x0000000000000000     0x1110
 .debug_aranges
                0x0000000000000000       0x58 ./Core/Src/main.o
 .debug_aranges
                0x0000000000000058       0x30 ./Core/Src/stm32f4xx_hal_msp.o
 .debug_aranges
                0x0000000000000088       0x30 ./Core/Src/stm32f4xx_hal_timebase_tim.o
 .debug_aranges
                0x00000000000000b8       0x50 ./Core/Src/stm32f4xx_it.o
 .debug_aranges
                0x0000000000000108       0x28 ./Core/Src/system_stm32f4xx.o
 .debug_aranges
                0x0000000000000130       0x28 ./Core/Startup/startup_stm32f446retx.o
 .debug_aranges
                0x0000000000000158       0xf0 ./Drivers/STM32F4xx_HAL_Driver/Src/stm32f4xx_hal.o
 .debug_aranges
                0x0000000000000248      0x118 ./Drivers/STM32F4xx_HAL_Driver/Src/stm32f4xx_hal_cortex.o
 .debug_aranges
                0x0000000000000360       0x58 ./Drivers/STM32F4xx_HAL_Driver/Src/stm32f4xx_hal_gpio.o
 .debug_aranges
                0x00000000000003b8       0x88 ./Drivers/STM32F4xx_HAL_Driver/Src/stm32f4xx_hal_rcc.o
 .debug_aranges
                0x0000000000000440       0x78 ./Drivers/STM32F4xx_HAL_Driver/Src/stm32f4xx_hal_rcc_ex.o
 .debug_aranges
                0x00000000000004b8      0x3d0 ./Drivers/STM32F4xx_HAL_Driver/Src/stm32f4xx_hal_tim.o
 .debug_aranges
                0x0000000000000888      0x168 ./Drivers/STM32F4xx_HAL_Driver/Src/stm32f4xx_hal_tim_ex.o
 .debug_aranges
                0x00000000000009f0      0x200 ./Drivers/STM32F4xx_HAL_Driver/Src/stm32f4xx_hal_uart.o
 .debug_aranges
                0x0000000000000bf0       0x40 ./thirdParty/freeRTOS/list.o
 .debug_aranges
                0x0000000000000c30      0x130 ./thirdParty/freeRTOS/queue.o
 .debug_aranges
                0x0000000000000d60      0x1f8 ./thirdParty/freeRTOS/tasks.o
 .debug_aranges
                0x0000000000000f58       0xe0 ./thirdParty/freeRTOS/timers.o
 .debug_aranges
                0x0000000000001038       0x80 ./thirdParty/freeRTOS/portable/GCC/ARM_CM4F/port.o
 .debug_aranges
                0x00000000000010b8       0x58 ./thirdParty/freeRTOS/portable/MemMang/heap_4.o

.debug_ranges   0x0000000000000000     0x1008
 .debug_ranges  0x0000000000000000       0x48 ./Core/Src/main.o
 .debug_ranges  0x0000000000000048       0x20 ./Core/Src/stm32f4xx_hal_msp.o
 .debug_ranges  0x0000000000000068       0x20 ./Core/Src/stm32f4xx_hal_timebase_tim.o
 .debug_ranges  0x0000000000000088       0x40 ./Core/Src/stm32f4xx_it.o
 .debug_ranges  0x00000000000000c8       0x18 ./Core/Src/system_stm32f4xx.o
 .debug_ranges  0x00000000000000e0       0x20 ./Core/Startup/startup_stm32f446retx.o
 .debug_ranges  0x0000000000000100       0xe0 ./Drivers/STM32F4xx_HAL_Driver/Src/stm32f4xx_hal.o
 .debug_ranges  0x00000000000001e0      0x108 ./Drivers/STM32F4xx_HAL_Driver/Src/stm32f4xx_hal_cortex.o
 .debug_ranges  0x00000000000002e8       0x48 ./Drivers/STM32F4xx_HAL_Driver/Src/stm32f4xx_hal_gpio.o
 .debug_ranges  0x0000000000000330       0x78 ./Drivers/STM32F4xx_HAL_Driver/Src/stm32f4xx_hal_rcc.o
 .debug_ranges  0x00000000000003a8       0x68 ./Drivers/STM32F4xx_HAL_Driver/Src/stm32f4xx_hal_rcc_ex.o
 .debug_ranges  0x0000000000000410      0x3c0 ./Drivers/STM32F4xx_HAL_Driver/Src/stm32f4xx_hal_tim.o
 .debug_ranges  0x00000000000007d0      0x158 ./Drivers/STM32F4xx_HAL_Driver/Src/stm32f4xx_hal_tim_ex.o
 .debug_ranges  0x0000000000000928      0x220 ./Drivers/STM32F4xx_HAL_Driver/Src/stm32f4xx_hal_uart.o
 .debug_ranges  0x0000000000000b48       0x30 ./thirdParty/freeRTOS/list.o
 .debug_ranges  0x0000000000000b78      0x120 ./thirdParty/freeRTOS/queue.o
 .debug_ranges  0x0000000000000c98      0x1e8 ./thirdParty/freeRTOS/tasks.o
 .debug_ranges  0x0000000000000e80       0xd0 ./thirdParty/freeRTOS/timers.o
 .debug_ranges  0x0000000000000f50       0x70 ./thirdParty/freeRTOS/portable/GCC/ARM_CM4F/port.o
 .debug_ranges  0x0000000000000fc0       0x48 ./thirdParty/freeRTOS/portable/MemMang/heap_4.o

.debug_macro    0x0000000000000000    0x22887
 .debug_macro   0x0000000000000000      0x259 ./Core/Src/main.o
 .debug_macro   0x0000000000000259      0xa78 ./Core/Src/main.o
 .debug_macro   0x0000000000000cd1      0x29b ./Core/Src/main.o
 .debug_macro   0x0000000000000f6c       0x2e ./Core/Src/main.o
 .debug_macro   0x0000000000000f9a       0x28 ./Core/Src/main.o
 .debug_macro   0x0000000000000fc2       0x22 ./Core/Src/main.o
 .debug_macro   0x0000000000000fe4       0x8e ./Core/Src/main.o
 .debug_macro   0x0000000000001072       0x51 ./Core/Src/main.o
 .debug_macro   0x00000000000010c3      0x103 ./Core/Src/main.o
 .debug_macro   0x00000000000011c6       0x6a ./Core/Src/main.o
 .debug_macro   0x0000000000001230      0x1df ./Core/Src/main.o
 .debug_macro   0x000000000000140f       0x1c ./Core/Src/main.o
 .debug_macro   0x000000000000142b       0x22 ./Core/Src/main.o
 .debug_macro   0x000000000000144d       0xd9 ./Core/Src/main.o
 .debug_macro   0x0000000000001526     0x102d ./Core/Src/main.o
 .debug_macro   0x0000000000002553      0x11f ./Core/Src/main.o
 .debug_macro   0x0000000000002672    0x16749 ./Core/Src/main.o
 .debug_macro   0x0000000000018dbb       0x6d ./Core/Src/main.o
 .debug_macro   0x0000000000018e28     0x367e ./Core/Src/main.o
 .debug_macro   0x000000000001c4a6      0x174 ./Core/Src/main.o
 .debug_macro   0x000000000001c61a       0x5c ./Core/Src/main.o
 .debug_macro   0x000000000001c676      0xc90 ./Core/Src/main.o
 .debug_macro   0x000000000001d306      0x9fe ./Core/Src/main.o
 .debug_macro   0x000000000001dd04      0x115 ./Core/Src/main.o
 .debug_macro   0x000000000001de19      0x1a0 ./Core/Src/main.o
 .debug_macro   0x000000000001dfb9       0xa5 ./Core/Src/main.o
 .debug_macro   0x000000000001e05e      0x16d ./Core/Src/main.o
 .debug_macro   0x000000000001e1cb      0x287 ./Core/Src/main.o
 .debug_macro   0x000000000001e452       0x5f ./Core/Src/main.o
 .debug_macro   0x000000000001e4b1      0x236 ./Core/Src/main.o
 .debug_macro   0x000000000001e6e7      0x132 ./Core/Src/main.o
 .debug_macro   0x000000000001e819      0x29c ./Core/Src/main.o
 .debug_macro   0x000000000001eab5       0x2e ./Core/Src/main.o
 .debug_macro   0x000000000001eae3      0x11a ./Core/Src/main.o
 .debug_macro   0x000000000001ebfd       0xe8 ./Core/Src/main.o
 .debug_macro   0x000000000001ece5       0x89 ./Core/Src/main.o
 .debug_macro   0x000000000001ed6e      0x8e6 ./Core/Src/main.o
 .debug_macro   0x000000000001f654       0x4d ./Core/Src/main.o
 .debug_macro   0x000000000001f6a1      0x295 ./Core/Src/main.o
 .debug_macro   0x000000000001f936      0x126 ./Core/Src/main.o
 .debug_macro   0x000000000001fa5c       0x58 ./Core/Src/main.o
 .debug_macro   0x000000000001fab4       0x16 ./Core/Src/main.o
 .debug_macro   0x000000000001faca      0x106 ./Core/Src/main.o
 .debug_macro   0x000000000001fbd0      0x15a ./Core/Src/main.o
 .debug_macro   0x000000000001fd2a       0xea ./Core/Src/main.o
 .debug_macro   0x000000000001fe14       0x28 ./Core/Src/main.o
 .debug_macro   0x000000000001fe3c       0x1f ./Core/Src/main.o
 .debug_macro   0x000000000001fe5b       0x12 ./Core/Src/main.o
 .debug_macro   0x000000000001fe6d      0x50b ./Core/Src/main.o
 .debug_macro   0x0000000000020378       0xc3 ./Core/Src/main.o
 .debug_macro   0x000000000002043b      0x120 ./Core/Src/main.o
 .debug_macro   0x000000000002055b      0x1dd ./Core/Src/stm32f4xx_hal_msp.o
 .debug_macro   0x0000000000020738      0x1ce ./Core/Src/stm32f4xx_hal_timebase_tim.o
 .debug_macro   0x0000000000020906      0x1e7 ./Core/Src/stm32f4xx_it.o
 .debug_macro   0x0000000000020aed      0x1ce ./Core/Src/system_stm32f4xx.o
 .debug_macro   0x0000000000020cbb      0x22e ./Drivers/STM32F4xx_HAL_Driver/Src/stm32f4xx_hal.o
 .debug_macro   0x0000000000020ee9      0x1ce ./Drivers/STM32F4xx_HAL_Driver/Src/stm32f4xx_hal_cortex.o
 .debug_macro   0x00000000000210b7      0x1d4 ./Drivers/STM32F4xx_HAL_Driver/Src/stm32f4xx_hal_gpio.o
 .debug_macro   0x000000000002128b      0x1f2 ./Drivers/STM32F4xx_HAL_Driver/Src/stm32f4xx_hal_rcc.o
 .debug_macro   0x000000000002147d      0x1ce ./Drivers/STM32F4xx_HAL_Driver/Src/stm32f4xx_hal_rcc_ex.o
 .debug_macro   0x000000000002164b      0x1cf ./Drivers/STM32F4xx_HAL_Driver/Src/stm32f4xx_hal_tim.o
 .debug_macro   0x000000000002181a      0x1ce ./Drivers/STM32F4xx_HAL_Driver/Src/stm32f4xx_hal_tim_ex.o
 .debug_macro   0x00000000000219e8      0x1cf ./Drivers/STM32F4xx_HAL_Driver/Src/stm32f4xx_hal_uart.o
 .debug_macro   0x0000000000021bb7      0x198 ./thirdParty/freeRTOS/list.o
 .debug_macro   0x0000000000021d4f      0x221 ./thirdParty/freeRTOS/queue.o
 .debug_macro   0x0000000000021f70       0x16 ./thirdParty/freeRTOS/queue.o
 .debug_macro   0x0000000000021f86       0x20 ./thirdParty/freeRTOS/queue.o
 .debug_macro   0x0000000000021fa6       0x80 ./thirdParty/freeRTOS/queue.o
 .debug_macro   0x0000000000022026      0x27e ./thirdParty/freeRTOS/tasks.o
 .debug_macro   0x00000000000222a4       0x17 ./thirdParty/freeRTOS/tasks.o
 .debug_macro   0x00000000000222bb      0x1e7 ./thirdParty/freeRTOS/timers.o
 .debug_macro   0x00000000000224a2       0x97 ./thirdParty/freeRTOS/timers.o
 .debug_macro   0x0000000000022539      0x19b ./thirdParty/freeRTOS/portable/GCC/ARM_CM4F/port.o
 .debug_macro   0x00000000000226d4      0x1b3 ./thirdParty/freeRTOS/portable/MemMang/heap_4.o

.debug_line     0x0000000000000000    0x13d36
 .debug_line    0x0000000000000000      0x983 ./Core/Src/main.o
 .debug_line    0x0000000000000983      0x708 ./Core/Src/stm32f4xx_hal_msp.o
 .debug_line    0x000000000000108b      0x735 ./Core/Src/stm32f4xx_hal_timebase_tim.o
 .debug_line    0x00000000000017c0      0x758 ./Core/Src/stm32f4xx_it.o
 .debug_line    0x0000000000001f18      0x73d ./Core/Src/system_stm32f4xx.o
 .debug_line    0x0000000000002655       0x88 ./Core/Startup/startup_stm32f446retx.o
 .debug_line    0x00000000000026dd      0x9a3 ./Drivers/STM32F4xx_HAL_Driver/Src/stm32f4xx_hal.o
 .debug_line    0x0000000000003080      0xc52 ./Drivers/STM32F4xx_HAL_Driver/Src/stm32f4xx_hal_cortex.o
 .debug_line    0x0000000000003cd2      0xb03 ./Drivers/STM32F4xx_HAL_Driver/Src/stm32f4xx_hal_gpio.o
 .debug_line    0x00000000000047d5      0xd2b ./Drivers/STM32F4xx_HAL_Driver/Src/stm32f4xx_hal_rcc.o
 .debug_line    0x0000000000005500     0x13b6 ./Drivers/STM32F4xx_HAL_Driver/Src/stm32f4xx_hal_rcc_ex.o
 .debug_line    0x00000000000068b6     0x3697 ./Drivers/STM32F4xx_HAL_Driver/Src/stm32f4xx_hal_tim.o
 .debug_line    0x0000000000009f4d     0x19a0 ./Drivers/STM32F4xx_HAL_Driver/Src/stm32f4xx_hal_tim_ex.o
 .debug_line    0x000000000000b8ed     0x2a48 ./Drivers/STM32F4xx_HAL_Driver/Src/stm32f4xx_hal_uart.o
 .debug_line    0x000000000000e335      0x763 ./thirdParty/freeRTOS/list.o
 .debug_line    0x000000000000ea98     0x168c ./thirdParty/freeRTOS/queue.o
 .debug_line    0x0000000000010124     0x1dac ./thirdParty/freeRTOS/tasks.o
 .debug_line    0x0000000000011ed0      0xc6f ./thirdParty/freeRTOS/timers.o
 .debug_line    0x0000000000012b3f      0x849 ./thirdParty/freeRTOS/portable/GCC/ARM_CM4F/port.o
 .debug_line    0x0000000000013388      0x9ae ./thirdParty/freeRTOS/portable/MemMang/heap_4.o

.debug_str      0x0000000000000000    0xd8619
 .debug_str     0x0000000000000000    0xce84e ./Core/Src/main.o
                                      0xcebe4 (size before relaxing)
 .debug_str     0x00000000000ce84e       0x66 ./Core/Src/stm32f4xx_hal_msp.o
                                      0xc9690 (size before relaxing)
 .debug_str     0x00000000000ce8b4      0x63b ./Core/Src/stm32f4xx_hal_timebase_tim.o
                                      0xc9c5b (size before relaxing)
 .debug_str     0x00000000000ceeef       0xb9 ./Core/Src/stm32f4xx_it.o
                                      0xc9625 (size before relaxing)
 .debug_str     0x00000000000cefa8       0xdb ./Core/Src/system_stm32f4xx.o
                                      0xc9123 (size before relaxing)
 .debug_str     0x00000000000cf083       0x36 ./Core/Startup/startup_stm32f446retx.o
                                         0x8e (size before relaxing)
 .debug_str     0x00000000000cf0b9      0x5d3 ./Drivers/STM32F4xx_HAL_Driver/Src/stm32f4xx_hal.o
                                      0xc9ce8 (size before relaxing)
 .debug_str     0x00000000000cf68c      0x33a ./Drivers/STM32F4xx_HAL_Driver/Src/stm32f4xx_hal_cortex.o
                                      0xc99f6 (size before relaxing)
 .debug_str     0x00000000000cf9c6      0x10e ./Drivers/STM32F4xx_HAL_Driver/Src/stm32f4xx_hal_gpio.o
                                      0xc929e (size before relaxing)
 .debug_str     0x00000000000cfad4      0x1fd ./Drivers/STM32F4xx_HAL_Driver/Src/stm32f4xx_hal_rcc.o
                                      0xc955c (size before relaxing)
 .debug_str     0x00000000000cfcd1      0x324 ./Drivers/STM32F4xx_HAL_Driver/Src/stm32f4xx_hal_rcc_ex.o
                                      0xc958f (size before relaxing)
 .debug_str     0x00000000000cfff5      0xe69 ./Drivers/STM32F4xx_HAL_Driver/Src/stm32f4xx_hal_tim.o
                                      0xca478 (size before relaxing)
 .debug_str     0x00000000000d0e5e      0x503 ./Drivers/STM32F4xx_HAL_Driver/Src/stm32f4xx_hal_tim_ex.o
                                      0xc9c94 (size before relaxing)
 .debug_str     0x00000000000d1361      0x61c ./Drivers/STM32F4xx_HAL_Driver/Src/stm32f4xx_hal_uart.o
                                      0xc9ad1 (size before relaxing)
 .debug_str     0x00000000000d197d     0x3008 ./thirdParty/freeRTOS/list.o
                                       0xac78 (size before relaxing)
 .debug_str     0x00000000000d4985     0x1212 ./thirdParty/freeRTOS/queue.o
                                       0xd112 (size before relaxing)
 .debug_str     0x00000000000d5b97     0x1ac6 ./thirdParty/freeRTOS/tasks.o
                                       0xdd86 (size before relaxing)
 .debug_str     0x00000000000d765d      0x545 ./thirdParty/freeRTOS/timers.o
                                       0xd4d5 (size before relaxing)
 .debug_str     0x00000000000d7ba2      0x767 ./thirdParty/freeRTOS/portable/GCC/ARM_CM4F/port.o
                                       0x9764 (size before relaxing)
 .debug_str     0x00000000000d8309      0x310 ./thirdParty/freeRTOS/portable/MemMang/heap_4.o
                                       0xc141 (size before relaxing)

.comment        0x0000000000000000       0x50
 .comment       0x0000000000000000       0x50 ./Core/Src/main.o
                                         0x51 (size before relaxing)
 .comment       0x0000000000000050       0x51 ./Core/Src/stm32f4xx_hal_msp.o
 .comment       0x0000000000000050       0x51 ./Core/Src/stm32f4xx_hal_timebase_tim.o
 .comment       0x0000000000000050       0x51 ./Core/Src/stm32f4xx_it.o
 .comment       0x0000000000000050       0x51 ./Core/Src/system_stm32f4xx.o
 .comment       0x0000000000000050       0x51 ./Drivers/STM32F4xx_HAL_Driver/Src/stm32f4xx_hal.o
 .comment       0x0000000000000050       0x51 ./Drivers/STM32F4xx_HAL_Driver/Src/stm32f4xx_hal_cortex.o
 .comment       0x0000000000000050       0x51 ./Drivers/STM32F4xx_HAL_Driver/Src/stm32f4xx_hal_gpio.o
 .comment       0x0000000000000050       0x51 ./Drivers/STM32F4xx_HAL_Driver/Src/stm32f4xx_hal_rcc.o
 .comment       0x0000000000000050       0x51 ./Drivers/STM32F4xx_HAL_Driver/Src/stm32f4xx_hal_rcc_ex.o
 .comment       0x0000000000000050       0x51 ./Drivers/STM32F4xx_HAL_Driver/Src/stm32f4xx_hal_tim.o
 .comment       0x0000000000000050       0x51 ./Drivers/STM32F4xx_HAL_Driver/Src/stm32f4xx_hal_tim_ex.o
 .comment       0x0000000000000050       0x51 ./Drivers/STM32F4xx_HAL_Driver/Src/stm32f4xx_hal_uart.o
 .comment       0x0000000000000050       0x51 ./thirdParty/freeRTOS/list.o
 .comment       0x0000000000000050       0x51 ./thirdParty/freeRTOS/queue.o
 .comment       0x0000000000000050       0x51 ./thirdParty/freeRTOS/tasks.o
 .comment       0x0000000000000050       0x51 ./thirdParty/freeRTOS/timers.o
 .comment       0x0000000000000050       0x51 ./thirdParty/freeRTOS/portable/GCC/ARM_CM4F/port.o
 .comment       0x0000000000000050       0x51 ./thirdParty/freeRTOS/portable/MemMang/heap_4.o

.debug_frame    0x0000000000000000     0x4774
 .debug_frame   0x0000000000000000      0x10c ./Core/Src/main.o
 .debug_frame   0x000000000000010c       0x80 ./Core/Src/stm32f4xx_hal_msp.o
 .debug_frame   0x000000000000018c       0x74 ./Core/Src/stm32f4xx_hal_timebase_tim.o
 .debug_frame   0x0000000000000200       0xc4 ./Core/Src/stm32f4xx_it.o
 .debug_frame   0x00000000000002c4       0x58 ./Core/Src/system_stm32f4xx.o
 .debug_frame   0x000000000000031c      0x374 ./Drivers/STM32F4xx_HAL_Driver/Src/stm32f4xx_hal.o
 .debug_frame   0x0000000000000690      0x498 ./Drivers/STM32F4xx_HAL_Driver/Src/stm32f4xx_hal_cortex.o
 .debug_frame   0x0000000000000b28      0x14c ./Drivers/STM32F4xx_HAL_Driver/Src/stm32f4xx_hal_gpio.o
 .debug_frame   0x0000000000000c74      0x1f4 ./Drivers/STM32F4xx_HAL_Driver/Src/stm32f4xx_hal_rcc.o
 .debug_frame   0x0000000000000e68      0x1e8 ./Drivers/STM32F4xx_HAL_Driver/Src/stm32f4xx_hal_rcc_ex.o
 .debug_frame   0x0000000000001050     0x11c4 ./Drivers/STM32F4xx_HAL_Driver/Src/stm32f4xx_hal_tim.o
 .debug_frame   0x0000000000002214      0x638 ./Drivers/STM32F4xx_HAL_Driver/Src/stm32f4xx_hal_tim_ex.o
 .debug_frame   0x000000000000284c      0x92c ./Drivers/STM32F4xx_HAL_Driver/Src/stm32f4xx_hal_uart.o
 .debug_frame   0x0000000000003178       0xd8 ./thirdParty/freeRTOS/list.o
 .debug_frame   0x0000000000003250      0x534 ./thirdParty/freeRTOS/queue.o
 .debug_frame   0x0000000000003784      0x8a4 ./thirdParty/freeRTOS/tasks.o
 .debug_frame   0x0000000000004028      0x3a4 ./thirdParty/freeRTOS/timers.o
 .debug_frame   0x00000000000043cc      0x1a8 ./thirdParty/freeRTOS/portable/GCC/ARM_CM4F/port.o
 .debug_frame   0x0000000000004574      0x12c ./thirdParty/freeRTOS/portable/MemMang/heap_4.o
 .debug_frame   0x00000000000046a0       0x2c c:/st/stm32cubeide_1.10.1/stm32cubeide/plugins/com.st.stm32cube.ide.mcu.externaltools.gnu-tools-for-stm32.10.3-2021.10.win32_1.0.0.202111181127/tools/bin/../lib/gcc/arm-none-eabi/10.3.1/../../../../arm-none-eabi/lib/thumb/v7e-m+fp/hard\libc_nano.a(lib_a-init.o)
 .debug_frame   0x00000000000046cc       0x28 c:/st/stm32cubeide_1.10.1/stm32cubeide/plugins/com.st.stm32cube.ide.mcu.externaltools.gnu-tools-for-stm32.10.3-2021.10.win32_1.0.0.202111181127/tools/bin/../lib/gcc/arm-none-eabi/10.3.1/../../../../arm-none-eabi/lib/thumb/v7e-m+fp/hard\libc_nano.a(lib_a-memcpy-stub.o)
 .debug_frame   0x00000000000046f4       0x20 c:/st/stm32cubeide_1.10.1/stm32cubeide/plugins/com.st.stm32cube.ide.mcu.externaltools.gnu-tools-for-stm32.10.3-2021.10.win32_1.0.0.202111181127/tools/bin/../lib/gcc/arm-none-eabi/10.3.1/../../../../arm-none-eabi/lib/thumb/v7e-m+fp/hard\libc_nano.a(lib_a-memset.o)
 .debug_frame   0x0000000000004714       0x2c c:/st/stm32cubeide_1.10.1/stm32cubeide/plugins/com.st.stm32cube.ide.mcu.externaltools.gnu-tools-for-stm32.10.3-2021.10.win32_1.0.0.202111181127/tools/bin/../lib/gcc/arm-none-eabi/10.3.1/thumb/v7e-m+fp/hard\libgcc.a(_aeabi_uldivmod.o)
 .debug_frame   0x0000000000004740       0x34 c:/st/stm32cubeide_1.10.1/stm32cubeide/plugins/com.st.stm32cube.ide.mcu.externaltools.gnu-tools-for-stm32.10.3-2021.10.win32_1.0.0.202111181127/tools/bin/../lib/gcc/arm-none-eabi/10.3.1/thumb/v7e-m+fp/hard\libgcc.a(_udivmoddi4.o)
