Archive member included to satisfy reference by file (symbol)

c:/st/stm32cubeide_1.10.1/stm32cubeide/plugins/com.st.stm32cube.ide.mcu.externaltools.gnu-tools-for-stm32.10.3-2021.10.win32_1.0.0.202111181127/tools/bin/../lib/gcc/arm-none-eabi/10.3.1/../../../../arm-none-eabi/lib/thumb/v7e-m+fp/hard\libc_nano.a(lib_a-errno.o)
                              ./Core/Src/syscalls.o (__errno)
c:/st/stm32cubeide_1.10.1/stm32cubeide/plugins/com.st.stm32cube.ide.mcu.externaltools.gnu-tools-for-stm32.10.3-2021.10.win32_1.0.0.202111181127/tools/bin/../lib/gcc/arm-none-eabi/10.3.1/../../../../arm-none-eabi/lib/thumb/v7e-m+fp/hard\libc_nano.a(lib_a-exit.o)
                              c:/st/stm32cubeide_1.10.1/stm32cubeide/plugins/com.st.stm32cube.ide.mcu.externaltools.gnu-tools-for-stm32.10.3-2021.10.win32_1.0.0.202111181127/tools/bin/../lib/gcc/arm-none-eabi/10.3.1/../../../../arm-none-eabi/lib/thumb/v7e-m+fp/hard/crt0.o (exit)
c:/st/stm32cubeide_1.10.1/stm32cubeide/plugins/com.st.stm32cube.ide.mcu.externaltools.gnu-tools-for-stm32.10.3-2021.10.win32_1.0.0.202111181127/tools/bin/../lib/gcc/arm-none-eabi/10.3.1/../../../../arm-none-eabi/lib/thumb/v7e-m+fp/hard\libc_nano.a(lib_a-impure.o)
                              c:/st/stm32cubeide_1.10.1/stm32cubeide/plugins/com.st.stm32cube.ide.mcu.externaltools.gnu-tools-for-stm32.10.3-2021.10.win32_1.0.0.202111181127/tools/bin/../lib/gcc/arm-none-eabi/10.3.1/../../../../arm-none-eabi/lib/thumb/v7e-m+fp/hard\libc_nano.a(lib_a-exit.o) (_global_impure_ptr)
c:/st/stm32cubeide_1.10.1/stm32cubeide/plugins/com.st.stm32cube.ide.mcu.externaltools.gnu-tools-for-stm32.10.3-2021.10.win32_1.0.0.202111181127/tools/bin/../lib/gcc/arm-none-eabi/10.3.1/../../../../arm-none-eabi/lib/thumb/v7e-m+fp/hard\libc_nano.a(lib_a-init.o)
                              c:/st/stm32cubeide_1.10.1/stm32cubeide/plugins/com.st.stm32cube.ide.mcu.externaltools.gnu-tools-for-stm32.10.3-2021.10.win32_1.0.0.202111181127/tools/bin/../lib/gcc/arm-none-eabi/10.3.1/../../../../arm-none-eabi/lib/thumb/v7e-m+fp/hard/crt0.o (__libc_init_array)
c:/st/stm32cubeide_1.10.1/stm32cubeide/plugins/com.st.stm32cube.ide.mcu.externaltools.gnu-tools-for-stm32.10.3-2021.10.win32_1.0.0.202111181127/tools/bin/../lib/gcc/arm-none-eabi/10.3.1/../../../../arm-none-eabi/lib/thumb/v7e-m+fp/hard\libc_nano.a(lib_a-memcpy-stub.o)
                              ./thirdParty/freeRTOS/queue.o (memcpy)
c:/st/stm32cubeide_1.10.1/stm32cubeide/plugins/com.st.stm32cube.ide.mcu.externaltools.gnu-tools-for-stm32.10.3-2021.10.win32_1.0.0.202111181127/tools/bin/../lib/gcc/arm-none-eabi/10.3.1/../../../../arm-none-eabi/lib/thumb/v7e-m+fp/hard\libc_nano.a(lib_a-memset.o)
                              c:/st/stm32cubeide_1.10.1/stm32cubeide/plugins/com.st.stm32cube.ide.mcu.externaltools.gnu-tools-for-stm32.10.3-2021.10.win32_1.0.0.202111181127/tools/bin/../lib/gcc/arm-none-eabi/10.3.1/../../../../arm-none-eabi/lib/thumb/v7e-m+fp/hard/crt0.o (memset)
c:/st/stm32cubeide_1.10.1/stm32cubeide/plugins/com.st.stm32cube.ide.mcu.externaltools.gnu-tools-for-stm32.10.3-2021.10.win32_1.0.0.202111181127/tools/bin/../lib/gcc/arm-none-eabi/10.3.1/thumb/v7e-m+fp/hard\libgcc.a(_aeabi_uldivmod.o)
                              ./Drivers/STM32F4xx_HAL_Driver/Src/stm32f4xx_hal_rcc.o (__aeabi_uldivmod)
c:/st/stm32cubeide_1.10.1/stm32cubeide/plugins/com.st.stm32cube.ide.mcu.externaltools.gnu-tools-for-stm32.10.3-2021.10.win32_1.0.0.202111181127/tools/bin/../lib/gcc/arm-none-eabi/10.3.1/thumb/v7e-m+fp/hard\libgcc.a(_udivmoddi4.o)
                              c:/st/stm32cubeide_1.10.1/stm32cubeide/plugins/com.st.stm32cube.ide.mcu.externaltools.gnu-tools-for-stm32.10.3-2021.10.win32_1.0.0.202111181127/tools/bin/../lib/gcc/arm-none-eabi/10.3.1/thumb/v7e-m+fp/hard\libgcc.a(_aeabi_uldivmod.o) (__udivmoddi4)
c:/st/stm32cubeide_1.10.1/stm32cubeide/plugins/com.st.stm32cube.ide.mcu.externaltools.gnu-tools-for-stm32.10.3-2021.10.win32_1.0.0.202111181127/tools/bin/../lib/gcc/arm-none-eabi/10.3.1/thumb/v7e-m+fp/hard\libgcc.a(_dvmd_tls.o)
                              c:/st/stm32cubeide_1.10.1/stm32cubeide/plugins/com.st.stm32cube.ide.mcu.externaltools.gnu-tools-for-stm32.10.3-2021.10.win32_1.0.0.202111181127/tools/bin/../lib/gcc/arm-none-eabi/10.3.1/thumb/v7e-m+fp/hard\libgcc.a(_aeabi_uldivmod.o) (__aeabi_ldiv0)

Discarded input sections

 .text          0x0000000000000000        0x0 c:/st/stm32cubeide_1.10.1/stm32cubeide/plugins/com.st.stm32cube.ide.mcu.externaltools.gnu-tools-for-stm32.10.3-2021.10.win32_1.0.0.202111181127/tools/bin/../lib/gcc/arm-none-eabi/10.3.1/thumb/v7e-m+fp/hard/crti.o
 .data          0x0000000000000000        0x0 c:/st/stm32cubeide_1.10.1/stm32cubeide/plugins/com.st.stm32cube.ide.mcu.externaltools.gnu-tools-for-stm32.10.3-2021.10.win32_1.0.0.202111181127/tools/bin/../lib/gcc/arm-none-eabi/10.3.1/thumb/v7e-m+fp/hard/crti.o
[...]
Memory Configuration

Name             Origin             Length             Attributes
RAM              0x0000000020000000 0x0000000000020000 xrw
FLASH            0x0000000008000000 0x0000000000080000 xr
*default*        0x0000000000000000 0xffffffffffffffff

Linker script and memory map

LOAD c:/st/stm32cubeide_1.10.1/stm32cubeide/plugins/com.st.stm32cube.ide.mcu.externaltools.gnu-tools-for-stm32.10.3-2021.10.win32_1.0.0.202111181127/tools/bin/../lib/gcc/arm-none-eabi/10.3.1/thumb/v7e-m+fp/hard/crti.o
LOAD c:/st/stm32cubeide_1.10.1/stm32cubeide/plugins/com.st.stm32cube.ide.mcu.externaltools.gnu-tools-for-stm32.10.3-2021.10.win32_1.0.0.202111181127/tools/bin/../lib/gcc/arm-none-eabi/10.3.1/thumb/v7e-m+fp/hard/crtbegin.o
LOAD c:/st/stm32cubeide_1.10.1/stm32cubeide/plugins/com.st.stm32cube.ide.mcu.externaltools.gnu-tools-for-stm32.10.3-2021.10.win32_1.0.0.202111181127/tools/bin/../lib/gcc/arm-none-eabi/10.3.1/../../../../arm-none-eabi/lib/thumb/v7e-m+fp/hard/crt0.o
LOAD ./Core/Src/main.o
LOAD ./Core/Src/stm32f4xx_hal_msp.o
LOAD ./Core/Src/stm32f4xx_hal_spi.o
LOAD ./Core/Src/stm32f4xx_hal_timebase_tim.o
LOAD ./Core/Src/stm32f4xx_it.o
LOAD ./Core/Src/syscalls.o
LOAD ./Core/Src/system_stm32f4xx.o
LOAD ./Core/Startup/startup_stm32f446retx.o
LOAD ./Drivers/STM32F4xx_HAL_Driver/Src/stm32f4xx_hal.o
LOAD ./Drivers/STM32F4xx_HAL_Driver/Src/stm32f4xx_hal_cortex.o
LOAD ./Drivers/STM32F4xx_HAL_Driver/Src/stm32f4xx_hal_dma.o
LOAD ./Drivers/STM32F4xx_HAL_Driver/Src/stm32f4xx_hal_dma_ex.o
LOAD ./Drivers/STM32F4xx_HAL_Driver/Src/stm32f4xx_hal_exti.o
LOAD ./Drivers/STM32F4xx_HAL_Driver/Src/stm32f4xx_hal_flash.o
LOAD ./Drivers/STM32F4xx_HAL_Driver/Src/stm32f4xx_hal_flash_ex.o
LOAD ./Drivers/STM32F4xx_HAL_Driver/Src/stm32f4xx_hal_flash_ramfunc.o
LOAD ./Drivers/STM32F4xx_HAL_Driver/Src/stm32f4xx_hal_gpio.o
LOAD ./Drivers/STM32F4xx_HAL_Driver/Src/stm32f4xx_hal_pwr.o
LOAD ./Drivers/STM32F4xx_HAL_Driver/Src/stm32f4xx_hal_pwr_ex.o
LOAD ./Drivers/STM32F4xx_HAL_Driver/Src/stm32f4xx_hal_rcc.o
LOAD ./Drivers/STM32F4xx_HAL_Driver/Src/stm32f4xx_hal_rcc_ex.o
LOAD ./Drivers/STM32F4xx_HAL_Driver/Src/stm32f4xx_hal_tim.o
LOAD ./Drivers/STM32F4xx_HAL_Driver/Src/stm32f4xx_hal_tim_ex.o
LOAD ./Drivers/STM32F4xx_HAL_Driver/Src/stm32f4xx_hal_uart.o
LOAD ./thirdParty/freeRTOS/croutine.o
LOAD ./thirdParty/freeRTOS/event_groups.o
LOAD ./thirdParty/freeRTOS/list.o
LOAD ./thirdParty/freeRTOS/queue.o
LOAD ./thirdParty/freeRTOS/stream_buffer.o
LOAD ./thirdParty/freeRTOS/tasks.o
LOAD ./thirdParty/freeRTOS/timers.o
LOAD ./thirdParty/freeRTOS/portable/GCC/ARM_CM4F/port.o
LOAD ./thirdParty/freeRTOS/portable/MemMang/heap_4.o
LOAD ./thirdParty/lib_ili9341/fonts.o
LOAD ./thirdParty/lib_ili9341/ili9341.o
LOAD ./thirdParty/lib_ili9341/ili9341_touch.o
START GROUP
LOAD c:/st/stm32cubeide_1.10.1/stm32cubeide/plugins/com.st.stm32cube.ide.mcu.externaltools.gnu-tools-for-stm32.10.3-2021.10.win32_1.0.0.202111181127/tools/bin/../lib/gcc/arm-none-eabi/10.3.1/../../../../arm-none-eabi/lib/thumb/v7e-m+fp/hard\libc_nano.a
LOAD c:/st/stm32cubeide_1.10.1/stm32cubeide/plugins/com.st.stm32cube.ide.mcu.externaltools.gnu-tools-for-stm32.10.3-2021.10.win32_1.0.0.202111181127/tools/bin/../lib/gcc/arm-none-eabi/10.3.1/../../../../arm-none-eabi/lib/thumb/v7e-m+fp/hard\libm.a
END GROUP
START GROUP
LOAD c:/st/stm32cubeide_1.10.1/stm32cubeide/plugins/com.st.stm32cube.ide.mcu.externaltools.gnu-tools-for-stm32.10.3-2021.10.win32_1.0.0.202111181127/tools/bin/../lib/gcc/arm-none-eabi/10.3.1/thumb/v7e-m+fp/hard\libgcc.a
LOAD c:/st/stm32cubeide_1.10.1/stm32cubeide/plugins/com.st.stm32cube.ide.mcu.externaltools.gnu-tools-for-stm32.10.3-2021.10.win32_1.0.0.202111181127/tools/bin/../lib/gcc/arm-none-eabi/10.3.1/../../../../arm-none-eabi/lib/thumb/v7e-m+fp/hard\libc_nano.a
END GROUP
START GROUP
LOAD c:/st/stm32cubeide_1.10.1/stm32cubeide/plugins/com.st.stm32cube.ide.mcu.externaltools.gnu-tools-for-stm32.10.3-2021.10.win32_1.0.0.202111181127/tools/bin/../lib/gcc/arm-none-eabi/10.3.1/thumb/v7e-m+fp/hard\libgcc.a
LOAD c:/st/stm32cubeide_1.10.1/stm32cubeide/plugins/com.st.stm32cube.ide.mcu.externaltools.gnu-tools-for-stm32.10.3-2021.10.win32_1.0.0.202111181127/tools/bin/../lib/gcc/arm-none-eabi/10.3.1/../../../../arm-none-eabi/lib/thumb/v7e-m+fp/hard\libc_nano.a
LOAD c:/st/stm32cubeide_1.10.1/stm32cubeide/plugins/com.st.stm32cube.ide.mcu.externaltools.gnu-tools-for-stm32.10.3-2021.10.win32_1.0.0.202111181127/tools/bin/../lib/gcc/arm-none-eabi/10.3.1/../../../../arm-none-eabi/lib/thumb/v7e-m+fp/hard\libnosys.a
END GROUP
START GROUP
LOAD c:/st/stm32cubeide_1.10.1/stm32cubeide/plugins/com.st.stm32cube.ide.mcu.externaltools.gnu-tools-for-stm32.10.3-2021.10.win32_1.0.0.202111181127/tools/bin/../lib/gcc/arm-none-eabi/10.3.1/thumb/v7e-m+fp/hard\libgcc.a
LOAD c:/st/stm32cubeide_1.10.1/stm32cubeide/plugins/com.st.stm32cube.ide.mcu.externaltools.gnu-tools-for-stm32.10.3-2021.10.win32_1.0.0.202111181127/tools/bin/../lib/gcc/arm-none-eabi/10.3.1/../../../../arm-none-eabi/lib/thumb/v7e-m+fp/hard\libc_nano.a
LOAD c:/st/stm32cubeide_1.10.1/stm32cubeide/plugins/com.st.stm32cube.ide.mcu.externaltools.gnu-tools-for-stm32.10.3-2021.10.win32_1.0.0.202111181127/tools/bin/../lib/gcc/arm-none-eabi/10.3.1/../../../../arm-none-eabi/lib/thumb/v7e-m+fp/hard\libnosys.a
END GROUP
LOAD c:/st/stm32cubeide_1.10.1/stm32cubeide/plugins/com.st.stm32cube.ide.mcu.externaltools.gnu-tools-for-stm32.10.3-2021.10.win32_1.0.0.202111181127/tools/bin/../lib/gcc/arm-none-eabi/10.3.1/thumb/v7e-m+fp/hard/crtend.o
LOAD c:/st/stm32cubeide_1.10.1/stm32cubeide/plugins/com.st.stm32cube.ide.mcu.externaltools.gnu-tools-for-stm32.10.3-2021.10.win32_1.0.0.202111181127/tools/bin/../lib/gcc/arm-none-eabi/10.3.1/thumb/v7e-m+fp/hard/crtn.o
                0x0000000020020000                _estack = (ORIGIN (RAM) + LENGTH (RAM))
                0x0000000000000200                _Min_Heap_Size = 0x200
                0x0000000000000400                _Min_Stack_Size = 0x400

.isr_vector     0x0000000008000000      0x1c4
                0x0000000008000000                . = ALIGN (0x4)
 *(.isr_vector)
 .isr_vector    0x0000000008000000      0x1c4 ./Core/Startup/startup_stm32f446retx.o
                0x0000000008000000                g_pfnVectors
                0x00000000080001c4                . = ALIGN (0x4)

.text           0x00000000080001d0     0x4964
                0x00000000080001d0                . = ALIGN (0x4)
 *(.text)
 .text          0x00000000080001d0       0x40 c:/st/stm32cubeide_1.10.1/stm32cubeide/plugins/com.st.stm32cube.ide.mcu.externaltools.gnu-tools-for-stm32.10.3-2021.10.win32_1.0.0.202111181127/tools/bin/../lib/gcc/arm-none-eabi/10.3.1/thumb/v7e-m+fp/hard/crtbegin.o
 .text          0x0000000008000210       0x30 c:/st/stm32cubeide_1.10.1/stm32cubeide/plugins/com.st.stm32cube.ide.mcu.externaltools.gnu-tools-for-stm32.10.3-2021.10.win32_1.0.0.202111181127/tools/bin/../lib/gcc/arm-none-eabi/10.3.1/thumb/v7e-m+fp/hard\libgcc.a(_aeabi_uldivmod.o)
                0x0000000008000210                __aeabi_uldivmod
 .text          0x0000000008000240      0x2d0 c:/st/stm32cubeide_1.10.1/stm32cubeide/plugins/com.st.stm32cube.ide.mcu.externaltools.gnu-tools-for-stm32.10.3-2021.10.win32_1.0.0.202111181127/tools/bin/../lib/gcc/arm-none-eabi/10.3.1/thumb/v7e-m+fp/hard\libgcc.a(_udivmoddi4.o)
                0x0000000008000240                __udivmoddi4
 .text          0x0000000008000510        0x4 c:/st/stm32cubeide_1.10.1/stm32cubeide/plugins/com.st.stm32cube.ide.mcu.externaltools.gnu-tools-for-stm32.10.3-2021.10.win32_1.0.0.202111181127/tools/bin/../lib/gcc/arm-none-eabi/10.3.1/thumb/v7e-m+fp/hard\libgcc.a(_dvmd_tls.o)
                0x0000000008000510                __aeabi_idiv0
                0x0000000008000510                __aeabi_ldiv0
 *(.text*)
 .text.vTaskHeartBeat
                0x0000000008000514       0x20 ./Core/Src/main.o
                0x0000000008000514                vTaskHeartBeat
 .text.main     0x0000000008000534       0x40 ./Core/Src/main.o
                0x0000000008000534                main
 .text.SystemClock_Config
                0x0000000008000574       0xdc ./Core/Src/main.o
                0x0000000008000574                SystemClock_Config
 .text.MX_USART2_UART_Init
                0x0000000008000650       0x54 ./Core/Src/main.o
 .text.MX_GPIO_Init
                0x00000000080006a4       0xdc ./Core/Src/main.o
 .text.HAL_TIM_PeriodElapsedCallback
                0x0000000008000780       0x24 ./Core/Src/main.o
                0x0000000008000780                HAL_TIM_PeriodElapsedCallback
 .text.Error_Handler
                0x00000000080007a4        0xa ./Core/Src/main.o
                0x00000000080007a4                Error_Handler
 *fill*         0x00000000080007ae        0x2 
 .text.HAL_MspInit
                0x00000000080007b0       0x50 ./Core/Src/stm32f4xx_hal_msp.o
                0x00000000080007b0                HAL_MspInit
 .text.HAL_UART_MspInit
                0x0000000008000800       0x90 ./Core/Src/stm32f4xx_hal_msp.o
                0x0000000008000800                HAL_UART_MspInit
 .text.HAL_InitTick
                0x0000000008000890       0xf8 ./Core/Src/stm32f4xx_hal_timebase_tim.o
                0x0000000008000890                HAL_InitTick
 .text.NMI_Handler
                0x0000000008000988        0x6 ./Core/Src/stm32f4xx_it.o
                0x0000000008000988                NMI_Handler
 .text.HardFault_Handler
                0x000000000800098e        0x6 ./Core/Src/stm32f4xx_it.o
                0x000000000800098e                HardFault_Handler
 .text.MemManage_Handler
                0x0000000008000994        0x6 ./Core/Src/stm32f4xx_it.o
                0x0000000008000994                MemManage_Handler
 .text.BusFault_Handler
                0x000000000800099a        0x6 ./Core/Src/stm32f4xx_it.o
                0x000000000800099a                BusFault_Handler
 .text.UsageFault_Handler
                0x00000000080009a0        0x6 ./Core/Src/stm32f4xx_it.o
                0x00000000080009a0                UsageFault_Handler
 .text.DebugMon_Handler
                0x00000000080009a6        0xe ./Core/Src/stm32f4xx_it.o
                0x00000000080009a6                DebugMon_Handler
 .text.TIM6_DAC_IRQHandler
                0x00000000080009b4       0x14 ./Core/Src/stm32f4xx_it.o
                0x00000000080009b4                TIM6_DAC_IRQHandler
 .text.SystemInit
                0x00000000080009c8       0x24 ./Core/Src/system_stm32f4xx.o
                0x00000000080009c8                SystemInit
 .text.Reset_Handler
                0x00000000080009ec       0x50 ./Core/Startup/startup_stm32f446retx.o
                0x00000000080009ec                Reset_Handler
 .text.Default_Handler
                0x0000000008000a3c        0x2 ./Core/Startup/startup_stm32f446retx.o
                0x0000000008000a3c                RTC_Alarm_IRQHandler
                0x0000000008000a3c                EXTI2_IRQHandler
                0x0000000008000a3c                TIM8_CC_IRQHandler
                0x0000000008000a3c                FMPI2C1_EV_IRQHandler
                0x0000000008000a3c                SPI4_IRQHandler
                0x0000000008000a3c                TIM1_CC_IRQHandler
                0x0000000008000a3c                DMA2_Stream5_IRQHandler
                0x0000000008000a3c                DMA1_Stream5_IRQHandler
                0x0000000008000a3c                PVD_IRQHandler
                0x0000000008000a3c                SDIO_IRQHandler
                0x0000000008000a3c                TAMP_STAMP_IRQHandler
                0x0000000008000a3c                CAN2_RX1_IRQHandler
                0x0000000008000a3c                EXTI3_IRQHandler
                0x0000000008000a3c                TIM8_TRG_COM_TIM14_IRQHandler
                0x0000000008000a3c                TIM1_UP_TIM10_IRQHandler
                0x0000000008000a3c                TIM8_UP_TIM13_IRQHandler
                0x0000000008000a3c                I2C3_ER_IRQHandler
                0x0000000008000a3c                EXTI0_IRQHandler
                0x0000000008000a3c                I2C2_EV_IRQHandler
                0x0000000008000a3c                DMA1_Stream2_IRQHandler
                0x0000000008000a3c                CAN1_RX0_IRQHandler
                0x0000000008000a3c                FPU_IRQHandler
                0x0000000008000a3c                OTG_HS_WKUP_IRQHandler
                0x0000000008000a3c                CAN2_SCE_IRQHandler
                0x0000000008000a3c                DMA2_Stream2_IRQHandler
                0x0000000008000a3c                SPI1_IRQHandler
                0x0000000008000a3c                TIM1_BRK_TIM9_IRQHandler
                0x0000000008000a3c                DCMI_IRQHandler
                0x0000000008000a3c                CAN2_RX0_IRQHandler
                0x0000000008000a3c                DMA2_Stream3_IRQHandler
                0x0000000008000a3c                SAI2_IRQHandler
                0x0000000008000a3c                USART6_IRQHandler
                0x0000000008000a3c                USART3_IRQHandler
                0x0000000008000a3c                CAN1_RX1_IRQHandler
                0x0000000008000a3c                UART5_IRQHandler
                0x0000000008000a3c                DMA2_Stream0_IRQHandler
                0x0000000008000a3c                TIM4_IRQHandler
                0x0000000008000a3c                QUADSPI_IRQHandler
                0x0000000008000a3c                I2C1_EV_IRQHandler
                0x0000000008000a3c                DMA1_Stream6_IRQHandler
                0x0000000008000a3c                DMA1_Stream1_IRQHandler
                0x0000000008000a3c                UART4_IRQHandler
                0x0000000008000a3c                TIM3_IRQHandler
                0x0000000008000a3c                RCC_IRQHandler
                0x0000000008000a3c                TIM8_BRK_TIM12_IRQHandler
                0x0000000008000a3c                Default_Handler
                0x0000000008000a3c                CEC_IRQHandler
                0x0000000008000a3c                EXTI15_10_IRQHandler
                0x0000000008000a3c                ADC_IRQHandler
                0x0000000008000a3c                DMA1_Stream7_IRQHandler
                0x0000000008000a3c                TIM7_IRQHandler
                0x0000000008000a3c                CAN2_TX_IRQHandler
                0x0000000008000a3c                TIM5_IRQHandler
                0x0000000008000a3c                DMA2_Stream7_IRQHandler
                0x0000000008000a3c                I2C3_EV_IRQHandler
                0x0000000008000a3c                EXTI9_5_IRQHandler
                0x0000000008000a3c                RTC_WKUP_IRQHandler
                0x0000000008000a3c                SPDIF_RX_IRQHandler
                0x0000000008000a3c                SPI2_IRQHandler
                0x0000000008000a3c                OTG_HS_EP1_IN_IRQHandler
                0x0000000008000a3c                DMA1_Stream0_IRQHandler
                0x0000000008000a3c                CAN1_TX_IRQHandler
                0x0000000008000a3c                FMPI2C1_ER_IRQHandler
                0x0000000008000a3c                EXTI4_IRQHandler
                0x0000000008000a3c                OTG_HS_EP1_OUT_IRQHandler
                0x0000000008000a3c                WWDG_IRQHandler
                0x0000000008000a3c                TIM2_IRQHandler
                0x0000000008000a3c                OTG_FS_WKUP_IRQHandler
                0x0000000008000a3c                TIM1_TRG_COM_TIM11_IRQHandler
                0x0000000008000a3c                OTG_HS_IRQHandler
                0x0000000008000a3c                EXTI1_IRQHandler
                0x0000000008000a3c                USART2_IRQHandler
                0x0000000008000a3c                I2C2_ER_IRQHandler
                0x0000000008000a3c                DMA2_Stream1_IRQHandler
                0x0000000008000a3c                CAN1_SCE_IRQHandler
                0x0000000008000a3c                FLASH_IRQHandler
                0x0000000008000a3c                DMA2_Stream4_IRQHandler
                0x0000000008000a3c                USART1_IRQHandler
                0x0000000008000a3c                OTG_FS_IRQHandler
                0x0000000008000a3c                SPI3_IRQHandler
                0x0000000008000a3c                DMA1_Stream4_IRQHandler
                0x0000000008000a3c                I2C1_ER_IRQHandler
                0x0000000008000a3c                FMC_IRQHandler
                0x0000000008000a3c                DMA2_Stream6_IRQHandler
                0x0000000008000a3c                SAI1_IRQHandler
                0x0000000008000a3c                DMA1_Stream3_IRQHandler
 *fill*         0x0000000008000a3e        0x2 
 .text.HAL_Init
                0x0000000008000a40       0x44 ./Drivers/STM32F4xx_HAL_Driver/Src/stm32f4xx_hal.o
                0x0000000008000a40                HAL_Init
 .text.HAL_IncTick
                0x0000000008000a84       0x28 ./Drivers/STM32F4xx_HAL_Driver/Src/stm32f4xx_hal.o
                0x0000000008000a84                HAL_IncTick
 .text.HAL_GetTick
                0x0000000008000aac       0x18 ./Drivers/STM32F4xx_HAL_Driver/Src/stm32f4xx_hal.o
                0x0000000008000aac                HAL_GetTick
 .text.__NVIC_SetPriorityGrouping
                0x0000000008000ac4       0x48 ./Drivers/STM32F4xx_HAL_Driver/Src/stm32f4xx_hal_cortex.o
 .text.__NVIC_GetPriorityGrouping
                0x0000000008000b0c       0x1c ./Drivers/STM32F4xx_HAL_Driver/Src/stm32f4xx_hal_cortex.o
 .text.__NVIC_EnableIRQ
                0x0000000008000b28       0x3c ./Drivers/STM32F4xx_HAL_Driver/Src/stm32f4xx_hal_cortex.o
 .text.__NVIC_SetPriority
                0x0000000008000b64       0x54 ./Drivers/STM32F4xx_HAL_Driver/Src/stm32f4xx_hal_cortex.o
 .text.NVIC_EncodePriority
                0x0000000008000bb8       0x66 ./Drivers/STM32F4xx_HAL_Driver/Src/stm32f4xx_hal_cortex.o
 .text.HAL_NVIC_SetPriorityGrouping
                0x0000000008000c1e       0x16 ./Drivers/STM32F4xx_HAL_Driver/Src/stm32f4xx_hal_cortex.o
                0x0000000008000c1e                HAL_NVIC_SetPriorityGrouping
 .text.HAL_NVIC_SetPriority
                0x0000000008000c34       0x38 ./Drivers/STM32F4xx_HAL_Driver/Src/stm32f4xx_hal_cortex.o
                0x0000000008000c34                HAL_NVIC_SetPriority
 .text.HAL_NVIC_EnableIRQ
                0x0000000008000c6c       0x1c ./Drivers/STM32F4xx_HAL_Driver/Src/stm32f4xx_hal_cortex.o
                0x0000000008000c6c                HAL_NVIC_EnableIRQ
 .text.HAL_GPIO_Init
                0x0000000008000c88      0x328 ./Drivers/STM32F4xx_HAL_Driver/Src/stm32f4xx_hal_gpio.o
                0x0000000008000c88                HAL_GPIO_Init
 .text.HAL_GPIO_WritePin
                0x0000000008000fb0       0x32 ./Drivers/STM32F4xx_HAL_Driver/Src/stm32f4xx_hal_gpio.o
                0x0000000008000fb0                HAL_GPIO_WritePin
 .text.HAL_GPIO_TogglePin
                0x0000000008000fe2       0x34 ./Drivers/STM32F4xx_HAL_Driver/Src/stm32f4xx_hal_gpio.o
                0x0000000008000fe2                HAL_GPIO_TogglePin
 *fill*         0x0000000008001016        0x2 
 .text.HAL_RCC_ClockConfig
                0x0000000008001018      0x1cc ./Drivers/STM32F4xx_HAL_Driver/Src/stm32f4xx_hal_rcc.o
                0x0000000008001018                HAL_RCC_ClockConfig
 .text.HAL_RCC_GetHCLKFreq
                0x00000000080011e4       0x18 ./Drivers/STM32F4xx_HAL_Driver/Src/stm32f4xx_hal_rcc.o
                0x00000000080011e4                HAL_RCC_GetHCLKFreq
 .text.HAL_RCC_GetPCLK1Freq
                0x00000000080011fc       0x28 ./Drivers/STM32F4xx_HAL_Driver/Src/stm32f4xx_hal_rcc.o
                0x00000000080011fc                HAL_RCC_GetPCLK1Freq
 .text.HAL_RCC_GetPCLK2Freq
                0x0000000008001224       0x28 ./Drivers/STM32F4xx_HAL_Driver/Src/stm32f4xx_hal_rcc.o
                0x0000000008001224                HAL_RCC_GetPCLK2Freq
 .text.HAL_RCC_GetClockConfig
                0x000000000800124c       0x64 ./Drivers/STM32F4xx_HAL_Driver/Src/stm32f4xx_hal_rcc.o
                0x000000000800124c                HAL_RCC_GetClockConfig
 .text.HAL_RCC_GetSysClockFreq
                0x00000000080012b0      0x460 ./Drivers/STM32F4xx_HAL_Driver/Src/stm32f4xx_hal_rcc_ex.o
                0x00000000080012b0                HAL_RCC_GetSysClockFreq
 .text.HAL_RCC_OscConfig
                0x0000000008001710      0x53c ./Drivers/STM32F4xx_HAL_Driver/Src/stm32f4xx_hal_rcc_ex.o
                0x0000000008001710                HAL_RCC_OscConfig
 .text.HAL_TIM_Base_Init
                0x0000000008001c4c       0x9e ./Drivers/STM32F4xx_HAL_Driver/Src/stm32f4xx_hal_tim.o
                0x0000000008001c4c                HAL_TIM_Base_Init
 .text.HAL_TIM_Base_MspInit
                0x0000000008001cea       0x14 ./Drivers/STM32F4xx_HAL_Driver/Src/stm32f4xx_hal_tim.o
                0x0000000008001cea                HAL_TIM_Base_MspInit
 *fill*         0x0000000008001cfe        0x2 
 .text.HAL_TIM_Base_Start_IT
                0x0000000008001d00       0xe0 ./Drivers/STM32F4xx_HAL_Driver/Src/stm32f4xx_hal_tim.o
                0x0000000008001d00                HAL_TIM_Base_Start_IT
 .text.HAL_TIM_IRQHandler
                0x0000000008001de0      0x210 ./Drivers/STM32F4xx_HAL_Driver/Src/stm32f4xx_hal_tim.o
                0x0000000008001de0                HAL_TIM_IRQHandler
 .text.HAL_TIM_OC_DelayElapsedCallback
                0x0000000008001ff0       0x14 ./Drivers/STM32F4xx_HAL_Driver/Src/stm32f4xx_hal_tim.o
                0x0000000008001ff0                HAL_TIM_OC_DelayElapsedCallback
 .text.HAL_TIM_IC_CaptureCallback
                0x0000000008002004       0x14 ./Drivers/STM32F4xx_HAL_Driver/Src/stm32f4xx_hal_tim.o
                0x0000000008002004                HAL_TIM_IC_CaptureCallback
 .text.HAL_TIM_PWM_PulseFinishedCallback
                0x0000000008002018       0x14 ./Drivers/STM32F4xx_HAL_Driver/Src/stm32f4xx_hal_tim.o
                0x0000000008002018                HAL_TIM_PWM_PulseFinishedCallback
 .text.HAL_TIM_TriggerCallback
                0x000000000800202c       0x14 ./Drivers/STM32F4xx_HAL_Driver/Src/stm32f4xx_hal_tim.o
                0x000000000800202c                HAL_TIM_TriggerCallback
 .text.TIM_Base_SetConfig
                0x0000000008002040      0x140 ./Drivers/STM32F4xx_HAL_Driver/Src/stm32f4xx_hal_tim.o
                0x0000000008002040                TIM_Base_SetConfig
 .text.HAL_TIMEx_CommutCallback
                0x0000000008002180       0x14 ./Drivers/STM32F4xx_HAL_Driver/Src/stm32f4xx_hal_tim_ex.o
                0x0000000008002180                HAL_TIMEx_CommutCallback
 .text.HAL_TIMEx_BreakCallback
                0x0000000008002194       0x14 ./Drivers/STM32F4xx_HAL_Driver/Src/stm32f4xx_hal_tim_ex.o
                0x0000000008002194                HAL_TIMEx_BreakCallback
 .text.HAL_UART_Init
                0x00000000080021a8       0x9a ./Drivers/STM32F4xx_HAL_Driver/Src/stm32f4xx_hal_uart.o
                0x00000000080021a8                HAL_UART_Init
 *fill*         0x0000000008002242        0x2 
 .text.UART_SetConfig
                0x0000000008002244      0x4e8 ./Drivers/STM32F4xx_HAL_Driver/Src/stm32f4xx_hal_uart.o
 .text.vListInitialise
                0x000000000800272c       0x40 ./thirdParty/freeRTOS/list.o
                0x000000000800272c                vListInitialise
 .text.vListInitialiseItem
                0x000000000800276c       0x1a ./thirdParty/freeRTOS/list.o
                0x000000000800276c                vListInitialiseItem
 .text.vListInsert
                0x0000000008002786       0x72 ./thirdParty/freeRTOS/list.o
                0x0000000008002786                vListInsert
 .text.uxListRemove
                0x00000000080027f8       0x54 ./thirdParty/freeRTOS/list.o
                0x00000000080027f8                uxListRemove
 .text.xQueueGenericReset
                0x000000000800284c      0x120 ./thirdParty/freeRTOS/queue.o
                0x000000000800284c                xQueueGenericReset
 .text.xQueueGenericCreate
                0x000000000800296c       0x9c ./thirdParty/freeRTOS/queue.o
                0x000000000800296c                xQueueGenericCreate
 .text.prvInitialiseNewQueue
                0x0000000008002a08       0x46 ./thirdParty/freeRTOS/queue.o
 *fill*         0x0000000008002a4e        0x2 
 .text.xQueueReceive
                0x0000000008002a50      0x1c0 ./thirdParty/freeRTOS/queue.o
                0x0000000008002a50                xQueueReceive
 .text.prvCopyDataFromQueue
                0x0000000008002c10       0x4c ./thirdParty/freeRTOS/queue.o
 .text.prvUnlockQueue
                0x0000000008002c5c       0xa4 ./thirdParty/freeRTOS/queue.o
 .text.prvIsQueueEmpty
                0x0000000008002d00       0x2c ./thirdParty/freeRTOS/queue.o
 .text.vQueueAddToRegistry
                0x0000000008002d2c       0x9c ./thirdParty/freeRTOS/queue.o
                0x0000000008002d2c                vQueueAddToRegistry
 .text.vQueueWaitForMessageRestricted
                0x0000000008002dc8       0x68 ./thirdParty/freeRTOS/queue.o
                0x0000000008002dc8                vQueueWaitForMessageRestricted
 .text.xTaskCreate
                0x0000000008002e30       0x82 ./thirdParty/freeRTOS/tasks.o
                0x0000000008002e30                xTaskCreate
 .text.prvInitialiseNewTask
                0x0000000008002eb2      0x148 ./thirdParty/freeRTOS/tasks.o
 *fill*         0x0000000008002ffa        0x2 
 .text.prvAddNewTaskToReadyList
                0x0000000008002ffc      0x12c ./thirdParty/freeRTOS/tasks.o
 .text.vTaskDelay
                0x0000000008003128       0x68 ./thirdParty/freeRTOS/tasks.o
                0x0000000008003128                vTaskDelay
 .text.vTaskStartScheduler
                0x0000000008003190       0xa4 ./thirdParty/freeRTOS/tasks.o
                0x0000000008003190                vTaskStartScheduler
 .text.vTaskSuspendAll
                0x0000000008003234       0x1c ./thirdParty/freeRTOS/tasks.o
                0x0000000008003234                vTaskSuspendAll
 .text.xTaskResumeAll
                0x0000000008003250      0x1f8 ./thirdParty/freeRTOS/tasks.o
                0x0000000008003250                xTaskResumeAll
 .text.xTaskGetTickCount
                0x0000000008003448       0x20 ./thirdParty/freeRTOS/tasks.o
                0x0000000008003448                xTaskGetTickCount
 .text.xTaskIncrementTick
                0x0000000008003468      0x22c ./thirdParty/freeRTOS/tasks.o
                0x0000000008003468                xTaskIncrementTick
 .text.vTaskSwitchContext
                0x0000000008003694       0xb8 ./thirdParty/freeRTOS/tasks.o
                0x0000000008003694                vTaskSwitchContext
 .text.vTaskPlaceOnEventList
                0x000000000800374c       0x48 ./thirdParty/freeRTOS/tasks.o
                0x000000000800374c                vTaskPlaceOnEventList
 .text.vTaskPlaceOnEventListRestricted
                0x0000000008003794       0x8c ./thirdParty/freeRTOS/tasks.o
                0x0000000008003794                vTaskPlaceOnEventListRestricted
 .text.xTaskRemoveFromEventList
                0x0000000008003820      0x1ac ./thirdParty/freeRTOS/tasks.o
                0x0000000008003820                xTaskRemoveFromEventList
 .text.vTaskInternalSetTimeOutState
                0x00000000080039cc       0x2c ./thirdParty/freeRTOS/tasks.o
                0x00000000080039cc                vTaskInternalSetTimeOutState
 .text.xTaskCheckForTimeOut
                0x00000000080039f8       0xcc ./thirdParty/freeRTOS/tasks.o
                0x00000000080039f8                xTaskCheckForTimeOut
 .text.vTaskMissedYield
                0x0000000008003ac4       0x18 ./thirdParty/freeRTOS/tasks.o
                0x0000000008003ac4                vTaskMissedYield
 .text.prvIdleTask
                0x0000000008003adc       0x30 ./thirdParty/freeRTOS/tasks.o
 .text.prvInitialiseTaskLists
                0x0000000008003b0c       0x80 ./thirdParty/freeRTOS/tasks.o
 .text.prvCheckTasksWaitingTermination
                0x0000000008003b8c       0x5c ./thirdParty/freeRTOS/tasks.o
 .text.prvDeleteTCB
                0x0000000008003be8       0x20 ./thirdParty/freeRTOS/tasks.o
 .text.prvResetNextTaskUnblockTime
                0x0000000008003c08       0x38 ./thirdParty/freeRTOS/tasks.o
 .text.xTaskGetSchedulerState
                0x0000000008003c40       0x3c ./thirdParty/freeRTOS/tasks.o
                0x0000000008003c40                xTaskGetSchedulerState
 .text.prvAddCurrentTaskToDelayedList
                0x0000000008003c7c      0x100 ./thirdParty/freeRTOS/tasks.o
 .text.xTimerCreateTimerTask
                0x0000000008003d7c       0x64 ./thirdParty/freeRTOS/timers.o
                0x0000000008003d7c                xTimerCreateTimerTask
 .text.prvReloadTimer
                0x0000000008003de0       0x42 ./thirdParty/freeRTOS/timers.o
 *fill*         0x0000000008003e22        0x2 
 .text.prvProcessExpiredTimer
                0x0000000008003e24       0x60 ./thirdParty/freeRTOS/timers.o
 .text.prvTimerTask
                0x0000000008003e84       0x24 ./thirdParty/freeRTOS/timers.o
 .text.prvProcessTimerOrBlockTask
                0x0000000008003ea8       0x9c ./thirdParty/freeRTOS/timers.o
 .text.prvGetNextExpireTime
                0x0000000008003f44       0x48 ./thirdParty/freeRTOS/timers.o
 .text.prvSampleTimeNow
                0x0000000008003f8c       0x40 ./thirdParty/freeRTOS/timers.o
 .text.prvInsertTimerInActiveList
                0x0000000008003fcc       0x84 ./thirdParty/freeRTOS/timers.o
 .text.prvProcessReceivedCommands
                0x0000000008004050      0x17c ./thirdParty/freeRTOS/timers.o
 .text.prvSwitchTimerLists
                0x00000000080041cc       0x4c ./thirdParty/freeRTOS/timers.o
 .text.prvCheckForValidListAndQueue
                0x0000000008004218       0x6c ./thirdParty/freeRTOS/timers.o
 .text.pxPortInitialiseStack
                0x0000000008004284       0x68 ./thirdParty/freeRTOS/portable/GCC/ARM_CM4F/port.o
                0x0000000008004284                pxPortInitialiseStack
 .text.prvTaskExitError
                0x00000000080042ec       0x58 ./thirdParty/freeRTOS/portable/GCC/ARM_CM4F/port.o
 *fill*         0x0000000008004344        0xc 
 .text.SVC_Handler
                0x0000000008004350       0x28 ./thirdParty/freeRTOS/portable/GCC/ARM_CM4F/port.o
                0x0000000008004350                SVC_Handler
 .text.prvPortStartFirstTask
                0x0000000008004378       0x2c ./thirdParty/freeRTOS/portable/GCC/ARM_CM4F/port.o
 .text.xPortStartScheduler
                0x00000000080043a4      0x144 ./thirdParty/freeRTOS/portable/GCC/ARM_CM4F/port.o
                0x00000000080043a4                xPortStartScheduler
 .text.vPortEnterCritical
                0x00000000080044e8       0x60 ./thirdParty/freeRTOS/portable/GCC/ARM_CM4F/port.o
                0x00000000080044e8                vPortEnterCritical
 .text.vPortExitCritical
                0x0000000008004548       0x54 ./thirdParty/freeRTOS/portable/GCC/ARM_CM4F/port.o
                0x0000000008004548                vPortExitCritical
 *fill*         0x000000000800459c        0x4 
 .text.PendSV_Handler
                0x00000000080045a0       0x68 ./thirdParty/freeRTOS/portable/GCC/ARM_CM4F/port.o
                0x00000000080045a0                PendSV_Handler
 .text.SysTick_Handler
                0x0000000008004608       0x44 ./thirdParty/freeRTOS/portable/GCC/ARM_CM4F/port.o
                0x0000000008004608                SysTick_Handler
 .text.vPortSetupTimerInterrupt
                0x000000000800464c       0x48 ./thirdParty/freeRTOS/portable/GCC/ARM_CM4F/port.o
                0x000000000800464c                vPortSetupTimerInterrupt
 .text.vPortEnableVFP
                0x0000000008004694       0x18 ./thirdParty/freeRTOS/portable/GCC/ARM_CM4F/port.o
 .text.pvPortMalloc
                0x00000000080046ac      0x1c0 ./thirdParty/freeRTOS/portable/MemMang/heap_4.o
                0x00000000080046ac                pvPortMalloc
 .text.vPortFree
                0x000000000800486c       0xc4 ./thirdParty/freeRTOS/portable/MemMang/heap_4.o
                0x000000000800486c                vPortFree
 .text.prvHeapInit
                0x0000000008004930       0xc4 ./thirdParty/freeRTOS/portable/MemMang/heap_4.o
 .text.prvInsertBlockIntoFreeList
                0x00000000080049f4       0xb4 ./thirdParty/freeRTOS/portable/MemMang/heap_4.o
 .text.__libc_init_array
                0x0000000008004aa8       0x48 c:/st/stm32cubeide_1.10.1/stm32cubeide/plugins/com.st.stm32cube.ide.mcu.externaltools.gnu-tools-for-stm32.10.3-2021.10.win32_1.0.0.202111181127/tools/bin/../lib/gcc/arm-none-eabi/10.3.1/../../../../arm-none-eabi/lib/thumb/v7e-m+fp/hard\libc_nano.a(lib_a-init.o)
                0x0000000008004aa8                __libc_init_array
 .text.memcpy   0x0000000008004af0       0x1c c:/st/stm32cubeide_1.10.1/stm32cubeide/plugins/com.st.stm32cube.ide.mcu.externaltools.gnu-tools-for-stm32.10.3-2021.10.win32_1.0.0.202111181127/tools/bin/../lib/gcc/arm-none-eabi/10.3.1/../../../../arm-none-eabi/lib/thumb/v7e-m+fp/hard\libc_nano.a(lib_a-memcpy-stub.o)
                0x0000000008004af0                memcpy
 .text.memset   0x0000000008004b0c       0x10 c:/st/stm32cubeide_1.10.1/stm32cubeide/plugins/com.st.stm32cube.ide.mcu.externaltools.gnu-tools-for-stm32.10.3-2021.10.win32_1.0.0.202111181127/tools/bin/../lib/gcc/arm-none-eabi/10.3.1/../../../../arm-none-eabi/lib/thumb/v7e-m+fp/hard\libc_nano.a(lib_a-memset.o)
                0x0000000008004b0c                memset
 *(.glue_7)
 .glue_7        0x0000000008004b1c        0x0 linker stubs
 *(.glue_7t)
 .glue_7t       0x0000000008004b1c        0x0 linker stubs
 *(.eh_frame)
 .eh_frame      0x0000000008004b1c        0x0 c:/st/stm32cubeide_1.10.1/stm32cubeide/plugins/com.st.stm32cube.ide.mcu.externaltools.gnu-tools-for-stm32.10.3-2021.10.win32_1.0.0.202111181127/tools/bin/../lib/gcc/arm-none-eabi/10.3.1/thumb/v7e-m+fp/hard/crtbegin.o
 *(.init)
 .init          0x0000000008004b1c        0x4 c:/st/stm32cubeide_1.10.1/stm32cubeide/plugins/com.st.stm32cube.ide.mcu.externaltools.gnu-tools-for-stm32.10.3-2021.10.win32_1.0.0.202111181127/tools/bin/../lib/gcc/arm-none-eabi/10.3.1/thumb/v7e-m+fp/hard/crti.o
                0x0000000008004b1c                _init
 .init          0x0000000008004b20        0x8 c:/st/stm32cubeide_1.10.1/stm32cubeide/plugins/com.st.stm32cube.ide.mcu.externaltools.gnu-tools-for-stm32.10.3-2021.10.win32_1.0.0.202111181127/tools/bin/../lib/gcc/arm-none-eabi/10.3.1/thumb/v7e-m+fp/hard/crtn.o
 *(.fini)
 .fini          0x0000000008004b28        0x4 c:/st/stm32cubeide_1.10.1/stm32cubeide/plugins/com.st.stm32cube.ide.mcu.externaltools.gnu-tools-for-stm32.10.3-2021.10.win32_1.0.0.202111181127/tools/bin/../lib/gcc/arm-none-eabi/10.3.1/thumb/v7e-m+fp/hard/crti.o
                0x0000000008004b28                _fini
 .fini          0x0000000008004b2c        0x8 c:/st/stm32cubeide_1.10.1/stm32cubeide/plugins/com.st.stm32cube.ide.mcu.externaltools.gnu-tools-for-stm32.10.3-2021.10.win32_1.0.0.202111181127/tools/bin/../lib/gcc/arm-none-eabi/10.3.1/thumb/v7e-m+fp/hard/crtn.o
                0x0000000008004b34                . = ALIGN (0x4)
                0x0000000008004b34                _etext = .

.vfp11_veneer   0x0000000008004b34        0x0
 .vfp11_veneer  0x0000000008004b34        0x0 linker stubs

.v4_bx          0x0000000008004b34        0x0
 .v4_bx         0x0000000008004b34        0x0 linker stubs

.iplt           0x0000000008004b34        0x0
 .iplt          0x0000000008004b34        0x0 c:/st/stm32cubeide_1.10.1/stm32cubeide/plugins/com.st.stm32cube.ide.mcu.externaltools.gnu-tools-for-stm32.10.3-2021.10.win32_1.0.0.202111181127/tools/bin/../lib/gcc/arm-none-eabi/10.3.1/thumb/v7e-m+fp/hard/crtbegin.o

.rodata         0x0000000008004b34       0x40
                0x0000000008004b34                . = ALIGN (0x4)
 *(.rodata)
 .rodata        0x0000000008004b34       0x10 ./Core/Src/main.o
 .rodata        0x0000000008004b44        0x5 ./thirdParty/freeRTOS/tasks.o
 *fill*         0x0000000008004b49        0x3 
 .rodata        0x0000000008004b4c        0xd ./thirdParty/freeRTOS/timers.o
 *(.rodata*)
 *fill*         0x0000000008004b59        0x3 
 .rodata.AHBPrescTable
                0x0000000008004b5c       0x10 ./Core/Src/system_stm32f4xx.o
                0x0000000008004b5c                AHBPrescTable
 .rodata.APBPrescTable
                0x0000000008004b6c        0x8 ./Core/Src/system_stm32f4xx.o
                0x0000000008004b6c                APBPrescTable
                0x0000000008004b74                . = ALIGN (0x4)

.ARM.extab      0x0000000008004b74        0x0
                0x0000000008004b74                . = ALIGN (0x4)
 *(.ARM.extab* .gnu.linkonce.armextab.*)
                0x0000000008004b74                . = ALIGN (0x4)

.ARM            0x0000000008004b74        0x8
                0x0000000008004b74                . = ALIGN (0x4)
                0x0000000008004b74                __exidx_start = .
 *(.ARM.exidx*)
 .ARM.exidx     0x0000000008004b74        0x8 c:/st/stm32cubeide_1.10.1/stm32cubeide/plugins/com.st.stm32cube.ide.mcu.externaltools.gnu-tools-for-stm32.10.3-2021.10.win32_1.0.0.202111181127/tools/bin/../lib/gcc/arm-none-eabi/10.3.1/thumb/v7e-m+fp/hard\libgcc.a(_udivmoddi4.o)
                0x0000000008004b7c                __exidx_end = .
                0x0000000008004b7c                . = ALIGN (0x4)

.rel.dyn        0x0000000008004b7c        0x0
 .rel.iplt      0x0000000008004b7c        0x0 c:/st/stm32cubeide_1.10.1/stm32cubeide/plugins/com.st.stm32cube.ide.mcu.externaltools.gnu-tools-for-stm32.10.3-2021.10.win32_1.0.0.202111181127/tools/bin/../lib/gcc/arm-none-eabi/10.3.1/thumb/v7e-m+fp/hard/crtbegin.o

.preinit_array  0x0000000008004b7c        0x0
                0x0000000008004b7c                . = ALIGN (0x4)
                0x0000000008004b7c                PROVIDE (__preinit_array_start = .)
 *(.preinit_array*)
                0x0000000008004b7c                PROVIDE (__preinit_array_end = .)
                0x0000000008004b7c                . = ALIGN (0x4)

.init_array     0x0000000008004b7c        0x4
                0x0000000008004b7c                . = ALIGN (0x4)
                0x0000000008004b7c                PROVIDE (__init_array_start = .)
 *(SORT_BY_NAME(.init_array.*))
 *(.init_array*)
 .init_array    0x0000000008004b7c        0x4 c:/st/stm32cubeide_1.10.1/stm32cubeide/plugins/com.st.stm32cube.ide.mcu.externaltools.gnu-tools-for-stm32.10.3-2021.10.win32_1.0.0.202111181127/tools/bin/../lib/gcc/arm-none-eabi/10.3.1/thumb/v7e-m+fp/hard/crtbegin.o
                0x0000000008004b80                PROVIDE (__init_array_end = .)
                0x0000000008004b80                . = ALIGN (0x4)

.fini_array     0x0000000008004b80        0x4
                0x0000000008004b80                . = ALIGN (0x4)
                [!provide]                        PROVIDE (__fini_array_start = .)
 *(SORT_BY_NAME(.fini_array.*))
 *(.fini_array*)
 .fini_array    0x0000000008004b80        0x4 c:/st/stm32cubeide_1.10.1/stm32cubeide/plugins/com.st.stm32cube.ide.mcu.externaltools.gnu-tools-for-stm32.10.3-2021.10.win32_1.0.0.202111181127/tools/bin/../lib/gcc/arm-none-eabi/10.3.1/thumb/v7e-m+fp/hard/crtbegin.o
                [!provide]                        PROVIDE (__fini_array_end = .)
                0x0000000008004b84                . = ALIGN (0x4)
                0x0000000008004b84                _sidata = LOADADDR (.data)

.data           0x0000000020000000       0x14 load address 0x0000000008004b84
                0x0000000020000000                . = ALIGN (0x4)
                0x0000000020000000                _sdata = .
 *(.data)
 *(.data*)
 .data.SystemCoreClock
                0x0000000020000000        0x4 ./Core/Src/system_stm32f4xx.o
                0x0000000020000000                SystemCoreClock
 .data.uwTickPrio
                0x0000000020000004        0x4 ./Drivers/STM32F4xx_HAL_Driver/Src/stm32f4xx_hal.o
                0x0000000020000004                uwTickPrio
 .data.uwTickFreq
                0x0000000020000008        0x1 ./Drivers/STM32F4xx_HAL_Driver/Src/stm32f4xx_hal.o
                0x0000000020000008                uwTickFreq
 *fill*         0x0000000020000009        0x3 
 .data.uxTopUsedPriority
                0x000000002000000c        0x4 ./thirdParty/freeRTOS/tasks.o
                0x000000002000000c                uxTopUsedPriority
 .data.uxCriticalNesting
                0x0000000020000010        0x4 ./thirdParty/freeRTOS/portable/GCC/ARM_CM4F/port.o
 *(.RamFunc)
 *(.RamFunc*)
                0x0000000020000014                . = ALIGN (0x4)
                0x0000000020000014                _edata = .

.igot.plt       0x0000000020000014        0x0 load address 0x0000000008004b98
 .igot.plt      0x0000000020000014        0x0 c:/st/stm32cubeide_1.10.1/stm32cubeide/plugins/com.st.stm32cube.ide.mcu.externaltools.gnu-tools-for-stm32.10.3-2021.10.win32_1.0.0.202111181127/tools/bin/../lib/gcc/arm-none-eabi/10.3.1/thumb/v7e-m+fp/hard/crtbegin.o
                0x0000000020000014                . = ALIGN (0x4)

.bss            0x0000000020000014    0x12e54 load address 0x0000000008004b98
                0x0000000020000014                _sbss = .
                0x0000000020000014                __bss_start__ = _sbss
 *(.bss)
 .bss           0x0000000020000014       0x1c c:/st/stm32cubeide_1.10.1/stm32cubeide/plugins/com.st.stm32cube.ide.mcu.externaltools.gnu-tools-for-stm32.10.3-2021.10.win32_1.0.0.202111181127/tools/bin/../lib/gcc/arm-none-eabi/10.3.1/thumb/v7e-m+fp/hard/crtbegin.o
 *(.bss*)
 .bss.huart2    0x0000000020000030       0x44 ./Core/Src/main.o
                0x0000000020000030                huart2
 .bss.htim6     0x0000000020000074       0x48 ./Core/Src/stm32f4xx_hal_timebase_tim.o
                0x0000000020000074                htim6
 .bss.uwTick    0x00000000200000bc        0x4 ./Drivers/STM32F4xx_HAL_Driver/Src/stm32f4xx_hal.o
                0x00000000200000bc                uwTick
 .bss.xQueueRegistry
                0x00000000200000c0       0x40 ./thirdParty/freeRTOS/queue.o
                0x00000000200000c0                xQueueRegistry
 .bss.pxCurrentTCB
                0x0000000020000100        0x4 ./thirdParty/freeRTOS/tasks.o
                0x0000000020000100                pxCurrentTCB
 .bss.pxReadyTasksLists
                0x0000000020000104       0x64 ./thirdParty/freeRTOS/tasks.o
 .bss.xDelayedTaskList1
                0x0000000020000168       0x14 ./thirdParty/freeRTOS/tasks.o
 .bss.xDelayedTaskList2
                0x000000002000017c       0x14 ./thirdParty/freeRTOS/tasks.o
 .bss.pxDelayedTaskList
                0x0000000020000190        0x4 ./thirdParty/freeRTOS/tasks.o
 .bss.pxOverflowDelayedTaskList
                0x0000000020000194        0x4 ./thirdParty/freeRTOS/tasks.o
 .bss.xPendingReadyList
                0x0000000020000198       0x14 ./thirdParty/freeRTOS/tasks.o
 .bss.xTasksWaitingTermination
                0x00000000200001ac       0x14 ./thirdParty/freeRTOS/tasks.o
 .bss.uxDeletedTasksWaitingCleanUp
                0x00000000200001c0        0x4 ./thirdParty/freeRTOS/tasks.o
 .bss.xSuspendedTaskList
                0x00000000200001c4       0x14 ./thirdParty/freeRTOS/tasks.o
 .bss.uxCurrentNumberOfTasks
                0x00000000200001d8        0x4 ./thirdParty/freeRTOS/tasks.o
 .bss.xTickCount
                0x00000000200001dc        0x4 ./thirdParty/freeRTOS/tasks.o
 .bss.uxTopReadyPriority
                0x00000000200001e0        0x4 ./thirdParty/freeRTOS/tasks.o
 .bss.xSchedulerRunning
                0x00000000200001e4        0x4 ./thirdParty/freeRTOS/tasks.o
 .bss.xPendedTicks
                0x00000000200001e8        0x4 ./thirdParty/freeRTOS/tasks.o
 .bss.xYieldPending
                0x00000000200001ec        0x4 ./thirdParty/freeRTOS/tasks.o
 .bss.xNumOfOverflows
                0x00000000200001f0        0x4 ./thirdParty/freeRTOS/tasks.o
 .bss.uxTaskNumber
                0x00000000200001f4        0x4 ./thirdParty/freeRTOS/tasks.o
 .bss.xNextTaskUnblockTime
                0x00000000200001f8        0x4 ./thirdParty/freeRTOS/tasks.o
 .bss.xIdleTaskHandle
                0x00000000200001fc        0x4 ./thirdParty/freeRTOS/tasks.o
 .bss.uxSchedulerSuspended
                0x0000000020000200        0x4 ./thirdParty/freeRTOS/tasks.o
 .bss.xActiveTimerList1
                0x0000000020000204       0x14 ./thirdParty/freeRTOS/timers.o
 .bss.xActiveTimerList2
                0x0000000020000218       0x14 ./thirdParty/freeRTOS/timers.o
 .bss.pxCurrentTimerList
                0x000000002000022c        0x4 ./thirdParty/freeRTOS/timers.o
 .bss.pxOverflowTimerList
                0x0000000020000230        0x4 ./thirdParty/freeRTOS/timers.o
 .bss.xTimerQueue
                0x0000000020000234        0x4 ./thirdParty/freeRTOS/timers.o
 .bss.xTimerTaskHandle
                0x0000000020000238        0x4 ./thirdParty/freeRTOS/timers.o
 .bss.xLastTime.0
                0x000000002000023c        0x4 ./thirdParty/freeRTOS/timers.o
 .bss.ucMaxSysCallPriority
                0x0000000020000240        0x1 ./thirdParty/freeRTOS/portable/GCC/ARM_CM4F/port.o
 *fill*         0x0000000020000241        0x3 
 .bss.ulMaxPRIGROUPValue
                0x0000000020000244        0x4 ./thirdParty/freeRTOS/portable/GCC/ARM_CM4F/port.o
 .bss.ucHeap    0x0000000020000248    0x12c00 ./thirdParty/freeRTOS/portable/MemMang/heap_4.o
 .bss.xStart    0x0000000020012e48        0x8 ./thirdParty/freeRTOS/portable/MemMang/heap_4.o
 .bss.pxEnd     0x0000000020012e50        0x4 ./thirdParty/freeRTOS/portable/MemMang/heap_4.o
 .bss.xFreeBytesRemaining
                0x0000000020012e54        0x4 ./thirdParty/freeRTOS/portable/MemMang/heap_4.o
 .bss.xMinimumEverFreeBytesRemaining
                0x0000000020012e58        0x4 ./thirdParty/freeRTOS/portable/MemMang/heap_4.o
 .bss.xNumberOfSuccessfulAllocations
                0x0000000020012e5c        0x4 ./thirdParty/freeRTOS/portable/MemMang/heap_4.o
 .bss.xNumberOfSuccessfulFrees
                0x0000000020012e60        0x4 ./thirdParty/freeRTOS/portable/MemMang/heap_4.o
 .bss.xBlockAllocatedBit
                0x0000000020012e64        0x4 ./thirdParty/freeRTOS/portable/MemMang/heap_4.o
 *(COMMON)
                0x0000000020012e68                . = ALIGN (0x4)
                0x0000000020012e68                _ebss = .
                0x0000000020012e68                __bss_end__ = _ebss

._user_heap_stack
                0x0000000020012e68      0x600 load address 0x0000000008004b98
                0x0000000020012e68                . = ALIGN (0x8)
                [!provide]                        PROVIDE (end = .)
                [!provide]                        PROVIDE (_end = .)
                0x0000000020013068                . = (. + _Min_Heap_Size)
 *fill*         0x0000000020012e68      0x200 
                0x0000000020013468                . = (. + _Min_Stack_Size)
 *fill*         0x0000000020013068      0x400 
                0x0000000020013468                . = ALIGN (0x8)

/DISCARD/
 libc.a(*)
 libm.a(*)
 libgcc.a(*)

.ARM.attributes
                0x0000000000000000       0x30
 *(.ARM.attributes)
 .ARM.attributes
                0x0000000000000000       0x1e c:/st/stm32cubeide_1.10.1/stm32cubeide/plugins/com.st.stm32cube.ide.mcu.externaltools.gnu-tools-for-stm32.10.3-2021.10.win32_1.0.0.202111181127/tools/bin/../lib/gcc/arm-none-eabi/10.3.1/thumb/v7e-m+fp/hard/crti.o
 .ARM.attributes
                0x000000000000001e       0x34 c:/st/stm32cubeide_1.10.1/stm32cubeide/plugins/com.st.stm32cube.ide.mcu.externaltools.gnu-tools-for-stm32.10.3-2021.10.win32_1.0.0.202111181127/tools/bin/../lib/gcc/arm-none-eabi/10.3.1/thumb/v7e-m+fp/hard/crtbegin.o
 .ARM.attributes
                0x0000000000000052       0x34 ./Core/Src/main.o
 .ARM.attributes
                0x0000000000000086       0x34 ./Core/Src/stm32f4xx_hal_msp.o
 .ARM.attributes
                0x00000000000000ba       0x34 ./Core/Src/stm32f4xx_hal_timebase_tim.o
 .ARM.attributes
                0x00000000000000ee       0x34 ./Core/Src/stm32f4xx_it.o
 .ARM.attributes
                0x0000000000000122       0x34 ./Core/Src/system_stm32f4xx.o
 .ARM.attributes
                0x0000000000000156       0x21 ./Core/Startup/startup_stm32f446retx.o
 .ARM.attributes
                0x0000000000000177       0x34 ./Drivers/STM32F4xx_HAL_Driver/Src/stm32f4xx_hal.o
 .ARM.attributes
                0x00000000000001ab       0x34 ./Drivers/STM32F4xx_HAL_Driver/Src/stm32f4xx_hal_cortex.o
 .ARM.attributes
                0x00000000000001df       0x34 ./Drivers/STM32F4xx_HAL_Driver/Src/stm32f4xx_hal_gpio.o
 .ARM.attributes
                0x0000000000000213       0x34 ./Drivers/STM32F4xx_HAL_Driver/Src/stm32f4xx_hal_rcc.o
 .ARM.attributes
                0x0000000000000247       0x34 ./Drivers/STM32F4xx_HAL_Driver/Src/stm32f4xx_hal_rcc_ex.o
 .ARM.attributes
                0x000000000000027b       0x34 ./Drivers/STM32F4xx_HAL_Driver/Src/stm32f4xx_hal_tim.o
 .ARM.attributes
                0x00000000000002af       0x34 ./Drivers/STM32F4xx_HAL_Driver/Src/stm32f4xx_hal_tim_ex.o
 .ARM.attributes
                0x00000000000002e3       0x34 ./Drivers/STM32F4xx_HAL_Driver/Src/stm32f4xx_hal_uart.o
 .ARM.attributes
                0x0000000000000317       0x34 ./thirdParty/freeRTOS/list.o
 .ARM.attributes
                0x000000000000034b       0x34 ./thirdParty/freeRTOS/queue.o
 .ARM.attributes
                0x000000000000037f       0x34 ./thirdParty/freeRTOS/tasks.o
 .ARM.attributes
                0x00000000000003b3       0x34 ./thirdParty/freeRTOS/timers.o
 .ARM.attributes
                0x00000000000003e7       0x34 ./thirdParty/freeRTOS/portable/GCC/ARM_CM4F/port.o
 .ARM.attributes
                0x000000000000041b       0x34 ./thirdParty/freeRTOS/portable/MemMang/heap_4.o
 .ARM.attributes
                0x000000000000044f       0x34 c:/st/stm32cubeide_1.10.1/stm32cubeide/plugins/com.st.stm32cube.ide.mcu.externaltools.gnu-tools-for-stm32.10.3-2021.10.win32_1.0.0.202111181127/tools/bin/../lib/gcc/arm-none-eabi/10.3.1/../../../../arm-none-eabi/lib/thumb/v7e-m+fp/hard\libc_nano.a(lib_a-init.o)
 .ARM.attributes
                0x0000000000000483       0x34 c:/st/stm32cubeide_1.10.1/stm32cubeide/plugins/com.st.stm32cube.ide.mcu.externaltools.gnu-tools-for-stm32.10.3-2021.10.win32_1.0.0.202111181127/tools/bin/../lib/gcc/arm-none-eabi/10.3.1/../../../../arm-none-eabi/lib/thumb/v7e-m+fp/hard\libc_nano.a(lib_a-memcpy-stub.o)
 .ARM.attributes
                0x00000000000004b7       0x34 c:/st/stm32cubeide_1.10.1/stm32cubeide/plugins/com.st.stm32cube.ide.mcu.externaltools.gnu-tools-for-stm32.10.3-2021.10.win32_1.0.0.202111181127/tools/bin/../lib/gcc/arm-none-eabi/10.3.1/../../../../arm-none-eabi/lib/thumb/v7e-m+fp/hard\libc_nano.a(lib_a-memset.o)
 .ARM.attributes
                0x00000000000004eb       0x1e c:/st/stm32cubeide_1.10.1/stm32cubeide/plugins/com.st.stm32cube.ide.mcu.externaltools.gnu-tools-for-stm32.10.3-2021.10.win32_1.0.0.202111181127/tools/bin/../lib/gcc/arm-none-eabi/10.3.1/thumb/v7e-m+fp/hard\libgcc.a(_aeabi_uldivmod.o)
 .ARM.attributes
                0x0000000000000509       0x34 c:/st/stm32cubeide_1.10.1/stm32cubeide/plugins/com.st.stm32cube.ide.mcu.externaltools.gnu-tools-for-stm32.10.3-2021.10.win32_1.0.0.202111181127/tools/bin/../lib/gcc/arm-none-eabi/10.3.1/thumb/v7e-m+fp/hard\libgcc.a(_udivmoddi4.o)
 .ARM.attributes
                0x000000000000053d       0x1e c:/st/stm32cubeide_1.10.1/stm32cubeide/plugins/com.st.stm32cube.ide.mcu.externaltools.gnu-tools-for-stm32.10.3-2021.10.win32_1.0.0.202111181127/tools/bin/../lib/gcc/arm-none-eabi/10.3.1/thumb/v7e-m+fp/hard\libgcc.a(_dvmd_tls.o)
 .ARM.attributes
                0x000000000000055b       0x1e c:/st/stm32cubeide_1.10.1/stm32cubeide/plugins/com.st.stm32cube.ide.mcu.externaltools.gnu-tools-for-stm32.10.3-2021.10.win32_1.0.0.202111181127/tools/bin/../lib/gcc/arm-none-eabi/10.3.1/thumb/v7e-m+fp/hard/crtn.o
OUTPUT(pet_food_dispenser.elf elf32-littlearm)
LOAD linker stubs
LOAD c:/st/stm32cubeide_1.10.1/stm32cubeide/plugins/com.st.stm32cube.ide.mcu.externaltools.gnu-tools-for-stm32.10.3-2021.10.win32_1.0.0.202111181127/tools/bin/../lib/gcc/arm-none-eabi/10.3.1/../../../../arm-none-eabi/lib/thumb/v7e-m+fp/hard\libc.a
LOAD c:/st/stm32cubeide_1.10.1/stm32cubeide/plugins/com.st.stm32cube.ide.mcu.externaltools.gnu-tools-for-stm32.10.3-2021.10.win32_1.0.0.202111181127/tools/bin/../lib/gcc/arm-none-eabi/10.3.1/../../../../arm-none-eabi/lib/thumb/v7e-m+fp/hard\libm.a
LOAD c:/st/stm32cubeide_1.10.1/stm32cubeide/plugins/com.st.stm32cube.ide.mcu.externaltools.gnu-tools-for-stm32.10.3-2021.10.win32_1.0.0.202111181127/tools/bin/../lib/gcc/arm-none-eabi/10.3.1/thumb/v7e-m+fp/hard\libgcc.a

.debug_info     0x0000000000000000    0x1349a
 .debug_info    0x0000000000000000     0x10ee ./Core/Src/main.o
 .debug_info    0x00000000000010ee      0x9a3 ./Core/Src/stm32f4xx_hal_msp.o
 .debug_info    0x0000000000001a91      0xca1 ./Core/Src/stm32f4xx_hal_timebase_tim.o
 .debug_info    0x0000000000002732      0x6f8 ./Core/Src/stm32f4xx_it.o
 .debug_info    0x0000000000002e2a      0x55b ./Core/Src/system_stm32f4xx.o
 .debug_info    0x0000000000003385       0x22 ./Core/Startup/startup_stm32f446retx.o
 .debug_info    0x00000000000033a7      0x9d2 ./Drivers/STM32F4xx_HAL_Driver/Src/stm32f4xx_hal.o
 .debug_info    0x0000000000003d79      0xe39 ./Drivers/STM32F4xx_HAL_Driver/Src/stm32f4xx_hal_cortex.o
 .debug_info    0x0000000000004bb2      0x7be ./Drivers/STM32F4xx_HAL_Driver/Src/stm32f4xx_hal_gpio.o
 .debug_info    0x0000000000005370      0x9ab ./Drivers/STM32F4xx_HAL_Driver/Src/stm32f4xx_hal_rcc.o
 .debug_info    0x0000000000005d1b      0x9ec ./Drivers/STM32F4xx_HAL_Driver/Src/stm32f4xx_hal_rcc_ex.o
 .debug_info    0x0000000000006707     0x2bbe ./Drivers/STM32F4xx_HAL_Driver/Src/stm32f4xx_hal_tim.o
 .debug_info    0x00000000000092c5     0x15e0 ./Drivers/STM32F4xx_HAL_Driver/Src/stm32f4xx_hal_tim_ex.o
 .debug_info    0x000000000000a8a5     0x31bc ./Drivers/STM32F4xx_HAL_Driver/Src/stm32f4xx_hal_uart.o
 .debug_info    0x000000000000da61      0x2d1 ./thirdParty/freeRTOS/list.o
 .debug_info    0x000000000000dd32     0x1926 ./thirdParty/freeRTOS/queue.o
 .debug_info    0x000000000000f658     0x25ab ./thirdParty/freeRTOS/tasks.o
 .debug_info    0x0000000000011c03      0xe83 ./thirdParty/freeRTOS/timers.o
 .debug_info    0x0000000000012a86      0x507 ./thirdParty/freeRTOS/portable/GCC/ARM_CM4F/port.o
 .debug_info    0x0000000000012f8d      0x50d ./thirdParty/freeRTOS/portable/MemMang/heap_4.o

.debug_abbrev   0x0000000000000000     0x2a9f
 .debug_abbrev  0x0000000000000000      0x2a3 ./Core/Src/main.o
 .debug_abbrev  0x00000000000002a3      0x19b ./Core/Src/stm32f4xx_hal_msp.o
 .debug_abbrev  0x000000000000043e      0x1e6 ./Core/Src/stm32f4xx_hal_timebase_tim.o
 .debug_abbrev  0x0000000000000624      0x171 ./Core/Src/stm32f4xx_it.o
 .debug_abbrev  0x0000000000000795      0x116 ./Core/Src/system_stm32f4xx.o
 .debug_abbrev  0x00000000000008ab       0x12 ./Core/Startup/startup_stm32f446retx.o
 .debug_abbrev  0x00000000000008bd      0x20d ./Drivers/STM32F4xx_HAL_Driver/Src/stm32f4xx_hal.o
 .debug_abbrev  0x0000000000000aca      0x316 ./Drivers/STM32F4xx_HAL_Driver/Src/stm32f4xx_hal_cortex.o
 .debug_abbrev  0x0000000000000de0      0x1c4 ./Drivers/STM32F4xx_HAL_Driver/Src/stm32f4xx_hal_gpio.o
 .debug_abbrev  0x0000000000000fa4      0x2aa ./Drivers/STM32F4xx_HAL_Driver/Src/stm32f4xx_hal_rcc.o
 .debug_abbrev  0x000000000000124e      0x1fb ./Drivers/STM32F4xx_HAL_Driver/Src/stm32f4xx_hal_rcc_ex.o
 .debug_abbrev  0x0000000000001449      0x25d ./Drivers/STM32F4xx_HAL_Driver/Src/stm32f4xx_hal_tim.o
 .debug_abbrev  0x00000000000016a6      0x265 ./Drivers/STM32F4xx_HAL_Driver/Src/stm32f4xx_hal_tim_ex.o
 .debug_abbrev  0x000000000000190b      0x2f4 ./Drivers/STM32F4xx_HAL_Driver/Src/stm32f4xx_hal_uart.o
 .debug_abbrev  0x0000000000001bff       0xf2 ./thirdParty/freeRTOS/list.o
 .debug_abbrev  0x0000000000001cf1      0x312 ./thirdParty/freeRTOS/queue.o
 .debug_abbrev  0x0000000000002003      0x36c ./thirdParty/freeRTOS/tasks.o
 .debug_abbrev  0x000000000000236f      0x2c5 ./thirdParty/freeRTOS/timers.o
 .debug_abbrev  0x0000000000002634      0x259 ./thirdParty/freeRTOS/portable/GCC/ARM_CM4F/port.o
 .debug_abbrev  0x000000000000288d      0x212 ./thirdParty/freeRTOS/portable/MemMang/heap_4.o

.debug_aranges  0x0000000000000000     0x1108
 .debug_aranges
                0x0000000000000000       0x50 ./Core/Src/main.o
 .debug_aranges
                0x0000000000000050       0x30 ./Core/Src/stm32f4xx_hal_msp.o
 .debug_aranges
                0x0000000000000080       0x30 ./Core/Src/stm32f4xx_hal_timebase_tim.o
 .debug_aranges
                0x00000000000000b0       0x50 ./Core/Src/stm32f4xx_it.o
 .debug_aranges
                0x0000000000000100       0x28 ./Core/Src/system_stm32f4xx.o
 .debug_aranges
                0x0000000000000128       0x28 ./Core/Startup/startup_stm32f446retx.o
 .debug_aranges
                0x0000000000000150       0xf0 ./Drivers/STM32F4xx_HAL_Driver/Src/stm32f4xx_hal.o
 .debug_aranges
                0x0000000000000240      0x118 ./Drivers/STM32F4xx_HAL_Driver/Src/stm32f4xx_hal_cortex.o
 .debug_aranges
                0x0000000000000358       0x58 ./Drivers/STM32F4xx_HAL_Driver/Src/stm32f4xx_hal_gpio.o
 .debug_aranges
                0x00000000000003b0       0x88 ./Drivers/STM32F4xx_HAL_Driver/Src/stm32f4xx_hal_rcc.o
 .debug_aranges
                0x0000000000000438       0x78 ./Drivers/STM32F4xx_HAL_Driver/Src/stm32f4xx_hal_rcc_ex.o
 .debug_aranges
                0x00000000000004b0      0x3d0 ./Drivers/STM32F4xx_HAL_Driver/Src/stm32f4xx_hal_tim.o
 .debug_aranges
                0x0000000000000880      0x168 ./Drivers/STM32F4xx_HAL_Driver/Src/stm32f4xx_hal_tim_ex.o
 .debug_aranges
                0x00000000000009e8      0x200 ./Drivers/STM32F4xx_HAL_Driver/Src/stm32f4xx_hal_uart.o
 .debug_aranges
                0x0000000000000be8       0x40 ./thirdParty/freeRTOS/list.o
 .debug_aranges
                0x0000000000000c28      0x130 ./thirdParty/freeRTOS/queue.o
 .debug_aranges
                0x0000000000000d58      0x1f8 ./thirdParty/freeRTOS/tasks.o
 .debug_aranges
                0x0000000000000f50       0xe0 ./thirdParty/freeRTOS/timers.o
 .debug_aranges
                0x0000000000001030       0x80 ./thirdParty/freeRTOS/portable/GCC/ARM_CM4F/port.o
 .debug_aranges
                0x00000000000010b0       0x58 ./thirdParty/freeRTOS/portable/MemMang/heap_4.o

.debug_ranges   0x0000000000000000     0x1000
 .debug_ranges  0x0000000000000000       0x40 ./Core/Src/main.o
 .debug_ranges  0x0000000000000040       0x20 ./Core/Src/stm32f4xx_hal_msp.o
 .debug_ranges  0x0000000000000060       0x20 ./Core/Src/stm32f4xx_hal_timebase_tim.o
 .debug_ranges  0x0000000000000080       0x40 ./Core/Src/stm32f4xx_it.o
 .debug_ranges  0x00000000000000c0       0x18 ./Core/Src/system_stm32f4xx.o
 .debug_ranges  0x00000000000000d8       0x20 ./Core/Startup/startup_stm32f446retx.o
 .debug_ranges  0x00000000000000f8       0xe0 ./Drivers/STM32F4xx_HAL_Driver/Src/stm32f4xx_hal.o
 .debug_ranges  0x00000000000001d8      0x108 ./Drivers/STM32F4xx_HAL_Driver/Src/stm32f4xx_hal_cortex.o
 .debug_ranges  0x00000000000002e0       0x48 ./Drivers/STM32F4xx_HAL_Driver/Src/stm32f4xx_hal_gpio.o
 .debug_ranges  0x0000000000000328       0x78 ./Drivers/STM32F4xx_HAL_Driver/Src/stm32f4xx_hal_rcc.o
 .debug_ranges  0x00000000000003a0       0x68 ./Drivers/STM32F4xx_HAL_Driver/Src/stm32f4xx_hal_rcc_ex.o
 .debug_ranges  0x0000000000000408      0x3c0 ./Drivers/STM32F4xx_HAL_Driver/Src/stm32f4xx_hal_tim.o
 .debug_ranges  0x00000000000007c8      0x158 ./Drivers/STM32F4xx_HAL_Driver/Src/stm32f4xx_hal_tim_ex.o
 .debug_ranges  0x0000000000000920      0x220 ./Drivers/STM32F4xx_HAL_Driver/Src/stm32f4xx_hal_uart.o
 .debug_ranges  0x0000000000000b40       0x30 ./thirdParty/freeRTOS/list.o
 .debug_ranges  0x0000000000000b70      0x120 ./thirdParty/freeRTOS/queue.o
 .debug_ranges  0x0000000000000c90      0x1e8 ./thirdParty/freeRTOS/tasks.o
 .debug_ranges  0x0000000000000e78       0xd0 ./thirdParty/freeRTOS/timers.o
 .debug_ranges  0x0000000000000f48       0x70 ./thirdParty/freeRTOS/portable/GCC/ARM_CM4F/port.o
 .debug_ranges  0x0000000000000fb8       0x48 ./thirdParty/freeRTOS/portable/MemMang/heap_4.o

.debug_macro    0x0000000000000000    0x22c71
 .debug_macro   0x0000000000000000      0x28f ./Core/Src/main.o
 .debug_macro   0x000000000000028f      0xa78 ./Core/Src/main.o
 .debug_macro   0x0000000000000d07      0x2a1 ./Core/Src/main.o
 .debug_macro   0x0000000000000fa8       0x2e ./Core/Src/main.o
 .debug_macro   0x0000000000000fd6       0x28 ./Core/Src/main.o
 .debug_macro   0x0000000000000ffe       0x22 ./Core/Src/main.o
 .debug_macro   0x0000000000001020       0x8e ./Core/Src/main.o
 .debug_macro   0x00000000000010ae       0x51 ./Core/Src/main.o
 .debug_macro   0x00000000000010ff      0x103 ./Core/Src/main.o
 .debug_macro   0x0000000000001202       0x6a ./Core/Src/main.o
 .debug_macro   0x000000000000126c      0x1df ./Core/Src/main.o
 .debug_macro   0x000000000000144b       0x1c ./Core/Src/main.o
 .debug_macro   0x0000000000001467       0x22 ./Core/Src/main.o
 .debug_macro   0x0000000000001489       0xd9 ./Core/Src/main.o
 .debug_macro   0x0000000000001562     0x102d ./Core/Src/main.o
 .debug_macro   0x000000000000258f      0x11f ./Core/Src/main.o
 .debug_macro   0x00000000000026ae    0x16749 ./Core/Src/main.o
 .debug_macro   0x0000000000018df7       0x6d ./Core/Src/main.o
 .debug_macro   0x0000000000018e64     0x367e ./Core/Src/main.o
 .debug_macro   0x000000000001c4e2      0x174 ./Core/Src/main.o
 .debug_macro   0x000000000001c656       0x5c ./Core/Src/main.o
 .debug_macro   0x000000000001c6b2      0xc90 ./Core/Src/main.o
 .debug_macro   0x000000000001d342      0x9fe ./Core/Src/main.o
 .debug_macro   0x000000000001dd40      0x115 ./Core/Src/main.o
 .debug_macro   0x000000000001de55      0x1a0 ./Core/Src/main.o
 .debug_macro   0x000000000001dff5       0xa5 ./Core/Src/main.o
 .debug_macro   0x000000000001e09a      0x16d ./Core/Src/main.o
 .debug_macro   0x000000000001e207      0x287 ./Core/Src/main.o
 .debug_macro   0x000000000001e48e       0x5f ./Core/Src/main.o
 .debug_macro   0x000000000001e4ed      0x236 ./Core/Src/main.o
 .debug_macro   0x000000000001e723      0x132 ./Core/Src/main.o
 .debug_macro   0x000000000001e855      0x29c ./Core/Src/main.o
 .debug_macro   0x000000000001eaf1       0x2e ./Core/Src/main.o
 .debug_macro   0x000000000001eb1f      0x11a ./Core/Src/main.o
 .debug_macro   0x000000000001ec39       0xe8 ./Core/Src/main.o
 .debug_macro   0x000000000001ed21       0x89 ./Core/Src/main.o
 .debug_macro   0x000000000001edaa      0x1fc ./Core/Src/main.o
 .debug_macro   0x000000000001efa6      0x8e6 ./Core/Src/main.o
 .debug_macro   0x000000000001f88c       0x4d ./Core/Src/main.o
 .debug_macro   0x000000000001f8d9      0x295 ./Core/Src/main.o
 .debug_macro   0x000000000001fb6e      0x126 ./Core/Src/main.o
 .debug_macro   0x000000000001fc94       0x58 ./Core/Src/main.o
 .debug_macro   0x000000000001fcec       0x16 ./Core/Src/main.o
 .debug_macro   0x000000000001fd02      0x106 ./Core/Src/main.o
 .debug_macro   0x000000000001fe08      0x15a ./Core/Src/main.o
 .debug_macro   0x000000000001ff62       0xea ./Core/Src/main.o
 .debug_macro   0x000000000002004c       0x28 ./Core/Src/main.o
 .debug_macro   0x0000000000020074       0x1f ./Core/Src/main.o
 .debug_macro   0x0000000000020093       0x12 ./Core/Src/main.o
 .debug_macro   0x00000000000200a5      0x50b ./Core/Src/main.o
 .debug_macro   0x00000000000205b0       0xc3 ./Core/Src/main.o
 .debug_macro   0x0000000000020673      0x120 ./Core/Src/main.o
 .debug_macro   0x0000000000020793       0x22 ./Core/Src/main.o
 .debug_macro   0x00000000000207b5       0xa0 ./Core/Src/main.o
 .debug_macro   0x0000000000020855      0x1f1 ./Core/Src/stm32f4xx_hal_msp.o
 .debug_macro   0x0000000000020a46      0x1e2 ./Core/Src/stm32f4xx_hal_timebase_tim.o
 .debug_macro   0x0000000000020c28      0x1fb ./Core/Src/stm32f4xx_it.o
 .debug_macro   0x0000000000020e23      0x1e2 ./Core/Src/system_stm32f4xx.o
 .debug_macro   0x0000000000021005      0x242 ./Drivers/STM32F4xx_HAL_Driver/Src/stm32f4xx_hal.o
 .debug_macro   0x0000000000021247      0x1e2 ./Drivers/STM32F4xx_HAL_Driver/Src/stm32f4xx_hal_cortex.o
 .debug_macro   0x0000000000021429      0x1e8 ./Drivers/STM32F4xx_HAL_Driver/Src/stm32f4xx_hal_gpio.o
 .debug_macro   0x0000000000021611      0x206 ./Drivers/STM32F4xx_HAL_Driver/Src/stm32f4xx_hal_rcc.o
 .debug_macro   0x0000000000021817      0x1e2 ./Drivers/STM32F4xx_HAL_Driver/Src/stm32f4xx_hal_rcc_ex.o
 .debug_macro   0x00000000000219f9      0x1e3 ./Drivers/STM32F4xx_HAL_Driver/Src/stm32f4xx_hal_tim.o
 .debug_macro   0x0000000000021bdc      0x1e2 ./Drivers/STM32F4xx_HAL_Driver/Src/stm32f4xx_hal_tim_ex.o
 .debug_macro   0x0000000000021dbe      0x1e3 ./Drivers/STM32F4xx_HAL_Driver/Src/stm32f4xx_hal_uart.o
 .debug_macro   0x0000000000021fa1      0x198 ./thirdParty/freeRTOS/list.o
 .debug_macro   0x0000000000022139      0x221 ./thirdParty/freeRTOS/queue.o
 .debug_macro   0x000000000002235a       0x16 ./thirdParty/freeRTOS/queue.o
 .debug_macro   0x0000000000022370       0x20 ./thirdParty/freeRTOS/queue.o
 .debug_macro   0x0000000000022390       0x80 ./thirdParty/freeRTOS/queue.o
 .debug_macro   0x0000000000022410      0x27e ./thirdParty/freeRTOS/tasks.o
 .debug_macro   0x000000000002268e       0x17 ./thirdParty/freeRTOS/tasks.o
 .debug_macro   0x00000000000226a5      0x1e7 ./thirdParty/freeRTOS/timers.o
 .debug_macro   0x000000000002288c       0x97 ./thirdParty/freeRTOS/timers.o
 .debug_macro   0x0000000000022923      0x19b ./thirdParty/freeRTOS/portable/GCC/ARM_CM4F/port.o
 .debug_macro   0x0000000000022abe      0x1b3 ./thirdParty/freeRTOS/portable/MemMang/heap_4.o

.debug_line     0x0000000000000000    0x13eca
 .debug_line    0x0000000000000000      0xa08 ./Core/Src/main.o
 .debug_line    0x0000000000000a08      0x71f ./Core/Src/stm32f4xx_hal_msp.o
 .debug_line    0x0000000000001127      0x74c ./Core/Src/stm32f4xx_hal_timebase_tim.o
 .debug_line    0x0000000000001873      0x76f ./Core/Src/stm32f4xx_it.o
 .debug_line    0x0000000000001fe2      0x754 ./Core/Src/system_stm32f4xx.o
 .debug_line    0x0000000000002736       0x88 ./Core/Startup/startup_stm32f446retx.o
 .debug_line    0x00000000000027be      0x9ba ./Drivers/STM32F4xx_HAL_Driver/Src/stm32f4xx_hal.o
 .debug_line    0x0000000000003178      0xc69 ./Drivers/STM32F4xx_HAL_Driver/Src/stm32f4xx_hal_cortex.o
 .debug_line    0x0000000000003de1      0xb1a ./Drivers/STM32F4xx_HAL_Driver/Src/stm32f4xx_hal_gpio.o
 .debug_line    0x00000000000048fb      0xd42 ./Drivers/STM32F4xx_HAL_Driver/Src/stm32f4xx_hal_rcc.o
 .debug_line    0x000000000000563d     0x13cd ./Drivers/STM32F4xx_HAL_Driver/Src/stm32f4xx_hal_rcc_ex.o
 .debug_line    0x0000000000006a0a     0x36ae ./Drivers/STM32F4xx_HAL_Driver/Src/stm32f4xx_hal_tim.o
 .debug_line    0x000000000000a0b8     0x19b7 ./Drivers/STM32F4xx_HAL_Driver/Src/stm32f4xx_hal_tim_ex.o
 .debug_line    0x000000000000ba6f     0x2a5f ./Drivers/STM32F4xx_HAL_Driver/Src/stm32f4xx_hal_uart.o
 .debug_line    0x000000000000e4ce      0x763 ./thirdParty/freeRTOS/list.o
 .debug_line    0x000000000000ec31     0x168c ./thirdParty/freeRTOS/queue.o
 .debug_line    0x00000000000102bd     0x1da7 ./thirdParty/freeRTOS/tasks.o
 .debug_line    0x0000000000012064      0xc6f ./thirdParty/freeRTOS/timers.o
 .debug_line    0x0000000000012cd3      0x849 ./thirdParty/freeRTOS/portable/GCC/ARM_CM4F/port.o
 .debug_line    0x000000000001351c      0x9ae ./thirdParty/freeRTOS/portable/MemMang/heap_4.o

.debug_str      0x0000000000000000    0xd9b10
 .debug_str     0x0000000000000000    0xcfd45 ./Core/Src/main.o
                                      0xd00db (size before relaxing)
 .debug_str     0x00000000000cfd45       0x66 ./Core/Src/stm32f4xx_hal_msp.o
                                      0xca883 (size before relaxing)
 .debug_str     0x00000000000cfdab      0x63b ./Core/Src/stm32f4xx_hal_timebase_tim.o
                                      0xcae4e (size before relaxing)
 .debug_str     0x00000000000d03e6       0xb9 ./Core/Src/stm32f4xx_it.o
                                      0xca818 (size before relaxing)
 .debug_str     0x00000000000d049f       0xdb ./Core/Src/system_stm32f4xx.o
                                      0xca316 (size before relaxing)
 .debug_str     0x00000000000d057a       0x36 ./Core/Startup/startup_stm32f446retx.o
                                         0x8e (size before relaxing)
 .debug_str     0x00000000000d05b0      0x5d3 ./Drivers/STM32F4xx_HAL_Driver/Src/stm32f4xx_hal.o
                                      0xcaedb (size before relaxing)
 .debug_str     0x00000000000d0b83      0x33a ./Drivers/STM32F4xx_HAL_Driver/Src/stm32f4xx_hal_cortex.o
                                      0xcabe9 (size before relaxing)
 .debug_str     0x00000000000d0ebd      0x10e ./Drivers/STM32F4xx_HAL_Driver/Src/stm32f4xx_hal_gpio.o
                                      0xca491 (size before relaxing)
 .debug_str     0x00000000000d0fcb      0x1fd ./Drivers/STM32F4xx_HAL_Driver/Src/stm32f4xx_hal_rcc.o
                                      0xca74f (size before relaxing)
 .debug_str     0x00000000000d11c8      0x324 ./Drivers/STM32F4xx_HAL_Driver/Src/stm32f4xx_hal_rcc_ex.o
                                      0xca782 (size before relaxing)
 .debug_str     0x00000000000d14ec      0xe69 ./Drivers/STM32F4xx_HAL_Driver/Src/stm32f4xx_hal_tim.o
                                      0xcb66b (size before relaxing)
 .debug_str     0x00000000000d2355      0x503 ./Drivers/STM32F4xx_HAL_Driver/Src/stm32f4xx_hal_tim_ex.o
                                      0xcae87 (size before relaxing)
 .debug_str     0x00000000000d2858      0x61c ./Drivers/STM32F4xx_HAL_Driver/Src/stm32f4xx_hal_uart.o
                                      0xcacc4 (size before relaxing)
 .debug_str     0x00000000000d2e74     0x3008 ./thirdParty/freeRTOS/list.o
                                       0xac78 (size before relaxing)
 .debug_str     0x00000000000d5e7c     0x1212 ./thirdParty/freeRTOS/queue.o
                                       0xd112 (size before relaxing)
 .debug_str     0x00000000000d708e     0x1ac6 ./thirdParty/freeRTOS/tasks.o
                                       0xdd71 (size before relaxing)
 .debug_str     0x00000000000d8b54      0x545 ./thirdParty/freeRTOS/timers.o
                                       0xd4d5 (size before relaxing)
 .debug_str     0x00000000000d9099      0x767 ./thirdParty/freeRTOS/portable/GCC/ARM_CM4F/port.o
                                       0x9764 (size before relaxing)
 .debug_str     0x00000000000d9800      0x310 ./thirdParty/freeRTOS/portable/MemMang/heap_4.o
                                       0xc141 (size before relaxing)

.comment        0x0000000000000000       0x50
 .comment       0x0000000000000000       0x50 ./Core/Src/main.o
                                         0x51 (size before relaxing)
 .comment       0x0000000000000050       0x51 ./Core/Src/stm32f4xx_hal_msp.o
 .comment       0x0000000000000050       0x51 ./Core/Src/stm32f4xx_hal_timebase_tim.o
 .comment       0x0000000000000050       0x51 ./Core/Src/stm32f4xx_it.o
 .comment       0x0000000000000050       0x51 ./Core/Src/system_stm32f4xx.o
 .comment       0x0000000000000050       0x51 ./Drivers/STM32F4xx_HAL_Driver/Src/stm32f4xx_hal.o
 .comment       0x0000000000000050       0x51 ./Drivers/STM32F4xx_HAL_Driver/Src/stm32f4xx_hal_cortex.o
 .comment       0x0000000000000050       0x51 ./Drivers/STM32F4xx_HAL_Driver/Src/stm32f4xx_hal_gpio.o
 .comment       0x0000000000000050       0x51 ./Drivers/STM32F4xx_HAL_Driver/Src/stm32f4xx_hal_rcc.o
 .comment       0x0000000000000050       0x51 ./Drivers/STM32F4xx_HAL_Driver/Src/stm32f4xx_hal_rcc_ex.o
 .comment       0x0000000000000050       0x51 ./Drivers/STM32F4xx_HAL_Driver/Src/stm32f4xx_hal_tim.o
 .comment       0x0000000000000050       0x51 ./Drivers/STM32F4xx_HAL_Driver/Src/stm32f4xx_hal_tim_ex.o
 .comment       0x0000000000000050       0x51 ./Drivers/STM32F4xx_HAL_Driver/Src/stm32f4xx_hal_uart.o
 .comment       0x0000000000000050       0x51 ./thirdParty/freeRTOS/list.o
 .comment       0x0000000000000050       0x51 ./thirdParty/freeRTOS/queue.o
 .comment       0x0000000000000050       0x51 ./thirdParty/freeRTOS/tasks.o
 .comment       0x0000000000000050       0x51 ./thirdParty/freeRTOS/timers.o
 .comment       0x0000000000000050       0x51 ./thirdParty/freeRTOS/portable/GCC/ARM_CM4F/port.o
 .comment       0x0000000000000050       0x51 ./thirdParty/freeRTOS/portable/MemMang/heap_4.o

.debug_frame    0x0000000000000000     0x475c
 .debug_frame   0x0000000000000000       0xf4 ./Core/Src/main.o
 .debug_frame   0x00000000000000f4       0x80 ./Core/Src/stm32f4xx_hal_msp.o
 .debug_frame   0x0000000000000174       0x74 ./Core/Src/stm32f4xx_hal_timebase_tim.o
 .debug_frame   0x00000000000001e8       0xc4 ./Core/Src/stm32f4xx_it.o
 .debug_frame   0x00000000000002ac       0x58 ./Core/Src/system_stm32f4xx.o
 .debug_frame   0x0000000000000304      0x374 ./Drivers/STM32F4xx_HAL_Driver/Src/stm32f4xx_hal.o
 .debug_frame   0x0000000000000678      0x498 ./Drivers/STM32F4xx_HAL_Driver/Src/stm32f4xx_hal_cortex.o
 .debug_frame   0x0000000000000b10      0x14c ./Drivers/STM32F4xx_HAL_Driver/Src/stm32f4xx_hal_gpio.o
 .debug_frame   0x0000000000000c5c      0x1f4 ./Drivers/STM32F4xx_HAL_Driver/Src/stm32f4xx_hal_rcc.o
 .debug_frame   0x0000000000000e50      0x1e8 ./Drivers/STM32F4xx_HAL_Driver/Src/stm32f4xx_hal_rcc_ex.o
 .debug_frame   0x0000000000001038     0x11c4 ./Drivers/STM32F4xx_HAL_Driver/Src/stm32f4xx_hal_tim.o
 .debug_frame   0x00000000000021fc      0x638 ./Drivers/STM32F4xx_HAL_Driver/Src/stm32f4xx_hal_tim_ex.o
 .debug_frame   0x0000000000002834      0x92c ./Drivers/STM32F4xx_HAL_Driver/Src/stm32f4xx_hal_uart.o
 .debug_frame   0x0000000000003160       0xd8 ./thirdParty/freeRTOS/list.o
 .debug_frame   0x0000000000003238      0x534 ./thirdParty/freeRTOS/queue.o
 .debug_frame   0x000000000000376c      0x8a4 ./thirdParty/freeRTOS/tasks.o
 .debug_frame   0x0000000000004010      0x3a4 ./thirdParty/freeRTOS/timers.o
 .debug_frame   0x00000000000043b4      0x1a8 ./thirdParty/freeRTOS/portable/GCC/ARM_CM4F/port.o
 .debug_frame   0x000000000000455c      0x12c ./thirdParty/freeRTOS/portable/MemMang/heap_4.o
 .debug_frame   0x0000000000004688       0x2c c:/st/stm32cubeide_1.10.1/stm32cubeide/plugins/com.st.stm32cube.ide.mcu.externaltools.gnu-tools-for-stm32.10.3-2021.10.win32_1.0.0.202111181127/tools/bin/../lib/gcc/arm-none-eabi/10.3.1/../../../../arm-none-eabi/lib/thumb/v7e-m+fp/hard\libc_nano.a(lib_a-init.o)
 .debug_frame   0x00000000000046b4       0x28 c:/st/stm32cubeide_1.10.1/stm32cubeide/plugins/com.st.stm32cube.ide.mcu.externaltools.gnu-tools-for-stm32.10.3-2021.10.win32_1.0.0.202111181127/tools/bin/../lib/gcc/arm-none-eabi/10.3.1/../../../../arm-none-eabi/lib/thumb/v7e-m+fp/hard\libc_nano.a(lib_a-memcpy-stub.o)
 .debug_frame   0x00000000000046dc       0x20 c:/st/stm32cubeide_1.10.1/stm32cubeide/plugins/com.st.stm32cube.ide.mcu.externaltools.gnu-tools-for-stm32.10.3-2021.10.win32_1.0.0.202111181127/tools/bin/../lib/gcc/arm-none-eabi/10.3.1/../../../../arm-none-eabi/lib/thumb/v7e-m+fp/hard\libc_nano.a(lib_a-memset.o)
 .debug_frame   0x00000000000046fc       0x2c c:/st/stm32cubeide_1.10.1/stm32cubeide/plugins/com.st.stm32cube.ide.mcu.externaltools.gnu-tools-for-stm32.10.3-2021.10.win32_1.0.0.202111181127/tools/bin/../lib/gcc/arm-none-eabi/10.3.1/thumb/v7e-m+fp/hard\libgcc.a(_aeabi_uldivmod.o)
 .debug_frame   0x0000000000004728       0x34 c:/st/stm32cubeide_1.10.1/stm32cubeide/plugins/com.st.stm32cube.ide.mcu.externaltools.gnu-tools-for-stm32.10.3-2021.10.win32_1.0.0.202111181127/tools/bin/../lib/gcc/arm-none-eabi/10.3.1/thumb/v7e-m+fp/hard\libgcc.a(_udivmoddi4.o)
